###############################################################################
#
# IAR ELF Linker V7.80.2.11947/W32 for ARM                13/Dec/2017  15:05:53
# Copyright 2007-2016 IAR Systems AB.
#
#    Output file  =  
#        D:\workspace\TBOX-hengyi\firmware\codeV2.0\iar\Debug\Exe\Tbox.out
#    Map file     =  
#        D:\workspace\TBOX-hengyi\firmware\codeV2.0\iar\Debug\List\Tbox.map
#    Command line =  
#        D:\workspace\TBOX-hengyi\firmware\codeV2.0\iar\Debug\Obj\ACC_Detect.o
#        D:\workspace\TBOX-hengyi\firmware\codeV2.0\iar\Debug\Obj\adc.o
#        D:\workspace\TBOX-hengyi\firmware\codeV2.0\iar\Debug\Obj\aes.o
#        D:\workspace\TBOX-hengyi\firmware\codeV2.0\iar\Debug\Obj\aesni.o
#        D:\workspace\TBOX-hengyi\firmware\codeV2.0\iar\Debug\Obj\BMS_Detect.o
#        D:\workspace\TBOX-hengyi\firmware\codeV2.0\iar\Debug\Obj\board.o
#        D:\workspace\TBOX-hengyi\firmware\codeV2.0\iar\Debug\Obj\Can_Hw.o
#        D:\workspace\TBOX-hengyi\firmware\codeV2.0\iar\Debug\Obj\clock_config.o
#        D:\workspace\TBOX-hengyi\firmware\codeV2.0\iar\Debug\Obj\clock_mcg.o
#        D:\workspace\TBOX-hengyi\firmware\codeV2.0\iar\Debug\Obj\crc_ccitt.o
#        D:\workspace\TBOX-hengyi\firmware\codeV2.0\iar\Debug\Obj\croutine.o
#        D:\workspace\TBOX-hengyi\firmware\codeV2.0\iar\Debug\Obj\delay.o
#        D:\workspace\TBOX-hengyi\firmware\codeV2.0\iar\Debug\Obj\diag_task.o
#        D:\workspace\TBOX-hengyi\firmware\codeV2.0\iar\Debug\Obj\event_groups.o
#        D:\workspace\TBOX-hengyi\firmware\codeV2.0\iar\Debug\Obj\ExtBatt_Detect.o
#        D:\workspace\TBOX-hengyi\firmware\codeV2.0\iar\Debug\Obj\fsl_adc16.o
#        D:\workspace\TBOX-hengyi\firmware\codeV2.0\iar\Debug\Obj\fsl_clock.o
#        D:\workspace\TBOX-hengyi\firmware\codeV2.0\iar\Debug\Obj\fsl_common.o
#        D:\workspace\TBOX-hengyi\firmware\codeV2.0\iar\Debug\Obj\fsl_debug_console.o
#        D:\workspace\TBOX-hengyi\firmware\codeV2.0\iar\Debug\Obj\fsl_dma_manager.o
#        D:\workspace\TBOX-hengyi\firmware\codeV2.0\iar\Debug\Obj\fsl_dspi.o
#        D:\workspace\TBOX-hengyi\firmware\codeV2.0\iar\Debug\Obj\fsl_dspi_freertos.o
#        D:\workspace\TBOX-hengyi\firmware\codeV2.0\iar\Debug\Obj\fsl_flash.o
#        D:\workspace\TBOX-hengyi\firmware\codeV2.0\iar\Debug\Obj\fsl_flexcan.o
#        D:\workspace\TBOX-hengyi\firmware\codeV2.0\iar\Debug\Obj\fsl_flexio_uart_edma.o
#        D:\workspace\TBOX-hengyi\firmware\codeV2.0\iar\Debug\Obj\fsl_gpio.o
#        D:\workspace\TBOX-hengyi\firmware\codeV2.0\iar\Debug\Obj\fsl_llwu.o
#        D:\workspace\TBOX-hengyi\firmware\codeV2.0\iar\Debug\Obj\fsl_lptmr.o
#        D:\workspace\TBOX-hengyi\firmware\codeV2.0\iar\Debug\Obj\fsl_lpuart.o
#        D:\workspace\TBOX-hengyi\firmware\codeV2.0\iar\Debug\Obj\fsl_pdb.o
#        D:\workspace\TBOX-hengyi\firmware\codeV2.0\iar\Debug\Obj\fsl_pmc.o
#        D:\workspace\TBOX-hengyi\firmware\codeV2.0\iar\Debug\Obj\fsl_rcm.o
#        D:\workspace\TBOX-hengyi\firmware\codeV2.0\iar\Debug\Obj\fsl_rnga.o
#        D:\workspace\TBOX-hengyi\firmware\codeV2.0\iar\Debug\Obj\fsl_rtc.o
#        D:\workspace\TBOX-hengyi\firmware\codeV2.0\iar\Debug\Obj\fsl_smc.o
#        D:\workspace\TBOX-hengyi\firmware\codeV2.0\iar\Debug\Obj\fsl_uart.o
#        D:\workspace\TBOX-hengyi\firmware\codeV2.0\iar\Debug\Obj\fsl_wdog.o
#        D:\workspace\TBOX-hengyi\firmware\codeV2.0\iar\Debug\Obj\fsm.o
#        D:\workspace\TBOX-hengyi\firmware\codeV2.0\iar\Debug\Obj\gensubs.o
#        D:\workspace\TBOX-hengyi\firmware\codeV2.0\iar\Debug\Obj\GPRS.o
#        D:\workspace\TBOX-hengyi\firmware\codeV2.0\iar\Debug\Obj\gps.o
#        D:\workspace\TBOX-hengyi\firmware\codeV2.0\iar\Debug\Obj\heap_4.o
#        D:\workspace\TBOX-hengyi\firmware\codeV2.0\iar\Debug\Obj\ITHandler.o
#        D:\workspace\TBOX-hengyi\firmware\codeV2.0\iar\Debug\Obj\list.o
#        D:\workspace\TBOX-hengyi\firmware\codeV2.0\iar\Debug\Obj\lowpower.o
#        D:\workspace\TBOX-hengyi\firmware\codeV2.0\iar\Debug\Obj\main.o
#        D:\workspace\TBOX-hengyi\firmware\codeV2.0\iar\Debug\Obj\padlock.o
#        D:\workspace\TBOX-hengyi\firmware\codeV2.0\iar\Debug\Obj\param.o
#        D:\workspace\TBOX-hengyi\firmware\codeV2.0\iar\Debug\Obj\periodic.o
#        D:\workspace\TBOX-hengyi\firmware\codeV2.0\iar\Debug\Obj\port.o
#        D:\workspace\TBOX-hengyi\firmware\codeV2.0\iar\Debug\Obj\portasm.o
#        D:\workspace\TBOX-hengyi\firmware\codeV2.0\iar\Debug\Obj\power_mode_switch.o
#        D:\workspace\TBOX-hengyi\firmware\codeV2.0\iar\Debug\Obj\powerfail.o
#        D:\workspace\TBOX-hengyi\firmware\codeV2.0\iar\Debug\Obj\Psync.o
#        D:\workspace\TBOX-hengyi\firmware\codeV2.0\iar\Debug\Obj\queue.o
#        D:\workspace\TBOX-hengyi\firmware\codeV2.0\iar\Debug\Obj\record_task.o
#        D:\workspace\TBOX-hengyi\firmware\codeV2.0\iar\Debug\Obj\relays.o
#        D:\workspace\TBOX-hengyi\firmware\codeV2.0\iar\Debug\Obj\ring_buf.o
#        D:\workspace\TBOX-hengyi\firmware\codeV2.0\iar\Debug\Obj\rtc.o
#        D:\workspace\TBOX-hengyi\firmware\codeV2.0\iar\Debug\Obj\rtos.o
#        D:\workspace\TBOX-hengyi\firmware\codeV2.0\iar\Debug\Obj\spi_flash_freertos.o
#        D:\workspace\TBOX-hengyi\firmware\codeV2.0\iar\Debug\Obj\startup_MKS22F12.o
#        D:\workspace\TBOX-hengyi\firmware\codeV2.0\iar\Debug\Obj\str_lib.o
#        D:\workspace\TBOX-hengyi\firmware\codeV2.0\iar\Debug\Obj\system.o
#        D:\workspace\TBOX-hengyi\firmware\codeV2.0\iar\Debug\Obj\system_MKS22F12.o
#        D:\workspace\TBOX-hengyi\firmware\codeV2.0\iar\Debug\Obj\tasks.o
#        D:\workspace\TBOX-hengyi\firmware\codeV2.0\iar\Debug\Obj\TelmProtocol.o
#        D:\workspace\TBOX-hengyi\firmware\codeV2.0\iar\Debug\Obj\timer.o
#        D:\workspace\TBOX-hengyi\firmware\codeV2.0\iar\Debug\Obj\timers.o
#        D:\workspace\TBOX-hengyi\firmware\codeV2.0\iar\Debug\Obj\uart.o
#        D:\workspace\TBOX-hengyi\firmware\codeV2.0\iar\Debug\Obj\vehicle.o
#        D:\workspace\TBOX-hengyi\firmware\codeV2.0\iar\Debug\Obj\wdog.o
#        --redirect _Printf=_PrintfSmall --redirect _Scanf=_ScanfSmall -o
#        D:\workspace\TBOX-hengyi\firmware\codeV2.0\iar\Debug\Exe\Tbox.out
#        --map
#        D:\workspace\TBOX-hengyi\firmware\codeV2.0\iar\Debug\List\Tbox.map
#        --config "C:\Program Files (x86)\IAR Systems\Embedded Workbench
#        7.5\arm\config\linker\NXP\MKS22xN256xxx12.icf" --semihosting --entry
#        __iar_program_start --vfe
#
###############################################################################

*******************************************************************************
*** RUNTIME MODEL ATTRIBUTES
***

CppFlavor                     = *
__Heap_Handler                = Basic
__SystemLibrary               = DLib
__dlib_dynamic_initialization = normal


*******************************************************************************
*** PLACEMENT SUMMARY
***

"A0":  place at 0x00000000 { ro section .intvec };
"P1":  place in [from 0x00000000 to 0x000003ff] |
                [from 0x00000410 to 0x0003ffff] { ro };
"P3":  place in [from 0x1fffc000 to 0x1fffffff] |
                [from 0x20000000 to 0x2000bfff] { rw, block CSTACK, block HEAP };
"P5":  place in [from 0x00000400 to 0x0000040f] { section FlashConfig };
initialize by copy { rw };

  Section             Kind        Address     Size  Object
  -------             ----        -------     ----  ------
"A0":                                        0x400
  .intvec             ro code  0x00000000    0x400  startup_MKS22F12.o [1]
                             - 0x00000400    0x400

"P5":                                         0x10
  FlashConfig         ro code  0x00000400     0x10  startup_MKS22F12.o [1]
                             - 0x00000410     0x10

"P1":                                      0x14d42
  .text               ro code  0x00000410   0x1fd8  GPRS.o [1]
  .text               ro code  0x000023e8    0xa40  uart.o [1]
  .text               ro code  0x00002e28    0xa38  queue.o [1]
  .text               ro code  0x00003860     0x24  printf.o [3]
  .text               ro code  0x00003884    0x4cc  timers.o [1]
  .text               ro code  0x00003d50    0xc40  tasks.o [1]
  .text               ro code  0x00004990    0x28c  heap_4.o [1]
  .text               ro code  0x00004c1c     0x76  ABImemcpy_unaligned.o [5]
  .text               ro code  0x00004c92     0x1e  xsscin.o [3]
  .text               ro code  0x00004cb0     0x62  memcmp_unaligned.o [5]
  .text               ro code  0x00004d12      0xa  xsprout.o [3]
  .text               ro code  0x00004d1c     0x36  strlen.o [5]
  .text               ro code  0x00004d52    0x116  str_lib.o [1]
  .text               ro code  0x00004e68     0x24  sscanf.o [3]
  .text               ro code  0x00004e8c      0x8  atoi.o [3]
  .text               ro code  0x00004e94     0x66  ABImemset.o [5]
  .rodata             const    0x00004efa      0x2  fsl_dspi.o [1]
  .text               ro code  0x00004efc      0x6  ABImemclr.o [5]
  .rodata             const    0x00004f02      0x2  fsl_flexcan.o [1]
  .text               ro code  0x00004f04     0x34  sprintf.o [3]
  .text               ro code  0x00004f38    0x24c  fsl_uart.o [1]
  .text               ro code  0x00005184    0xae8  fsl_clock.o [1]
  .text               ro code  0x00005c6c    0x25c  port.o [1]
  .text               ro code  0x00005ec8     0x9e  list.o [1]
  .rodata             const    0x00005f66      0x2  fsl_flexcan.o [1]
  .text               ro code  0x00005f68    0x7c4  xprintfsmall.o [3]
  .text               ro code  0x0000672c    0x380  rtos.o [1]
  .text               ro code  0x00006aac    0x648  xscanfsmall.o [3]
  .text               ro code  0x000070f4    0x198  xstoul.o [3]
  .text               ro code  0x0000728c     0x1c  fsl_common.o [1]
  CODE                ro code  0x000072a8     0xa8  portasm.o [1]
  .text               ro code  0x00007350     0x20  xmbtowc.o [3]
  .text               ro code  0x00007370     0x16  strchr.o [5]
  .rodata             const    0x00007386      0x2  fsl_flexcan.o [1]
  .text               ro code  0x00007388     0x58  memchr.o [5]
  .text               ro code  0x000073e0      0xa  xmbcurmax.o [3]
  .rodata             const    0x000073ea      0x2  fsl_flexcan.o [1]
  .text               ro code  0x000073ec     0xb0  xxmemxmalloc.o [3]
  .text               ro code  0x0000749c     0x1a  xwctomb.o [3]
  .rodata             const    0x000074b6      0x2  fsl_flexcan.o [1]
  .text               ro code  0x000074b8     0x80  xxmemxfree.o [3]
  .text               ro code  0x00007538     0x2e  fsl_wdog.o [1]
  .rodata             const    0x00007566      0x2  fsl_flexcan.o [1]
  .text               ro code  0x00007568    0x3d8  periodic.o [1]
  .text               ro code  0x00007940    0x226  board.o [1]
  .text               ro code  0x00007b66      0x2  startup_MKS22F12.o [1]
  .text               ro code  0x00007b68    0x460  Psync.o [1]
  .text               ro code  0x00007fc8     0x6c  system.o [1]
  .text               ro code  0x00008034     0x40  xwctob.o [3]
  .text               ro code  0x00008074     0x14  isxxx.o [3]
  .text               ro code  0x00008088     0x88  xstol.o [3]
  .text               ro code  0x00008110     0x14  tolower.o [3]
  .text               ro code  0x00008124      0xc  errno.o [3]
  .text               ro code  0x00008130     0x24  setlocale.o [3]
  .text               ro code  0x00008154     0x60  xencoding_sb.o [3]
  .text               ro code  0x000081b4     0x2c  xgetmemchunk.o [3]
  .text               ro code  0x000081e0     0x60  fsl_gpio.o [1]
  .text               ro code  0x00008240    0x204  powerfail.o [1]
  .text               ro code  0x00008444    0x15e  timer.o [1]
  .text               ro code  0x000085a2      0x2  startup_MKS22F12.o [1]
  .text               ro code  0x000085a4   0x1298  gps.o [1]
  .text               ro code  0x0000983c    0x184  BMS_Detect.o [1]
  .text               ro code  0x000099c0    0x15c  ACC_Detect.o [1]
  .text               ro code  0x00009b1c    0x15c  ExtBatt_Detect.o [1]
  .text               ro code  0x00009c78    0x49c  vehicle.o [1]
  .text               ro code  0x0000a114     0xd0  adc.o [1]
  .text               ro code  0x0000a1e4     0xfc  rtc.o [1]
  .text               ro code  0x0000a2e0    0x698  spi_flash_freertos.o [1]
  .text               ro code  0x0000a978    0x19e  fsm.o [1]
  .text               ro code  0x0000ab16      0x2  startup_MKS22F12.o [1]
  .text               ro code  0x0000ab18     0x70  gensubs.o [1]
  .text               ro code  0x0000ab88     0x14  xlocale_c.o [3]
  .text               ro code  0x0000ab9c      0xc  xlocale_c.o [3]
  .text               ro code  0x0000aba8      0x2  xtls.o [3]
  .text               ro code  0x0000abaa     0x7c  ring_buf.o [1]
  .text               ro code  0x0000ac26      0x2  startup_MKS22F12.o [1]
  .text               ro code  0x0000ac28     0x42  strcmp_unaligned.o [5]
  .text               ro code  0x0000ac6a      0x2  startup_MKS22F12.o [1]
  .text               ro code  0x0000ac6c    0x1bc  Can_Hw.o [1]
  .text               ro code  0x0000ae28    0x1c8  fsl_adc16.o [1]
  .text               ro code  0x0000aff0    0x1e6  fsl_rtc.o [1]
  .text               ro code  0x0000b1d6      0x2  startup_MKS22F12.o [1]
  .text               ro code  0x0000b1d8    0x9e0  fsl_dspi.o [1]
  .text               ro code  0x0000bbb8    0x114  fsl_dspi_freertos.o [1]
  .text               ro code  0x0000bccc    0xf08  fsl_flexcan.o [1]
  .text               ro code  0x0000cbd4   0x14c8  TelmProtocol.o [1]
  .text               ro code  0x0000e09c    0x910  param.o [1]
  .text               ro code  0x0000e9ac   0x1378  aes.o [1]
  .text               ro code  0x0000fd24    0x908  record_task.o [1]
  .text               ro code  0x0001062c     0x30  crc_ccitt.o [1]
  .text               ro code  0x0001065c   0x122c  diag_task.o [1]
  .text               ro code  0x00011888     0xe4  fsl_rnga.o [1]
  .text               ro code  0x0001196c    0x5dc  relays.o [1]
  .text               ro code  0x00011f48     0x50  lowpower.o [1]
  .text               ro code  0x00011f98    0x228  power_mode_switch.o [1]
  .text               ro code  0x000121c0    0x110  fsl_llwu.o [1]
  .text               ro code  0x000122d0     0xe8  clock_mcg.o [1]
  .text               ro code  0x000123b8    0x1b8  fsl_smc.o [1]
  .text               ro code  0x00012570    0x358  clock_config.o [1]
  .rodata             const    0x000128c8    0x200  crc_ccitt.o [1]
  .text               ro code  0x00012ac8    0x134  ITHandler.o [1]
  .text               ro code  0x00012bfc     0xce  packbits_init.o [5]
  .text               ro code  0x00012cca      0x6  abort.o [3]
  .text               ro code  0x00012cd0     0x14  exit.o [6]
  .rodata             const    0x00012ce4     0x70  rtos.o [1]
  .text               ro code  0x00012d54     0x70  main.o [1]
  .rodata             const    0x00012dc4     0x6c  fsl_flexcan.o [1]
  .rodata             const    0x00012e30     0x68  Psync.o [1]
  .rodata             const    0x00012e98     0x60  Psync.o [1]
  .rodata             const    0x00012ef8     0x58  ACC_Detect.o [1]
  .rodata             const    0x00012f50     0x58  adc.o [1]
  .rodata             const    0x00012fa8     0x58  BMS_Detect.o [1]
  .rodata             const    0x00013000     0x58  ExtBatt_Detect.o [1]
  .rodata             const    0x00013058     0x58  spi_flash_freertos.o [1]
  .rodata             const    0x000130b0     0x54  fsl_flexcan.o [1]
  .rodata             const    0x00013104     0x50  fsl_adc16.o [1]
  .rodata             const    0x00013154     0x50  fsl_clock.o [1]
  .rodata             const    0x000131a4     0x50  fsl_dspi.o [1]
  .rodata             const    0x000131f4     0x50  fsl_gpio.o [1]
  .rodata             const    0x00013244     0x50  fsl_rtc.o [1]
  .rodata             const    0x00013294     0x50  fsl_uart.o [1]
  .rodata             const    0x000132e4     0x48  Psync.o [1]
  .rodata             const    0x0001332c     0x48  vehicle.o [1]
  .rodata             const    0x00013374     0x44  fsl_flexcan.o [1]
  .rodata             const    0x000133b8     0x40  fsl_dspi.o [1]
  .rodata             const    0x000133f8     0x40  fsl_dspi.o [1]
  .rodata             const    0x00013438     0x40  fsl_uart.o [1]
  .rodata             const    0x00013478     0x40  fsl_uart.o [1]
  .rodata             const    0x000134b8     0x40  param.o [1]
  .text               ro code  0x000134f8     0x40  zero_init3.o [5]
  .rodata             const    0x00013538     0x38  TelmProtocol.o [1]
  .rodata             const    0x00013570     0x34  GPRS.o [1]
  .rodata             const    0x000135a4     0x34  GPRS.o [1]
  .rodata             const    0x000135d8     0x34  GPRS.o [1]
  .text               ro code  0x0001360c     0x34  system_MKS22F12.o [1]
  .rodata             const    0x00013640     0x30  GPRS.o [1]
  .rodata             const    0x00013670     0x30  GPRS.o [1]
  .rodata             const    0x000136a0     0x30  GPRS.o [1]
  .rodata             const    0x000136d0     0x30  GPRS.o [1]
  .rodata             const    0x00013700     0x30  GPRS.o [1]
  .rodata             const    0x00013730     0x30  GPRS.o [1]
  .rodata             const    0x00013760     0x30  GPRS.o [1]
  .rodata             const    0x00013790     0x30  GPRS.o [1]
  .rodata             const    0x000137c0     0x30  GPRS.o [1]
  .rodata             const    0x000137f0     0x30  param.o [1]
  .rodata             const    0x00013820     0x30  power_mode_switch.o [1]
  .rodata             const    0x00013850     0x2c  fsl_common.o [1]
  .rodata             const    0x0001387c     0x2c  fsl_flexcan.o [1]
  .rodata             const    0x000138a8     0x2c  fsl_flexcan.o [1]
  .rodata             const    0x000138d4     0x2c  GPRS.o [1]
  .rodata             const    0x00013900     0x2c  GPRS.o [1]
  .rodata             const    0x0001392c     0x2c  GPRS.o [1]
  .rodata             const    0x00013958     0x2c  GPRS.o [1]
  .rodata             const    0x00013984     0x2c  GPRS.o [1]
  .rodata             const    0x000139b0     0x2c  GPRS.o [1]
  .rodata             const    0x000139dc     0x2c  param.o [1]
  .rodata             const    0x00013a08     0x2c  power_mode_switch.o [1]
  .rodata             const    0x00013a34     0x2c  spi_flash_freertos.o [1]
  .rodata             const    0x00013a60     0x2c  spi_flash_freertos.o [1]
  .rodata             const    0x00013a8c     0x28  fsl_adc16.o [1]
  .rodata             const    0x00013ab4     0x28  fsl_dspi.o [1]
  .rodata             const    0x00013adc     0x28  GPRS.o [1]
  .rodata             const    0x00013b04     0x28  GPRS.o [1]
  .rodata             const    0x00013b2c     0x28  GPRS.o [1]
  .rodata             const    0x00013b54     0x28  GPRS.o [1]
  .rodata             const    0x00013b7c     0x28  GPRS.o [1]
  .rodata             const    0x00013ba4     0x28  GPRS.o [1]
  .rodata             const    0x00013bcc     0x28  GPRS.o [1]
  .rodata             const    0x00013bf4     0x28  GPRS.o [1]
  .rodata             const    0x00013c1c     0x28  GPRS.o [1]
  .rodata             const    0x00013c44     0x28  record_task.o [1]
  .rodata             const    0x00013c6c     0x28  record_task.o [1]
  .rodata             const    0x00013c94     0x28  relays.o [1]
  .rodata             const    0x00013cbc     0x28  vehicle.o [1]
  .text               ro code  0x00013ce4     0x28  data_init.o [5]
  .rodata             const    0x00013d0c     0x24  fsl_flexcan.o [1]
  .rodata             const    0x00013d30     0x24  fsl_flexcan.o [1]
  .rodata             const    0x00013d54     0x24  GPRS.o [1]
  .rodata             const    0x00013d78     0x24  GPRS.o [1]
  .rodata             const    0x00013d9c     0x24  GPRS.o [1]
  .rodata             const    0x00013dc0     0x24  GPRS.o [1]
  .rodata             const    0x00013de4     0x24  GPRS.o [1]
  .rodata             const    0x00013e08     0x24  GPRS.o [1]
  .rodata             const    0x00013e2c     0x24  GPRS.o [1]
  .rodata             const    0x00013e50     0x24  param.o [1]
  .rodata             const    0x00013e74     0x24  param.o [1]
  .rodata             const    0x00013e98     0x24  power_mode_switch.o [1]
  .rodata             const    0x00013ebc     0x24  record_task.o [1]
  .rodata             const    0x00013ee0     0x24  spi_flash_freertos.o [1]
  .rodata             const    0x00013f04     0x24  spi_flash_freertos.o [1]
  .rodata             const    0x00013f28     0x24  spi_flash_freertos.o [1]
  .rodata             const    0x00013f4c     0x24  spi_flash_freertos.o [1]
  .text               ro code  0x00013f70     0x24  startup_MKS22F12.o [1]
  .text               ro code  0x00013f94     0x22  fpinit_M.o [4]
  .iar.init_table     const    0x00013fb8     0x2c  - Linker created -
  .rodata             const    0x00013fe4      0x1  GPRS.o [1]
  .rodata             const    0x00013fe8     0x20  diag_task.o [1]
  .rodata             const    0x00014008     0x20  fsl_adc16.o [1]
  .rodata             const    0x00014028     0x20  fsl_flexcan.o [1]
  .rodata             const    0x00014048     0x20  fsl_flexcan.o [1]
  .rodata             const    0x00014068     0x20  GPRS.o [1]
  .rodata             const    0x00014088     0x20  GPRS.o [1]
  .rodata             const    0x000140a8     0x20  GPRS.o [1]
  .rodata             const    0x000140c8     0x20  GPRS.o [1]
  .rodata             const    0x000140e8     0x20  GPRS.o [1]
  .rodata             const    0x00014108     0x20  GPRS.o [1]
  .rodata             const    0x00014128     0x20  GPRS.o [1]
  .rodata             const    0x00014148     0x20  GPRS.o [1]
  .rodata             const    0x00014168     0x20  GPRS.o [1]
  .rodata             const    0x00014188     0x20  GPRS.o [1]
  .rodata             const    0x000141a8     0x20  gps.o [1]
  .rodata             const    0x000141c8     0x20  param.o [1]
  .rodata             const    0x000141e8     0x20  record_task.o [1]
  .rodata             const    0x00014208     0x20  record_task.o [1]
  .rodata             const    0x00014228     0x20  relays.o [1]
  .rodata             const    0x00014248     0x20  spi_flash_freertos.o [1]
  .rodata             const    0x00014268     0x20  spi_flash_freertos.o [1]
  .rodata             const    0x00014288     0x20  spi_flash_freertos.o [1]
  .rodata             const    0x000142a8     0x20  spi_flash_freertos.o [1]
  .rodata             const    0x000142c8     0x20  spi_flash_freertos.o [1]
  .rodata             const    0x000142e8     0x20  spi_flash_freertos.o [1]
  .rodata             const    0x00014308     0x20  spi_flash_freertos.o [1]
  .rodata             const    0x00014328     0x20  TelmProtocol.o [1]
  .rodata             const    0x00014348     0x20  TelmProtocol.o [1]
  .rodata             const    0x00014368     0x20  TelmProtocol.o [1]
  .rodata             const    0x00014388     0x20  TelmProtocol.o [1]
  .rodata             const    0x000143a8     0x20  TelmProtocol.o [1]
  .rodata             const    0x000143c8     0x1c  adc.o [1]
  .rodata             const    0x000143e4     0x1c  diag_task.o [1]
  .rodata             const    0x00014400     0x1c  fsl_flexcan.o [1]
  .rodata             const    0x0001441c     0x1c  fsl_flexcan.o [1]
  .rodata             const    0x00014438     0x1c  fsl_flexcan.o [1]
  .rodata             const    0x00014454     0x1c  fsl_uart.o [1]
  .rodata             const    0x00014470     0x1c  GPRS.o [1]
  .rodata             const    0x0001448c     0x1c  GPRS.o [1]
  .rodata             const    0x000144a8     0x1c  GPRS.o [1]
  .rodata             const    0x000144c4     0x1c  GPRS.o [1]
  .rodata             const    0x000144e0     0x1c  gps.o [1]
  .rodata             const    0x000144fc     0x1c  param.o [1]
  .rodata             const    0x00014518     0x1c  Psync.o [1]
  .rodata             const    0x00014534     0x1c  relays.o [1]
  .rodata             const    0x00014550     0x1c  spi_flash_freertos.o [1]
  .rodata             const    0x0001456c     0x1c  spi_flash_freertos.o [1]
  .rodata             const    0x00014588     0x1c  spi_flash_freertos.o [1]
  .rodata             const    0x000145a4     0x1c  TelmProtocol.o [1]
  .text               ro code  0x000145c0     0x1c  fsl_lpuart.o [1]
  .text               ro code  0x000145dc     0x1a  cmain.o [5]
  .text               ro code  0x000145f6      0x4  low_level_init.o [3]
  .text               ro code  0x000145fa      0x4  exit.o [3]
  .text               ro code  0x00014600      0xa  cexit.o [5]
  .rodata             const    0x0001460c     0x18  diag_task.o [1]
  .rodata             const    0x00014624     0x18  fsl_flexcan.o [1]
  .rodata             const    0x0001463c     0x18  GPRS.o [1]
  .rodata             const    0x00014654     0x18  GPRS.o [1]
  .rodata             const    0x0001466c     0x18  GPRS.o [1]
  .rodata             const    0x00014684     0x18  GPRS.o [1]
  .rodata             const    0x0001469c     0x18  GPRS.o [1]
  .rodata             const    0x000146b4     0x18  GPRS.o [1]
  .rodata             const    0x000146cc     0x18  GPRS.o [1]
  .rodata             const    0x000146e4     0x18  power_mode_switch.o [1]
  .rodata             const    0x000146fc     0x18  Psync.o [1]
  .rodata             const    0x00014714     0x18  relays.o [1]
  .rodata             const    0x0001472c     0x18  spi_flash_freertos.o [1]
  .rodata             const    0x00014744     0x18  TelmProtocol.o [1]
  .text               ro code  0x0001475c     0x16  xprout.o [3]
  .text               ro code  0x00014774      0xc  putchar.o [3]
  .rodata             const    0x00014780     0x14  fsl_dspi.o [1]
  .rodata             const    0x00014794     0x14  fsl_flexcan.o [1]
  .rodata             const    0x000147a8     0x14  fsl_flexcan.o [1]
  .rodata             const    0x000147bc     0x14  GPRS.o [1]
  .rodata             const    0x000147d0     0x14  GPRS.o [1]
  .rodata             const    0x000147e4     0x14  GPRS.o [1]
  .rodata             const    0x000147f8     0x14  GPRS.o [1]
  .rodata             const    0x0001480c     0x14  GPRS.o [1]
  .rodata             const    0x00014820     0x14  GPRS.o [1]
  .rodata             const    0x00014834     0x14  GPRS.o [1]
  .rodata             const    0x00014848     0x14  powerfail.o [1]
  .rodata             const    0x0001485c     0x14  rtos.o [1]
  .rodata             const    0x00014870     0x14  spi_flash_freertos.o [1]
  .rodata             const    0x00014884     0x14  spi_flash_freertos.o [1]
  .rodata             const    0x00014898     0x10  diag_task.o [1]
  .rodata             const    0x000148a8     0x10  diag_task.o [1]
  .rodata             const    0x000148b8     0x10  fsl_adc16.o [1]
  .rodata             const    0x000148c8     0x10  fsl_clock.o [1]
  .rodata             const    0x000148d8     0x10  fsl_clock.o [1]
  .rodata             const    0x000148e8     0x10  fsl_dspi.o [1]
  .rodata             const    0x000148f8     0x10  fsl_dspi.o [1]
  .rodata             const    0x00014908     0x10  fsl_dspi.o [1]
  .rodata             const    0x00014918     0x10  fsl_dspi.o [1]
  .rodata             const    0x00014928     0x10  fsl_rtc.o [1]
  .rodata             const    0x00014938     0x10  GPRS.o [1]
  .rodata             const    0x00014948     0x10  GPRS.o [1]
  .rodata             const    0x00014958     0x10  GPRS.o [1]
  .rodata             const    0x00014968     0x10  GPRS.o [1]
  .rodata             const    0x00014978     0x10  GPRS.o [1]
  .rodata             const    0x00014988     0x10  GPRS.o [1]
  .rodata             const    0x00014998     0x10  GPRS.o [1]
  .rodata             const    0x000149a8     0x10  GPRS.o [1]
  .rodata             const    0x000149b8     0x10  GPRS.o [1]
  .rodata             const    0x000149c8     0x10  GPRS.o [1]
  .rodata             const    0x000149d8     0x10  GPRS.o [1]
  .rodata             const    0x000149e8     0x10  GPRS.o [1]
  .rodata             const    0x000149f8     0x10  param.o [1]
  .rodata             const    0x00014a08     0x10  Psync.o [1]
  .rodata             const    0x00014a18     0x10  Psync.o [1]
  .rodata             const    0x00014a28     0x10  Psync.o [1]
  .rodata             const    0x00014a38     0x10  rtos.o [1]
  .rodata             const    0x00014a48     0x10  rtos.o [1]
  .rodata             const    0x00014a58     0x10  system.o [1]
  .rodata             const    0x00014a68      0xc  clock_config.o [1]
  .rodata             const    0x00014a74      0xc  clock_config.o [1]
  .rodata             const    0x00014a80      0xc  clock_config.o [1]
  .rodata             const    0x00014a8c      0xc  fsl_clock.o [1]
  .rodata             const    0x00014a98      0xc  fsl_rtc.o [1]
  .rodata             const    0x00014aa4      0xc  fsl_uart.o [1]
  .rodata             const    0x00014ab0      0xc  fsl_uart.o [1]
  .rodata             const    0x00014abc      0xc  GPRS.o [1]
  .rodata             const    0x00014ac8      0xc  GPRS.o [1]
  .rodata             const    0x00014ad4      0xc  GPRS.o [1]
  .rodata             const    0x00014ae0      0xc  GPRS.o [1]
  .rodata             const    0x00014aec      0xc  GPRS.o [1]
  .rodata             const    0x00014af8      0xc  GPRS.o [1]
  .rodata             const    0x00014b04      0xc  GPRS.o [1]
  .rodata             const    0x00014b10      0xc  GPRS.o [1]
  .rodata             const    0x00014b1c      0xc  GPRS.o [1]
  .rodata             const    0x00014b28      0xc  GPRS.o [1]
  .rodata             const    0x00014b34      0xc  GPRS.o [1]
  .rodata             const    0x00014b40      0xc  GPRS.o [1]
  .rodata             const    0x00014b4c      0xc  GPRS.o [1]
  .rodata             const    0x00014b58      0xc  GPRS.o [1]
  .rodata             const    0x00014b64      0xc  GPRS.o [1]
  .rodata             const    0x00014b70      0xc  GPRS.o [1]
  .rodata             const    0x00014b7c      0xc  GPRS.o [1]
  .rodata             const    0x00014b88      0xc  GPRS.o [1]
  .rodata             const    0x00014b94      0xc  GPRS.o [1]
  .rodata             const    0x00014ba0      0xc  GPRS.o [1]
  .rodata             const    0x00014bac      0xc  relays.o [1]
  .rodata             const    0x00014bb8      0xc  rtos.o [1]
  .rodata             const    0x00014bc4      0xc  rtos.o [1]
  .rodata             const    0x00014bd0      0xc  rtos.o [1]
  .rodata             const    0x00014bdc      0xc  rtos.o [1]
  .rodata             const    0x00014be8      0xc  rtos.o [1]
  .rodata             const    0x00014bf4      0xc  rtos.o [1]
  .text               ro code  0x00014c00      0xc  cstartup_M.o [5]
  .rodata             const    0x00014c0c      0x8  ACC_Detect.o [1]
  .rodata             const    0x00014c14      0x8  BMS_Detect.o [1]
  .rodata             const    0x00014c1c      0x8  clock_config.o [1]
  .rodata             const    0x00014c24      0x8  clock_config.o [1]
  .rodata             const    0x00014c2c      0x8  clock_config.o [1]
  .rodata             const    0x00014c34      0x8  clock_config.o [1]
  .rodata             const    0x00014c3c      0x8  diag_task.o [1]
  .rodata             const    0x00014c44      0x8  diag_task.o [1]
  .rodata             const    0x00014c4c      0x8  diag_task.o [1]
  .rodata             const    0x00014c54      0x8  ExtBatt_Detect.o [1]
  .rodata             const    0x00014c5c      0x8  fsl_clock.o [1]
  .rodata             const    0x00014c64      0x8  fsl_dspi.o [1]
  .rodata             const    0x00014c6c      0x8  fsl_dspi.o [1]
  .rodata             const    0x00014c74      0x8  fsl_dspi.o [1]
  .rodata             const    0x00014c7c      0x8  fsl_dspi.o [1]
  .rodata             const    0x00014c84      0x8  fsl_flexcan.o [1]
  .rodata             const    0x00014c8c      0x8  fsl_flexcan.o [1]
  .rodata             const    0x00014c94      0x8  fsl_flexcan.o [1]
  .rodata             const    0x00014c9c      0x8  fsl_flexcan.o [1]
  .rodata             const    0x00014ca4      0x8  fsl_flexcan.o [1]
  .rodata             const    0x00014cac      0x8  fsl_flexcan.o [1]
  .rodata             const    0x00014cb4      0x8  fsl_flexcan.o [1]
  .rodata             const    0x00014cbc      0x8  fsl_flexcan.o [1]
  .rodata             const    0x00014cc4      0x8  fsl_gpio.o [1]
  .rodata             const    0x00014ccc      0x8  fsl_rtc.o [1]
  .rodata             const    0x00014cd4      0x8  fsl_uart.o [1]
  .rodata             const    0x00014cdc      0x8  gensubs.o [1]
  .rodata             const    0x00014ce4      0x8  gensubs.o [1]
  .rodata             const    0x00014cec      0x8  GPRS.o [1]
  .rodata             const    0x00014cf4      0x8  GPRS.o [1]
  .rodata             const    0x00014cfc      0x8  GPRS.o [1]
  .rodata             const    0x00014d04      0x8  GPRS.o [1]
  .rodata             const    0x00014d0c      0x8  GPRS.o [1]
  .rodata             const    0x00014d14      0x8  GPRS.o [1]
  .rodata             const    0x00014d1c      0x8  GPRS.o [1]
  .rodata             const    0x00014d24      0x8  GPRS.o [1]
  .rodata             const    0x00014d2c      0x8  GPRS.o [1]
  .rodata             const    0x00014d34      0x8  GPRS.o [1]
  .rodata             const    0x00014d3c      0x8  GPRS.o [1]
  .rodata             const    0x00014d44      0x8  GPRS.o [1]
  .rodata             const    0x00014d4c      0x8  gps.o [1]
  .rodata             const    0x00014d54      0x8  gps.o [1]
  .rodata             const    0x00014d5c      0x8  gps.o [1]
  .rodata             const    0x00014d64      0x8  gps.o [1]
  .rodata             const    0x00014d6c      0x8  gps.o [1]
  .rodata             const    0x00014d74      0x8  gps.o [1]
  .rodata             const    0x00014d7c      0x8  gps.o [1]
  .rodata             const    0x00014d84      0x8  gps.o [1]
  .rodata             const    0x00014d8c      0x8  spi_flash_freertos.o [1]
  .rodata             const    0x00014d94      0x8  tasks.o [1]
  .rodata             const    0x00014d9c      0x8  timers.o [1]
  .rodata             const    0x00014da4      0x8  timers.o [1]
  .text               ro code  0x00014dac      0x8  startup_MKS22F12.o [1]
  .text               ro code  0x00014db4      0x8  startup_MKS22F12.o [1]
  .text               ro code  0x00014dbc      0x8  startup_MKS22F12.o [1]
  .text               ro code  0x00014dc4      0x8  startup_MKS22F12.o [1]
  .text               ro code  0x00014dcc      0x8  startup_MKS22F12.o [1]
  .text               ro code  0x00014dd4      0x8  startup_MKS22F12.o [1]
  .text               ro code  0x00014ddc      0x8  startup_MKS22F12.o [1]
  .text               ro code  0x00014de4      0x8  startup_MKS22F12.o [1]
  .text               ro code  0x00014dec      0x8  startup_MKS22F12.o [1]
  .text               ro code  0x00014df4      0x8  startup_MKS22F12.o [1]
  .text               ro code  0x00014dfc      0x8  startup_MKS22F12.o [1]
  .text               ro code  0x00014e04      0x8  startup_MKS22F12.o [1]
  .text               ro code  0x00014e0c      0x8  startup_MKS22F12.o [1]
  .text               ro code  0x00014e14      0x8  startup_MKS22F12.o [1]
  .text               ro code  0x00014e1c      0x8  startup_MKS22F12.o [1]
  .text               ro code  0x00014e24      0x8  startup_MKS22F12.o [1]
  .text               ro code  0x00014e2c      0x8  startup_MKS22F12.o [1]
  .text               ro code  0x00014e34      0x8  startup_MKS22F12.o [1]
  .text               ro code  0x00014e3c      0x8  startup_MKS22F12.o [1]
  .text               ro code  0x00014e44      0x8  startup_MKS22F12.o [1]
  .text               ro code  0x00014e4c      0x8  startup_MKS22F12.o [1]
  .text               ro code  0x00014e54      0x8  startup_MKS22F12.o [1]
  .text               ro code  0x00014e5c      0x8  startup_MKS22F12.o [1]
  .text               ro code  0x00014e64      0x8  startup_MKS22F12.o [1]
  .text               ro code  0x00014e6c      0x8  startup_MKS22F12.o [1]
  .text               ro code  0x00014e74      0x8  startup_MKS22F12.o [1]
  .text               ro code  0x00014e7c      0x8  startup_MKS22F12.o [1]
  .text               ro code  0x00014e84      0x8  startup_MKS22F12.o [1]
  .text               ro code  0x00014e8c      0x8  startup_MKS22F12.o [1]
  .text               ro code  0x00014e94      0x8  startup_MKS22F12.o [1]
  .text               ro code  0x00014e9c      0x8  startup_MKS22F12.o [1]
  .text               ro code  0x00014ea4      0x8  startup_MKS22F12.o [1]
  .text               ro code  0x00014eac      0x8  startup_MKS22F12.o [1]
  .text               ro code  0x00014eb4      0x8  startup_MKS22F12.o [1]
  .text               ro code  0x00014ebc      0x8  startup_MKS22F12.o [1]
  .text               ro code  0x00014ec4      0x8  startup_MKS22F12.o [1]
  .text               ro code  0x00014ecc      0x8  startup_MKS22F12.o [1]
  .text               ro code  0x00014ed4      0x8  startup_MKS22F12.o [1]
  .text               ro code  0x00014edc      0x8  startup_MKS22F12.o [1]
  .text               ro code  0x00014ee4      0x8  startup_MKS22F12.o [1]
  .text               ro code  0x00014eec      0x8  startup_MKS22F12.o [1]
  .text               ro code  0x00014ef4      0x8  startup_MKS22F12.o [1]
  .text               ro code  0x00014efc      0x8  startup_MKS22F12.o [1]
  .text               ro code  0x00014f04      0x8  startup_MKS22F12.o [1]
  .text               ro code  0x00014f0c      0x8  startup_MKS22F12.o [1]
  .rodata             const    0x00014f14      0x4  ACC_Detect.o [1]
  .rodata             const    0x00014f18      0x4  BMS_Detect.o [1]
  .rodata             const    0x00014f1c      0x4  board.o [1]
  .rodata             const    0x00014f20      0x4  board.o [1]
  .rodata             const    0x00014f24      0x4  ExtBatt_Detect.o [1]
  .rodata             const    0x00014f28      0x4  fsl_adc16.o [1]
  .rodata             const    0x00014f2c      0x4  fsl_adc16.o [1]
  .rodata             const    0x00014f30      0x4  GPRS.o [1]
  .rodata             const    0x00014f34      0x4  GPRS.o [1]
  .rodata             const    0x00014f38      0x4  gps.o [1]
  .rodata             const    0x00014f3c      0x4  heap_4.o [1]
  .rodata             const    0x00014f40      0x4  periodic.o [1]
  .rodata             const    0x00014f44      0x4  port.o [1]
  .rodata             const    0x00014f48      0x4  relays.o [1]
  .rodata             const    0x00014f4c      0x4  rtos.o [1]
  .rodata             const    0x00014f50      0x4  spi_flash_freertos.o [1]
  .rodata             const    0x00014f54      0x4  spi_flash_freertos.o [1]
  .rodata             const    0x00014f58      0x4  system.o [1]
  .text               ro code  0x00014f5c      0x4  startup_MKS22F12.o [1]
  .rodata             const    0x00014f60      0x0  zero_init3.o [5]
  .rodata             const    0x00014f60      0x0  packbits_init.o [5]
  Initializer bytes   const    0x00014f60    0x1f2  <for P3 s0>
                             - 0x00015152  0x14d42

"P3", part 1 of 3:                           0x2bb
  P3 s0                        0x20000000    0x2bb  <Init block>
    .data             inited   0x20000000     0xa8  GPRS.o [1]
    __DLIB_PERTHREAD  inited   0x200000a8     0x74  setlocale.o [3]
    .data             inited   0x2000011c     0x5c  param.o [1]
    .data             inited   0x20000178     0x40  xfiles.o [3]
    .data             inited   0x200001b8     0x30  TelmProtocol.o [1]
    .data             inited   0x200001e8     0x2c  GPRS.o [1]
    .data             inited   0x20000214     0x20  gps.o [1]
    .data             inited   0x20000234     0x18  GPRS.o [1]
    .data             inited   0x2000024c     0x14  param.o [1]
    .data             inited   0x20000260     0x14  record_task.o [1]
    .data             inited   0x20000274     0x10  GPRS.o [1]
    .data             inited   0x20000284      0xc  powerfail.o [1]
    .data             inited   0x20000290      0x8  Can_Hw.o [1]
    .data             inited   0x20000298      0x4  fsl_clock.o [1]
    .data             inited   0x2000029c      0x4  fsl_clock.o [1]
    .data             inited   0x200002a0      0x4  GPRS.o [1]
    .data             inited   0x200002a4      0x4  port.o [1]
    .data             inited   0x200002a8      0x4  record_task.o [1]
    .data             inited   0x200002ac      0x4  spi_flash_freertos.o [1]
    .data             inited   0x200002b0      0x4  system_MKS22F12.o [1]
    __DLIB_PERTHREAD  inited   0x200002b4      0x4  errno.o [3]
    .data             inited   0x200002b8      0x1  diag_task.o [1]
    .data             inited   0x200002b9      0x1  gps.o [1]
    .data             inited   0x200002ba      0x1  periodic.o [1]
                             - 0x200002bb    0x2bb

"P3", part 2 of 3:                          0xa01c
  .bss                zero     0x200002bc   0x4800  heap_4.o [1]
  .bss                zero     0x20004abc   0x16dc  record_task.o [1]
  .bss                zero     0x20006198    0x774  gps.o [1]
  .bss                zero     0x2000690c    0x44c  uart.o [1]
  .bss                zero     0x20006d58    0x400  aes.o [1]
  .bss                zero     0x20007158    0x400  aes.o [1]
  .bss                zero     0x20007558    0x400  aes.o [1]
  .bss                zero     0x20007958    0x400  aes.o [1]
  .bss                zero     0x20007d58    0x400  aes.o [1]
  .bss                zero     0x20008158    0x400  aes.o [1]
  .bss                zero     0x20008558    0x400  aes.o [1]
  .bss                zero     0x20008958    0x400  aes.o [1]
  .bss                zero     0x20008d58    0x3e8  uart.o [1]
  .bss                zero     0x20009140    0x258  uart.o [1]
  .bss                zero     0x20009398    0x224  vehicle.o [1]
  .bss                zero     0x200095bc    0x100  aes.o [1]
  .bss                zero     0x200096bc    0x100  aes.o [1]
  .bss                zero     0x200097bc     0xf0  uart.o [1]
  .bss                zero     0x200098ac     0xa8  timer.o [1]
  .bss                zero     0x20009954     0x98  uart.o [1]
  .bss                zero     0x200099ec     0x98  uart.o [1]
  .bss                zero     0x20009a84     0x80  GPRS.o [1]
  .bss                zero     0x20009b04     0x78  gps.o [1]
  .bss                zero     0x20009b7c     0x74  gps.o [1]
  .bss                zero     0x20009bf0     0x74  gps.o [1]
  .bss                zero     0x20009c64     0x74  gps.o [1]
  .bss                zero     0x20009cd8     0x64  tasks.o [1]
  .bss                zero     0x20009d3c     0x64  uart.o [1]
  .bss                zero     0x20009da0     0x60  Can_Hw.o [1]
  .bss                zero     0x20009e00     0x5c  param.o [1]
  .bss                zero     0x20009e5c     0x50  queue.o [1]
  .bss                zero     0x20009eac     0x50  xfiles.o [3]
  .bss                zero     0x20009efc     0x48  diag_task.o [1]
  .bss                zero     0x20009f44     0x44  diag_task.o [1]
  .bss                zero     0x20009f88     0x40  spi_flash_freertos.o [1]
  .bss                zero     0x20009fc8     0x28  aes.o [1]
  .bss                zero     0x20009ff0     0x24  vehicle.o [1]
  .bss                zero     0x2000a014     0x1c  GPRS.o [1]
  .bss                zero     0x2000a030     0x1c  rtos.o [1]
  .bss                zero     0x2000a04c     0x1c  rtos.o [1]
  .bss                zero     0x2000a068     0x1c  rtos.o [1]
  .bss                zero     0x2000a084     0x18  param.o [1]
  .bss                zero     0x2000a09c     0x14  tasks.o [1]
  .bss                zero     0x2000a0b0     0x14  tasks.o [1]
  .bss                zero     0x2000a0c4     0x14  tasks.o [1]
  .bss                zero     0x2000a0d8     0x14  tasks.o [1]
  .bss                zero     0x2000a0ec     0x14  tasks.o [1]
  .bss                zero     0x2000a100     0x14  timers.o [1]
  .bss                zero     0x2000a114     0x14  timers.o [1]
  .bss                zero     0x2000a128     0x10  Can_Hw.o [1]
  .bss                zero     0x2000a138     0x10  Can_Hw.o [1]
  .bss                zero     0x2000a148     0x10  relays.o [1]
  .bss                zero     0x2000a158      0xc  param.o [1]
  .bss                zero     0x2000a164      0x8  ACC_Detect.o [1]
  .bss                zero     0x2000a16c      0x8  BMS_Detect.o [1]
  .bss                zero     0x2000a174      0x8  ExtBatt_Detect.o [1]
  .bss                zero     0x2000a17c      0x8  fsl_dspi.o [1]
  .bss                zero     0x2000a184      0x8  fsl_flexcan.o [1]
  .bss                zero     0x2000a18c      0x8  GPRS.o [1]
  .bss                zero     0x2000a194      0x8  GPRS.o [1]
  .bss                zero     0x2000a19c      0x8  heap_4.o [1]
  .bss                zero     0x2000a1a4      0x8  Psync.o [1]
  .bss                zero     0x2000a1ac      0x8  xxmemxmalloc.o [3]
  .bss                zero     0x2000a1b4      0x4  aes.o [1]
  .bss                zero     0x2000a1b8      0x4  diag_task.o [1]
  .bss                zero     0x2000a1bc      0x4  diag_task.o [1]
  .bss                zero     0x2000a1c0      0x4  fsl_clock.o [1]
  .bss                zero     0x2000a1c4      0x4  fsl_clock.o [1]
  .bss                zero     0x2000a1c8      0x4  fsl_dspi.o [1]
  .bss                zero     0x2000a1cc      0x4  fsl_dspi.o [1]
  .bss                zero     0x2000a1d0      0x4  fsl_lpuart.o [1]
  .bss                zero     0x2000a1d4      0x4  fsl_lpuart.o [1]
  .bss                zero     0x2000a1d8      0x4  GPRS.o [1]
  .bss                zero     0x2000a1dc      0x4  GPRS.o [1]
  .bss                zero     0x2000a1e0      0x4  GPRS.o [1]
  .bss                zero     0x2000a1e4      0x4  GPRS.o [1]
  .bss                zero     0x2000a1e8      0x4  GPRS.o [1]
  .bss                zero     0x2000a1ec      0x4  GPRS.o [1]
  .bss                zero     0x2000a1f0      0x4  GPRS.o [1]
  .bss                zero     0x2000a1f4      0x4  GPRS.o [1]
  .bss                zero     0x2000a1f8      0x4  GPRS.o [1]
  .bss                zero     0x2000a1fc      0x4  gps.o [1]
  .bss                zero     0x2000a200      0x4  gps.o [1]
  .bss                zero     0x2000a204      0x4  heap_4.o [1]
  .bss                zero     0x2000a208      0x4  heap_4.o [1]
  .bss                zero     0x2000a20c      0x4  heap_4.o [1]
  .bss                zero     0x2000a210      0x4  heap_4.o [1]
  .bss                zero     0x2000a214      0x4  periodic.o [1]
  .bss                zero     0x2000a218      0x4  periodic.o [1]
  .bss                zero     0x2000a21c      0x4  periodic.o [1]
  .bss                zero     0x2000a220      0x4  periodic.o [1]
  .bss                zero     0x2000a224      0x4  port.o [1]
  .bss                zero     0x2000a228      0x4  powerfail.o [1]
  .bss                zero     0x2000a22c      0x4  powerfail.o [1]
  .bss                zero     0x2000a230      0x4  powerfail.o [1]
  .bss                zero     0x2000a234      0x4  record_task.o [1]
  .bss                zero     0x2000a238      0x4  record_task.o [1]
  .bss                zero     0x2000a23c      0x4  record_task.o [1]
  .bss                zero     0x2000a240      0x4  record_task.o [1]
  .bss                zero     0x2000a244      0x4  record_task.o [1]
  .bss                zero     0x2000a248      0x4  record_task.o [1]
  .bss                zero     0x2000a24c      0x4  spi_flash_freertos.o [1]
  .bss                zero     0x2000a250      0x4  spi_flash_freertos.o [1]
  .bss                zero     0x2000a254      0x4  tasks.o [1]
  .bss                zero     0x2000a258      0x4  tasks.o [1]
  .bss                zero     0x2000a25c      0x4  tasks.o [1]
  .bss                zero     0x2000a260      0x4  tasks.o [1]
  .bss                zero     0x2000a264      0x4  tasks.o [1]
  .bss                zero     0x2000a268      0x4  tasks.o [1]
  .bss                zero     0x2000a26c      0x4  tasks.o [1]
  .bss                zero     0x2000a270      0x4  tasks.o [1]
  .bss                zero     0x2000a274      0x4  tasks.o [1]
  .bss                zero     0x2000a278      0x4  tasks.o [1]
  .bss                zero     0x2000a27c      0x4  tasks.o [1]
  .bss                zero     0x2000a280      0x4  tasks.o [1]
  .bss                zero     0x2000a284      0x4  tasks.o [1]
  .bss                zero     0x2000a288      0x4  tasks.o [1]
  .bss                zero     0x2000a28c      0x4  tasks.o [1]
  .bss                zero     0x2000a290      0x4  TelmProtocol.o [1]
  .bss                zero     0x2000a294      0x4  TelmProtocol.o [1]
  .bss                zero     0x2000a298      0x4  timers.o [1]
  .bss                zero     0x2000a29c      0x4  timers.o [1]
  .bss                zero     0x2000a2a0      0x4  timers.o [1]
  .bss                zero     0x2000a2a4      0x4  timers.o [1]
  .bss                zero     0x2000a2a8      0x4  timers.o [1]
  .bss                zero     0x2000a2ac      0x4  xgetmemchunk.o [3]
  .bss                zero     0x2000a2b0      0x2  GPRS.o [1]
  .bss                zero     0x2000a2b2      0x2  GPRS.o [1]
  .bss                zero     0x2000a2b4      0x2  GPRS.o [1]
  .bss                zero     0x2000a2b6      0x2  GPRS.o [1]
  .bss                zero     0x2000a2b8      0x2  powerfail.o [1]
  .bss                zero     0x2000a2ba      0x2  powerfail.o [1]
  .bss                zero     0x2000a2bc      0x2  system.o [1]
  .bss                zero     0x2000a2be      0x2  TelmProtocol.o [1]
  .bss                zero     0x2000a2c0      0x2  TelmProtocol.o [1]
  .bss                zero     0x2000a2c2      0x1  diag_task.o [1]
  .bss                zero     0x2000a2c3      0x1  diag_task.o [1]
  .bss                zero     0x2000a2c4      0x1  diag_task.o [1]
  .bss                zero     0x2000a2c5      0x1  diag_task.o [1]
  .bss                zero     0x2000a2c6      0x1  GPRS.o [1]
  .bss                zero     0x2000a2c7      0x1  GPRS.o [1]
  .bss                zero     0x2000a2c8      0x1  gps.o [1]
  .bss                zero     0x2000a2c9      0x1  gps.o [1]
  .bss                zero     0x2000a2ca      0x1  gps.o [1]
  .bss                zero     0x2000a2cb      0x1  periodic.o [1]
  .bss                zero     0x2000a2cc      0x1  port.o [1]
  .bss                zero     0x2000a2cd      0x1  powerfail.o [1]
  .bss                zero     0x2000a2ce      0x1  Psync.o [1]
  .bss                zero     0x2000a2cf      0x1  Psync.o [1]
  .bss                zero     0x2000a2d0      0x1  record_task.o [1]
  .bss                zero     0x2000a2d1      0x1  record_task.o [1]
  .bss                zero     0x2000a2d2      0x1  relays.o [1]
  .bss                zero     0x2000a2d3      0x1  rtos.o [1]
  .bss                zero     0x2000a2d4      0x1  spi_flash_freertos.o [1]
  .bss                zero     0x2000a2d5      0x1  TelmProtocol.o [1]
  .bss                zero     0x2000a2d6      0x1  vehicle.o [1]
  .bss                zero     0x2000a2d7      0x1  vehicle.o [1]
                             - 0x2000a2d8   0xa01c

"P3", part 3 of 3:                          0x1810
  .noinit             uninit   0x2000a2d8      0x4  rtos.o [1]
  .noinit             uninit   0x2000a2dc      0x4  system.o [1]
  .noinit             uninit   0x2000a2e0      0x1  system.o [1]
  CSTACK                       0x2000a2e8    0x800  <Block>
    CSTACK            uninit   0x2000a2e8    0x800  <Block tail>
  HEAP                         0x2000aae8   0x1000  <Block>
    HEAP              uninit   0x2000aae8   0x1000  <Block tail>
                             - 0x2000bae8   0x1810


*******************************************************************************
*** INIT TABLE
***

          Address     Size
          -------     ----
Zero (__iar_zero_init3)
    1 destination range, total size 0xa01c:
          0x200002bc  0xa01c

Copy/packbits (__iar_packbits_init3)
    1 source range, total size 0x1f2 (71% of destination):
          0x00014f60   0x1f2
    1 destination range, total size 0x2bb:
          0x20000000   0x2bb



*******************************************************************************
*** MODULE SUMMARY
***

    Module                 ro code  ro data  rw data
    ------                 -------  -------  -------
D:\workspace\TBOX-hengyi\firmware\codeV2.0\iar\Debug\Obj: [1]
    ACC_Detect.o               348      100        8
    BMS_Detect.o               388      100        8
    Can_Hw.o                   444        6      136
    ExtBatt_Detect.o           348      100        8
    GPRS.o                   8 152    2 923      474
    ITHandler.o                308
    Psync.o                  1 120      372       10
    TelmProtocol.o           5 320      302       61
    adc.o                      208      116
    aes.o                    4 984             8 748
    board.o                    550        8
    clock_config.o             856       68
    clock_mcg.o                232
    crc_ccitt.o                 48      512
    diag_task.o              4 652      141      153
    fsl_adc16.o                456      176
    fsl_clock.o              2 792      137       16
    fsl_common.o                28       44
    fsl_dspi.o               2 528      366       16
    fsl_dspi_freertos.o        276
    fsl_flexcan.o            3 848      708        8
    fsl_gpio.o                  96       88
    fsl_llwu.o                 272
    fsl_lpuart.o                28                 8
    fsl_rnga.o                 228
    fsl_rtc.o                  486      116
    fsl_smc.o                  440
    fsl_uart.o                 588      268
    fsl_wdog.o                  46
    fsm.o                      414
    gensubs.o                  112       16
    gps.o                    4 760      151    2 420
    heap_4.o                   652        4   18 456
    list.o                     158
    lowpower.o                  80
    main.o                     112
    param.o                  2 320      384      240
    periodic.o                 984        5       18
    port.o                     604        7        9
    portasm.o                  168
    power_mode_switch.o        552      152
    powerfail.o                516       29       29
    queue.o                  2 616                80
    record_task.o            2 312      197    5 902
    relays.o                 1 500      140       17
    ring_buf.o                 124
    rtc.o                      252
    rtos.o                     896      240       89
    spi_flash_freertos.o     1 688      711       77
    startup_MKS22F12.o       1 452
    str_lib.o                  278
    system.o                   108       20        7
    system_MKS22F12.o           52        3        4
    tasks.o                  3 136        8      260
    timer.o                    350               168
    timers.o                 1 228       16       60
    uart.o                   2 624             3 344
    vehicle.o                1 180      112      586
    ------------------------------------------------
    Total:                  71 298    8 846   41 420

command line: [2]
    ------------------------------------------------
    Total:

dl7M_tlf.a: [3]
    abort.o                      6
    atoi.o                       8
    errno.o                     12        2        4
    exit.o                       4
    isxxx.o                     20
    low_level_init.o             4
    printf.o                    36
    putchar.o                   12
    setlocale.o                 36       83      116
    sprintf.o                   52
    sscanf.o                    36
    tolower.o                   20
    xencoding_sb.o              96
    xfiles.o                             46      144
    xgetmemchunk.o              44                 4
    xlocale_c.o                 32
    xmbcurmax.o                 10
    xmbtowc.o                   32
    xprintfsmall.o           1 988
    xprout.o                    22
    xscanfsmall.o            1 608
    xsprout.o                   10
    xsscin.o                    30
    xstol.o                    136
    xstoul.o                   408
    xtls.o                       2
    xwctob.o                    64
    xwctomb.o                   26
    xxmemxfree.o               128
    xxmemxmalloc.o             176                 8
    ------------------------------------------------
    Total:                   5 058      131      276

m7M_tls.a: [4]
    fpinit_M.o                  34
    ------------------------------------------------
    Total:                      34

rt7M_tl.a: [5]
    ABImemclr.o                  6
    ABImemcpy_unaligned.o      118
    ABImemset.o                102
    cexit.o                     10
    cmain.o                     26
    cstartup_M.o                12
    data_init.o                 40
    memchr.o                    88
    memcmp_unaligned.o          98
    packbits_init.o            206
    strchr.o                    22
    strcmp_unaligned.o          66
    strlen.o                    54
    zero_init3.o                64
    ------------------------------------------------
    Total:                     912

shb_l.a: [6]
    exit.o                      20
    ------------------------------------------------
    Total:                      20

    Gaps                         4        7
    Linker created                       44    6 144
----------------------------------------------------
    Grand Total:            77 326    9 028   47 840


*******************************************************************************
*** ENTRY LIST
***

Entry                      Address    Size  Type      Object
-----                      -------    ----  ----      ------
.iar.init_table$$Base   0x00013fb8           --   Gb  - Linker created -
.iar.init_table$$Limit  0x00013fe4           --   Gb  - Linker created -
?main                   0x000145dd          Code  Gb  cmain.o [5]
ACC_ACCMonitorProcess   0x00009a8f    0x42  Code  Gb  ACC_Detect.o [1]
ACC_GetCurrentSignalLevel
                        0x00009ae1    0x18  Code  Gb  ACC_Detect.o [1]
ACC_GetStatus           0x00009ad1    0x10  Code  Gb  ACC_Detect.o [1]
ACC_InitializeMonitor   0x00009a43    0x4c  Code  Gb  ACC_Detect.o [1]
ACC_Status              0x2000a164     0x8  Data  Gb  ACC_Detect.o [1]
ADC16_EnableHardwareTrigger
                        0x0000a12b    0x1a  Code  Lc  adc.o [1]
ADC16_GetChannelConversionValue
                        0x0000a145    0x22  Code  Lc  adc.o [1]
ADC16_GetChannelStatusFlags
                        0x0000afad    0x2a  Code  Gb  fsl_adc16.o [1]
ADC16_GetDefaultConfig  0x0000af21    0x3c  Code  Gb  fsl_adc16.o [1]
ADC16_GetInstance       0x0000ae3f    0x30  Code  Lc  fsl_adc16.o [1]
ADC16_Init              0x0000ae6f    0xb2  Code  Gb  fsl_adc16.o [1]
ADC16_SetChannelConfig  0x0000af5d    0x50  Code  Gb  fsl_adc16.o [1]
ADC_Initialize          0x0000a167    0x32  Code  Gb  adc.o [1]
ADC_Read                0x0000a199    0x3a  Code  Gb  adc.o [1]
ArrayToUint16           0x0000e09d    0x1a  Code  Lc  param.o [1]
Assign_Bit              0x0000ab19    0x4a  Code  Gb  gensubs.o [1]
AtCmdQueue              0x2000a1d8     0x4  Data  Lc  GPRS.o [1]
BD_BDGSA_Msg_Decode     0x00009485    0x66  Code  Lc  gps.o [1]
BD_BDGSV_Msg_Decode     0x0000925d   0x1d0  Code  Lc  gps.o [1]
BMS_BMSMonitorProcess   0x0000990b    0x54  Code  Gb  BMS_Detect.o [1]
BMS_GetCurrentSignalLevel
                        0x00009987    0x18  Code  Gb  BMS_Detect.o [1]
BMS_GetStatus           0x0000995f    0x10  Code  Gb  BMS_Detect.o [1]
BMS_InitializeMonitor   0x000098bf    0x4c  Code  Gb  BMS_Detect.o [1]
BMS_OffSignal           0x0000997b     0xc  Code  Gb  BMS_Detect.o [1]
BMS_OnSignal            0x0000996f     0xc  Code  Gb  BMS_Detect.o [1]
BMS_Status              0x2000a16c     0x8  Data  Gb  BMS_Detect.o [1]
BOADR_IO_Init           0x00007973   0x192  Code  Gb  board.o [1]
BOADR_Init              0x00007b41    0x26  Code  Gb  board.o [1]
BOARD_BootClockHSRUN    0x000127bb    0xba  Code  Gb  clock_config.o [1]
BOARD_SetRtcClockSource
                        0x0000a257     0xe  Code  Lc  rtc.o [1]
Build_Message           0x000068df    0x18  Code  Gb  rtos.o [1]
CAN0_DriverIRQHandler   0x0000cb21    0x26  Code  Gb  fsl_flexcan.o [1]
CAN1_DriverIRQHandler   0x0000cb4d    0x26  Code  Gb  fsl_flexcan.o [1]
CAN_InitIO              0x0000ad77    0x2e  Code  Lc  Can_Hw.o [1]
CAN_Initialize          0x0000acc5    0x6e  Code  Gb  Can_Hw.o [1]
CAN_ReceiveFIFOConfig   0x0000ada5    0x64  Code  Gb  Can_Hw.o [1]
CAN_RxframeBuffer       0x2000a128    0x10  Data  Lc  Can_Hw.o [1]
CAN_SendBlocking        0x0000ad33    0x44  Code  Gb  Can_Hw.o [1]
CAN_TxFrameBuffer       0x2000a138    0x10  Data  Lc  Can_Hw.o [1]
CLOCK_BootToPeeMode     0x00005bf9    0x4c  Code  Gb  fsl_clock.o [1]
CLOCK_CONFIG_SetFlexioS0Clock
                        0x0001278d    0x18  Code  Lc  clock_config.o [1]
CLOCK_CONFIG_SetFllExtRefDiv
                        0x000127a5    0x16  Code  Lc  clock_config.o [1]
CLOCK_CONFIG_SetI2s0MasterClock
                        0x0001271b    0x72  Code  Lc  clock_config.o [1]
CLOCK_CONFIG_SetPllFllSelDivFrac
                        0x000126f7    0x24  Code  Lc  clock_config.o [1]
CLOCK_CONFIG_SetRtcClock
                        0x0001268f    0x68  Code  Lc  clock_config.o [1]
CLOCK_DisableClock      0x00012597    0x16  Code  Lc  clock_config.o [1]
CLOCK_DisableClock      0x0000519b    0x16  Code  Lc  fsl_clock.o [1]
CLOCK_DisableClock      0x0001189f    0x16  Code  Lc  fsl_rnga.o [1]
CLOCK_EnableClock       0x000099d5    0x16  Code  Lc  ACC_Detect.o [1]
CLOCK_EnableClock       0x0000a115    0x16  Code  Lc  adc.o [1]
CLOCK_EnableClock       0x00009851    0x16  Code  Lc  BMS_Detect.o [1]
CLOCK_EnableClock       0x00007941    0x16  Code  Lc  board.o [1]
CLOCK_EnableClock       0x0000ac93    0x16  Code  Lc  Can_Hw.o [1]
CLOCK_EnableClock       0x00012581    0x16  Code  Lc  clock_config.o [1]
CLOCK_EnableClock       0x00009b31    0x16  Code  Lc  ExtBatt_Detect.o [1]
CLOCK_EnableClock       0x0000ae29    0x16  Code  Lc  fsl_adc16.o [1]
CLOCK_EnableClock       0x00005185    0x16  Code  Lc  fsl_clock.o [1]
CLOCK_EnableClock       0x0000b1ef    0x16  Code  Lc  fsl_dspi.o [1]
CLOCK_EnableClock       0x0000bce3    0x16  Code  Lc  fsl_flexcan.o [1]
CLOCK_EnableClock       0x00011889    0x16  Code  Lc  fsl_rnga.o [1]
CLOCK_EnableClock       0x0000aff1    0x16  Code  Lc  fsl_rtc.o [1]
CLOCK_EnableClock       0x00004f39    0x16  Code  Lc  fsl_uart.o [1]
CLOCK_EnableClock       0x00007569    0x16  Code  Lc  periodic.o [1]
CLOCK_EnableClock       0x0000a30b    0x16  Code  Lc  spi_flash_freertos.o [1]
CLOCK_EnablePll0        0x000058a5    0x62  Code  Gb  fsl_clock.o [1]
CLOCK_EnableUsbfs0Clock
                        0x00005595    0xda  Code  Gb  fsl_clock.o [1]
CLOCK_ExternalModeToFbeModeQuick
                        0x00005b9d    0x42  Code  Gb  fsl_clock.o [1]
CLOCK_GetEr32kClkFreq   0x000053d7    0x88  Code  Gb  fsl_clock.o [1]
CLOCK_GetFixedFreqClkFreq
                        0x0000571f    0x1e  Code  Gb  fsl_clock.o [1]
CLOCK_GetFllExtRefClkFreq
                        0x0000527b    0x70  Code  Lc  fsl_clock.o [1]
CLOCK_GetFllFreq        0x000056b3    0x56  Code  Gb  fsl_clock.o [1]
CLOCK_GetFllFreq::fllFactorTable
                        0x000148d8    0x10  Data  Lc  fsl_clock.o [1]
CLOCK_GetFllRefClkFreq  0x00005311    0x20  Code  Lc  fsl_clock.o [1]
CLOCK_GetFreq           0x0000549b    0xe0  Code  Gb  fsl_clock.o [1]
CLOCK_GetInternalRefClkFreq
                        0x00005709    0x16  Code  Gb  fsl_clock.o [1]
CLOCK_GetInternalRefClkSelectFreq
                        0x000052eb    0x26  Code  Lc  fsl_clock.o [1]
CLOCK_GetMcgExtClkFreq  0x00005205    0x76  Code  Lc  fsl_clock.o [1]
CLOCK_GetOsc0ErClkDivFreq
                        0x00005395    0x42  Code  Gb  fsl_clock.o [1]
CLOCK_GetOsc0ErClkUndivFreq
                        0x0000535f    0x36  Code  Gb  fsl_clock.o [1]
CLOCK_GetOscRangeFromFreq
                        0x00005339    0x26  Code  Lc  fsl_clock.o [1]
CLOCK_GetOutClkFreq     0x0000566f    0x44  Code  Gb  fsl_clock.o [1]
CLOCK_GetPll0Freq       0x0000573d    0x3c  Code  Gb  fsl_clock.o [1]
CLOCK_GetPll0RefFreq    0x00005331     0x8  Code  Lc  fsl_clock.o [1]
CLOCK_GetPllFllSelClkFreq
                        0x0000545f    0x3c  Code  Gb  fsl_clock.o [1]
CLOCK_InitOsc0          0x00005907    0x4e  Code  Gb  fsl_clock.o [1]
CLOCK_SetClkOutClock    0x0001262f    0x16  Code  Lc  clock_config.o [1]
CLOCK_SetEr32kClock     0x000051b1    0x1a  Code  Lc  fsl_clock.o [1]
CLOCK_SetExternalRefClkConfig
                        0x00005779    0x6e  Code  Gb  fsl_clock.o [1]
CLOCK_SetFbeMode        0x00005a31    0xcc  Code  Gb  fsl_clock.o [1]
CLOCK_SetFbiMode        0x00005991    0x98  Code  Gb  fsl_clock.o [1]
CLOCK_SetFlexio0Clock   0x000125e1    0x1a  Code  Lc  clock_config.o [1]
CLOCK_SetInternalRefClkConfig
                        0x000057e7    0xbe  Code  Gb  fsl_clock.o [1]
CLOCK_SetLowPowerEnable
                        0x000122db    0x22  Code  Lc  clock_mcg.o [1]
CLOCK_SetLpi2c0Clock    0x00012615    0x1a  Code  Lc  clock_config.o [1]
CLOCK_SetLpi2c1Clock    0x0001265b    0x16  Code  Lc  clock_config.o [1]
CLOCK_SetLpuart0Clock   0x000125ad    0x1a  Code  Lc  clock_config.o [1]
CLOCK_SetPbeMode        0x00005b05    0x72  Code  Gb  fsl_clock.o [1]
CLOCK_SetPeeMode        0x00005b77    0x22  Code  Gb  fsl_clock.o [1]
CLOCK_SetPllFllSelClock
                        0x000051cb    0x1a  Code  Lc  fsl_clock.o [1]
CLOCK_SetRtcClkOutClock
                        0x00012645    0x16  Code  Lc  clock_config.o [1]
CLOCK_SetSimConfig      0x0000557b    0x1a  Code  Gb  fsl_clock.o [1]
CLOCK_SetSimSafeDivs    0x00012671     0xa  Code  Lc  clock_config.o [1]
CLOCK_SetSimSafeDivs    0x000122d1     0xa  Code  Lc  clock_mcg.o [1]
CLOCK_SetTpmClock       0x000125c7    0x1a  Code  Lc  clock_config.o [1]
CLOCK_SetTraceClock     0x000125fb    0x1a  Code  Lc  clock_config.o [1]
CLOCK_SetXtal0Freq      0x00012571     0x8  Code  Lc  clock_config.o [1]
CLOCK_SetXtal32Freq     0x00012579     0x8  Code  Lc  clock_config.o [1]
CSTACK$$Base            0x2000a2e8           --   Gb  - Linker created -
CSTACK$$Limit           0x2000aae8           --   Gb  - Linker created -
DSPI_ClearStatusFlags   0x0000b231     0x4  Code  Lc  fsl_dspi.o [1]
DSPI_CommonIRQHandler   0x0000bb0d    0x28  Code  Lc  fsl_dspi.o [1]
DSPI_DisableInterrupts  0x0000b235     0x8  Code  Lc  fsl_dspi.o [1]
DSPI_Enable             0x0000b213    0x1a  Code  Lc  fsl_dspi.o [1]
DSPI_EnableInterrupts   0x0000b6e5    0x20  Code  Gb  fsl_dspi.o [1]
DSPI_FlushFifo          0x0000b269    0x16  Code  Lc  fsl_dspi.o [1]
DSPI_GetInstance        0x0000b2a9    0x36  Code  Gb  fsl_dspi.o [1]
DSPI_GetStatusFlags     0x0000b22d     0x4  Code  Lc  fsl_dspi.o [1]
DSPI_IsMaster           0x0000b24d     0x8  Code  Lc  fsl_dspi.o [1]
DSPI_MasterGetDefaultConfig
                        0x0000b3df    0x4a  Code  Gb  fsl_dspi.o [1]
DSPI_MasterGetFormattedCommand
                        0x0000b27f    0x26  Code  Lc  fsl_dspi.o [1]
DSPI_MasterInit         0x0000b2df   0x100  Code  Gb  fsl_dspi.o [1]
DSPI_MasterSetBaudRate  0x0000b451    0xf6  Code  Gb  fsl_dspi.o [1]
DSPI_MasterSetDelayScaler
                        0x0000b547    0xaa  Code  Gb  fsl_dspi.o [1]
DSPI_MasterSetDelayTimes
                        0x0000b5f1    0xf4  Code  Gb  fsl_dspi.o [1]
DSPI_MasterTransferComplete
                        0x0000b895    0x40  Code  Lc  fsl_dspi.o [1]
DSPI_MasterTransferCreateHandle
                        0x0000b705    0x4c  Code  Gb  fsl_dspi.o [1]
DSPI_MasterTransferFillUpTxFifo
                        0x0000b8e1   0x10e  Code  Lc  fsl_dspi.o [1]
DSPI_MasterTransferHandleIRQ
                        0x0000ba01    0xe0  Code  Gb  fsl_dspi.o [1]
DSPI_MasterTransferNonBlocking
                        0x0000b815    0x80  Code  Gb  fsl_dspi.o [1]
DSPI_MasterTransferPrepare
                        0x0000b751    0xc4  Code  Lc  fsl_dspi.o [1]
DSPI_RTOS_Callback      0x0000bbb9    0x34  Code  Lc  fsl_dspi_freertos.o [1]
DSPI_RTOS_Init          0x0000bbed    0x7a  Code  Gb  fsl_dspi_freertos.o [1]
DSPI_RTOS_Transfer      0x0000bc71    0x5c  Code  Gb  fsl_dspi_freertos.o [1]
DSPI_ReadData           0x0000b2a5     0x4  Code  Lc  fsl_dspi.o [1]
DSPI_SetMasterSlaveMode
                        0x0000b23d    0x10  Code  Lc  fsl_dspi.o [1]
DSPI_SetOnePcsPolarity  0x0000b429    0x28  Code  Lc  fsl_dspi.o [1]
DSPI_StartTransfer      0x0000b255     0xa  Code  Lc  fsl_dspi.o [1]
DSPI_StopTransfer       0x0000b25f     0xa  Code  Lc  fsl_dspi.o [1]
Diag_Task               0x00010673    0x48  Code  Gb  diag_task.o [1]
DisableGlobalIRQ        0x00007539     0x8  Code  Lc  fsl_wdog.o [1]
EB_EBMonitorProcess     0x00009beb    0x54  Code  Gb  ExtBatt_Detect.o [1]
EB_InitializeMonitor    0x00009b9f    0x4c  Code  Gb  ExtBatt_Detect.o [1]
EB_OffSignal            0x00009c4b     0xc  Code  Gb  ExtBatt_Detect.o [1]
EB_OnSignal             0x00009c3f     0xc  Code  Gb  ExtBatt_Detect.o [1]
EB_Status               0x2000a174     0x8  Data  Gb  ExtBatt_Detect.o [1]
EnableGlobalIRQ         0x00007541     0x6  Code  Lc  fsl_wdog.o [1]
EnableIRQ               0x000099eb     0xe  Code  Lc  ACC_Detect.o [1]
EnableIRQ               0x00009867     0xe  Code  Lc  BMS_Detect.o [1]
EnableIRQ               0x00009b47     0xe  Code  Lc  ExtBatt_Detect.o [1]
EnableIRQ               0x0000b205     0xe  Code  Lc  fsl_dspi.o [1]
EnableIRQ               0x0000bcf9     0xe  Code  Lc  fsl_flexcan.o [1]
EnableIRQ               0x0000a1f9     0xe  Code  Lc  rtc.o [1]
EnableIRQ               0x00002467     0xe  Code  Lc  uart.o [1]
EventFucntion           0x200001e8    0x2c  Data  Lc  GPRS.o [1]
EventQueue              0x2000a1dc     0x4  Data  Lc  GPRS.o [1]
FLEXCAN_ClearMbStatusFlags
                        0x0000bd11     0x4  Code  Lc  fsl_flexcan.o [1]
FLEXCAN_ClearStatusFlags
                        0x0000bd07     0x4  Code  Lc  fsl_flexcan.o [1]
FLEXCAN_DisableInterrupts
                        0x0000bd2d    0x18  Code  Lc  fsl_flexcan.o [1]
FLEXCAN_DisableMbInterrupts
                        0x0000bd4d     0x8  Code  Lc  fsl_flexcan.o [1]
FLEXCAN_Enable          0x0000bd55    0x26  Code  Lc  fsl_flexcan.o [1]
FLEXCAN_EnableInterrupts
                        0x0000bd15    0x18  Code  Lc  fsl_flexcan.o [1]
FLEXCAN_EnableMbInterrupts
                        0x0000bd45     0x8  Code  Lc  fsl_flexcan.o [1]
FLEXCAN_EnterFrazeMode  0x0000bdb1    0x10  Code  Lc  fsl_flexcan.o [1]
FLEXCAN_ExitFrazeMode   0x0000bdc1    0x10  Code  Lc  fsl_flexcan.o [1]
FLEXCAN_GetDefaultConfig
                        0x0000c037    0x3c  Code  Gb  fsl_flexcan.o [1]
FLEXCAN_GetInstance     0x0000bd7b    0x36  Code  Gb  fsl_flexcan.o [1]
FLEXCAN_GetMbStatusFlags
                        0x0000bd0b     0x6  Code  Lc  fsl_flexcan.o [1]
FLEXCAN_Init            0x0000bf55    0xe2  Code  Gb  fsl_flexcan.o [1]
FLEXCAN_IsMbIntEnabled  0x0000be05    0x2e  Code  Lc  fsl_flexcan.o [1]
FLEXCAN_IsMbOccupied    0x0000bdd1    0x34  Code  Lc  fsl_flexcan.o [1]
FLEXCAN_ReadRxMb        0x0000c567    0xf0  Code  Gb  fsl_flexcan.o [1]
FLEXCAN_Reset           0x0000be33    0xa0  Code  Lc  fsl_flexcan.o [1]
FLEXCAN_SetBaudRate     0x0000bed3    0x82  Code  Lc  fsl_flexcan.o [1]
FLEXCAN_SetRxMbConfig   0x0000c16b    0xd8  Code  Gb  fsl_flexcan.o [1]
FLEXCAN_SetTimingConfig
                        0x0000c073    0x66  Code  Gb  fsl_flexcan.o [1]
FLEXCAN_SetTxMbConfig   0x0000c0d9    0x92  Code  Gb  fsl_flexcan.o [1]
FLEXCAN_TransferAbortReceive
                        0x0000c8e1    0x7a  Code  Gb  fsl_flexcan.o [1]
FLEXCAN_TransferAbortSend
                        0x0000c84d    0x8c  Code  Gb  fsl_flexcan.o [1]
FLEXCAN_TransferCreateHandle
                        0x0000c70b    0xcc  Code  Gb  fsl_flexcan.o [1]
FLEXCAN_TransferHandleIRQ
                        0x0000c971   0x1b0  Code  Gb  fsl_flexcan.o [1]
FLEXCAN_TransferReceiveFifoNonBlocking
                        0x0000c7e5    0x5c  Code  Gb  fsl_flexcan.o [1]
FLEXCAN_WriteTxMb       0x0000c453   0x114  Code  Gb  fsl_flexcan.o [1]
FSM_Process_CS          0x0000aaf5    0x22  Code  Gb  fsm.o [1]
FSM_Process_Evt         0x0000a979   0x17c  Code  Gb  fsm.o [1]
FSb                     0x200095bc   0x100  Data  Lc  aes.o [1]
FT0                     0x20006d58   0x400  Data  Lc  aes.o [1]
FT1                     0x20007158   0x400  Data  Lc  aes.o [1]
FT2                     0x20007558   0x400  Data  Lc  aes.o [1]
FT3                     0x20007958   0x400  Data  Lc  aes.o [1]
FlEXCAN_ReadRxFifo      0x0000c657    0x78  Code  Gb  fsl_flexcan.o [1]
FlEXCAN_SetRxFifoConfig
                        0x0000c243   0x210  Code  Gb  fsl_flexcan.o [1]
FlEXCAN_TransferSendBlocking
                        0x0000c6cf    0x3c  Code  Gb  fsl_flexcan.o [1]
FlashInfo               0x200002ac     0x4  Data  Lc  spi_flash_freertos.o [1]
GNSS_GNRMC_Msg_Decode   0x000089a3   0x2e4  Code  Lc  gps.o [1]
GPIO_PinInit            0x000081f7    0x42  Code  Gb  fsl_gpio.o [1]
GPIO_ReadPinInput       0x000099f9     0xa  Code  Lc  ACC_Detect.o [1]
GPIO_ReadPinInput       0x00009875     0xa  Code  Lc  BMS_Detect.o [1]
GPIO_ReadPinInput       0x00009b55     0xa  Code  Lc  ExtBatt_Detect.o [1]
GPIO_ReadPinInput       0x00000427     0xa  Code  Lc  GPRS.o [1]
GPIO_ReadPinInput       0x00012af1     0xa  Code  Lc  ITHandler.o [1]
GPIO_WritePinOutput     0x0001065d    0x16  Code  Lc  diag_task.o [1]
GPIO_WritePinOutput     0x000081e1    0x16  Code  Lc  fsl_gpio.o [1]
GPIO_WritePinOutput     0x00000411    0x16  Code  Lc  GPRS.o [1]
GPIO_WritePinOutput     0x000085a5    0x16  Code  Lc  gps.o [1]
GPIO_WritePinOutput     0x0000757f    0x16  Code  Lc  periodic.o [1]
GPIO_WritePinOutput     0x00007b69    0x16  Code  Lc  Psync.o [1]
GPIO_WritePinOutput     0x0001198f    0x16  Code  Lc  relays.o [1]
GPIO_WritePinOutput     0x0000a321    0x16  Code  Lc  spi_flash_freertos.o [1]
GPIO_WritePinOutput     0x00009c79    0x16  Code  Lc  vehicle.o [1]
GPS_COM_Initialize      0x000086ad    0x36  Code  Lc  gps.o [1]
GPS_Task                0x000085bb    0x84  Code  Gb  gps.o [1]
GPS_Validate_Rx_Frame_Data
                        0x00008805    0xb8  Code  Lc  gps.o [1]
GPS_update_last         0x00008675    0x38  Code  Lc  gps.o [1]
Get_Activation_Status   0x0000e21d     0x8  Code  Gb  param.o [1]
Get_Cold_Start          0x0000672d    0x14  Code  Gb  rtos.o [1]
Get_Config              0x0000e2bd    0x50  Code  Gb  param.o [1]
Get_Filed_Data_Pointer  0x00004e0b    0x30  Code  Gb  str_lib.o [1]
Get_Iccid               0x0000d067    0x3e  Code  Lc  TelmProtocol.o [1]
Get_Manufacture_Setting
                        0x0000e0e5    0xc2  Code  Gb  param.o [1]
Get_Next_Data_Len_Before_Comma
                        0x00004deb    0x20  Code  Gb  str_lib.o [1]
Get_Time                0x0000d05b     0xc  Code  Lc  TelmProtocol.o [1]
Get_backupl_Info        0x0000e415    0xfa  Code  Lc  param.o [1]
Get_config_data         0x0000e3a9    0x16  Code  Gb  param.o [1]
Get_config_secretKey    0x0000e3d9    0x1a  Code  Gb  param.o [1]
Get_default_config      0x0000e273    0x4a  Code  Lc  param.o [1]
Get_vhcl_Data_Total_Number
                        0x0000e50f     0x8  Code  Gb  param.o [1]
Gps_Rx_Data_Byte        0x000086e3   0x122  Code  Lc  gps.o [1]
Gps_Rx_Data_Byte::first_sync_ch_received
                        0x2000a2ca     0x1  Data  Lc  gps.o [1]
Gps_Rx_Data_Byte::gps_rx_buffer
                        0x20009b04    0x78  Data  Lc  gps.o [1]
Gps_Rx_Data_Byte::gps_rx_state
                        0x2000a2c8     0x1  Data  Lc  gps.o [1]
Gps_Rx_Data_Byte::rx_count
                        0x2000a2c9     0x1  Data  Lc  gps.o [1]
Gps_any_received_frames
                        0x00008961    0x16  Code  Lc  gps.o [1]
Gps_check_receive       0x000088d9    0x88  Code  Lc  gps.o [1]
Gps_received_frame      0x00008977    0x2a  Code  Lc  gps.o [1]
HEAP$$Base              0x2000aae8           --   Gb  - Linker created -
HEAP$$Limit             0x2000bae8           --   Gb  - Linker created -
HexToStr                0x00004e3b    0x2e  Code  Gb  str_lib.o [1]
HextoChar               0x00004d53    0x3a  Code  Gb  str_lib.o [1]
IOT_GetCsq              0x000022fd     0xc  Code  Gb  GPRS.o [1]
IOT_GetIccid            0x000022d9    0x1e  Code  Gb  GPRS.o [1]
IOT_GetImei             0x00002281    0x1e  Code  Gb  GPRS.o [1]
IOT_GetImsi             0x000022a9    0x1e  Code  Gb  GPRS.o [1]
IOT_GetSessionState     0x00002255    0x20  Code  Gb  GPRS.o [1]
IOT_IpClose             0x00002211    0x30  Code  Gb  GPRS.o [1]
IOT_IpNetSend           0x00001fcd    0xde  Code  Gb  GPRS.o [1]
IOT_IpOpenUnblock       0x000021c5    0x48  Code  Gb  GPRS.o [1]
IOT_IsIpTransOk         0x00002311     0xa  Code  Gb  GPRS.o [1]
IOT_IsSimReady          0x00002321     0xa  Code  Gb  GPRS.o [1]
IOT_PowerDown           0x00002171    0x44  Code  Gb  GPRS.o [1]
IOT_Task                0x00001f65    0x64  Code  Gb  GPRS.o [1]
IOT_ipConnectStateChangeNotifierRegester
                        0x00002341     0x6  Code  Gb  GPRS.o [1]
IOT_receiveDatahanlerRegester
                        0x00002331     0x6  Code  Gb  GPRS.o [1]
Idle_Task               0x000067e5    0x1c  Code  Lc  rtos.o [1]
InStream_StepRegion     0x00012bfd    0x14  Code  Lc  packbits_init.o [5]
Init_Config             0x0000e225    0x4e  Code  Lc  param.o [1]
Init_Manufacture_Setting
                        0x0000e0cf    0x16  Code  Lc  param.o [1]
Init_Param_In_Flash     0x0000e82d    0x10  Code  Lc  param.o [1]
Init_vhcl_Info          0x0000e3f3    0x22  Code  Gb  param.o [1]
LED_Get_Toggle_Period   0x00008019     0x8  Code  Gb  system.o [1]
LED_Set_Toggle_Period   0x00008011     0x8  Code  Gb  system.o [1]
LLWU_ClearExternalWakeupPinFlag
                        0x00012287    0x4a  Code  Gb  fsl_llwu.o [1]
LLWU_GetExternalWakeupPinFlag
                        0x00012237    0x50  Code  Gb  fsl_llwu.o [1]
LLWU_IRQHandler         0x00012b69    0x76  Code  Gb  ITHandler.o [1]
LLWU_SetExternalWakeupPinMode
                        0x000121c1    0x76  Code  Gb  fsl_llwu.o [1]
LPTMR0_IRQHandler       0x00012bdf     0x2  Code  Gb  ITHandler.o [1]
LPUART0_DriverIRQHandler
                        0x000145c1    0x10  Code  Gb  fsl_lpuart.o [1]
Led_Period              0x2000a2bc     0x2  Data  Lc  system.o [1]
LoadInt                 0x00006399    0x4c  Code  Lc  xprintfsmall.o [3]
Load_Param              0x0000e87d    0x44  Code  Gb  param.o [1]
MCG_SetClockHsrun       0x000122fd    0x1a  Code  Gb  clock_mcg.o [1]
MCG_SetClockRunFromHsrun
                        0x00012317    0x1a  Code  Gb  clock_mcg.o [1]
MCG_SetClockRunFromVlpr
                        0x00012331    0x32  Code  Gb  clock_mcg.o [1]
MCG_SetClockVlpr        0x00012363    0x30  Code  Gb  clock_mcg.o [1]
Micro_Go_Low_Power      0x00011f4d    0x48  Code  Gb  lowpower.o [1]
ModuleCloseSesion       0x0000089b    0x6a  Code  Lc  GPRS.o [1]
ModuleCsqCheck          0x00000905    0x2e  Code  Lc  GPRS.o [1]
ModuleInit              0x00000711    0x2e  Code  Lc  GPRS.o [1]
ModuleIpOpen            0x000007c9    0xa4  Code  Lc  GPRS.o [1]
ModulePowerDown         0x0000073f    0x2e  Code  Lc  GPRS.o [1]
ModulePowerUp           0x0000076d    0x2e  Code  Lc  GPRS.o [1]
ModuleReceiveIpData     0x00000933    0x58  Code  Lc  GPRS.o [1]
ModuleRecoverSesion     0x0000098b    0x36  Code  Lc  GPRS.o [1]
ModuleRestart           0x0000079b    0x2e  Code  Lc  GPRS.o [1]
ModuleSelfTeste         0x0000086d    0x2e  Code  Lc  GPRS.o [1]
NMEA_GNGGA_Msg_Decode   0x00008f5f   0x136  Code  Lc  gps.o [1]
NMEA_GPGLL_Msg_Decode   0x00009095     0x6  Code  Lc  gps.o [1]
[...]
prvSampleTimeNow        0x00003af5    0x28  Code  Lc  timers.o [1]
prvSampleTimeNow::xLastTime
                        0x2000a2a8     0x4  Data  Lc  timers.o [1]
prvSwitchTimerLists     0x00003c4b    0x90  Code  Lc  timers.o [1]
prvTaskExitError        0x00005c95    0x2a  Code  Lc  port.o [1]
prvTelmProt_Aes_Decrypt
                        0x0000cfb9    0x78  Code  Lc  TelmProtocol.o [1]
prvTelmProt_Aes_Encrypt
                        0x0000cec3    0xf6  Code  Lc  TelmProtocol.o [1]
prvTelmProt_ChangeKey   0x0000cbd5    0x50  Code  Lc  TelmProtocol.o [1]
prvTelmProt_Encode_AbsVal
                        0x0000d221    0x42  Code  Lc  TelmProtocol.o [1]
prvTelmProt_Encode_Alarm
                        0x0000d263    0x42  Code  Lc  TelmProtocol.o [1]
prvTelmProt_Encode_Batt_Temp
                        0x0000d2f7    0x42  Code  Lc  TelmProtocol.o [1]
prvTelmProt_Encode_Batt_Volt
                        0x0000d2b5    0x42  Code  Lc  TelmProtocol.o [1]
prvTelmProt_Encode_Chk  0x0000d031    0x2a  Code  Lc  TelmProtocol.o [1]
prvTelmProt_Encode_EcEngine
                        0x0000d191    0x42  Code  Lc  TelmProtocol.o [1]
prvTelmProt_Encode_Engine
                        0x0000d1d9     0x6  Code  Lc  TelmProtocol.o [1]
prvTelmProt_Encode_Extended
                        0x0000d33f    0x42  Code  Lc  TelmProtocol.o [1]
prvTelmProt_Encode_FuelBatt
                        0x0000d1d3     0x6  Code  Lc  TelmProtocol.o [1]
prvTelmProt_Encode_GPS  0x0000d1df    0x42  Code  Lc  TelmProtocol.o [1]
prvTelmProt_Encode_Header
                        0x0000dfc1    0x32  Code  Lc  TelmProtocol.o [1]
prvTelmProt_Encode_HeartBeat
                        0x0000d339     0x6  Code  Lc  TelmProtocol.o [1]
prvTelmProt_Encode_Login
                        0x0000d0a5    0x52  Code  Lc  TelmProtocol.o [1]
prvTelmProt_Encode_Logout
                        0x0000d0f7    0x60  Code  Lc  TelmProtocol.o [1]
prvTelmProt_Encode_Resp
                        0x0000d2a5    0x10  Code  Lc  TelmProtocol.o [1]
prvTelmProt_Encode_Vehicle
                        0x0000d157    0x3a  Code  Lc  TelmProtocol.o [1]
prvTelmProt_ParseControlCmd
                        0x0000cc25    0xa4  Code  Lc  TelmProtocol.o [1]
prvTelmProt_ParseLocatCmd
                        0x0000ccc9     0x6  Code  Lc  TelmProtocol.o [1]
prvTimerTask            0x00003a39    0x1e  Code  Lc  timers.o [1]
prvUnlockQueue          0x00003707    0x6e  Code  Lc  queue.o [1]
ps_check_can_sleep      0x00007e69     0x6  Code  Lc  Psync.o [1]
ps_check_dev_active     0x00007e63     0x6  Code  Lc  Psync.o [1]
ps_check_dev_active_user_on
                        0x00007e5d     0x6  Code  Lc  Psync.o [1]
ps_check_user_mode_condition
                        0x00007e41    0x1c  Code  Lc  Psync.o [1]
ps_chrateTImerHandler   0x00007dc1    0x16  Code  Lc  Psync.o [1]
ps_cs_awake             0x00007d21    0x98  Code  Lc  Psync.o [1]
ps_cs_eng_on            0x00007dd7    0x6a  Code  Lc  Psync.o [1]
ps_cs_idle              0x00007d01    0x20  Code  Lc  Psync.o [1]
ps_cs_root              0x00007cfd     0x4  Code  Lc  Psync.o [1]
ps_cs_sys_on            0x00007db9     0x4  Code  Lc  Psync.o [1]
ps_cs_user_on           0x00007dbd     0x4  Code  Lc  Psync.o [1]
ps_data                 0x2000a1a4     0x8  Data  Lc  Psync.o [1]
ps_entry_awake          0x00007ca3    0x28  Code  Lc  Psync.o [1]
ps_entry_eng_on         0x00007cd3    0x10  Code  Lc  Psync.o [1]
ps_entry_idle           0x00007c8f    0x14  Code  Lc  Psync.o [1]
ps_entry_root           0x00007c53    0x3c  Code  Lc  Psync.o [1]
ps_entry_sys_on         0x00007ccb     0x4  Code  Lc  Psync.o [1]
ps_entry_user_on        0x00007ccf     0x4  Code  Lc  Psync.o [1]
ps_exit_awake           0x00007ce3    0x12  Code  Lc  Psync.o [1]
ps_exit_eng_on          0x00007cf9     0x4  Code  Lc  Psync.o [1]
ps_exit_user_on         0x00007cf5     0x4  Code  Lc  Psync.o [1]
ps_restart_stdby_tmr    0x00007e89    0x28  Code  Lc  Psync.o [1]
ps_set_force_user_off   0x00007e6f     0x4  Code  Lc  Psync.o [1]
ps_set_ign_on_to_awake  0x00007eb5     0x4  Code  Lc  Psync.o [1]
ps_set_user_off_start_stdby_tmr
                        0x00007e73     0x4  Code  Lc  Psync.o [1]
ps_start_action         0x00007c3d    0x16  Code  Lc  Psync.o [1]
ps_start_stdby_tmr      0x00007e77    0x12  Code  Lc  Psync.o [1]
ps_stop_dev_on_tmr      0x00007eb1     0x4  Code  Lc  Psync.o [1]
putchar                 0x00014775     0xc  Code  Gb  putchar.o [3]
pvPortMalloc            0x00004991   0x124  Code  Gb  heap_4.o [1]
pvTaskIncrementMutexHeldCount
                        0x0000488d    0x1e  Code  Gb  tasks.o [1]
pxCurrentTCB            0x2000a254     0x4  Data  Gb  tasks.o [1]
pxCurrentTimerList      0x2000a298     0x4  Data  Lc  timers.o [1]
pxDelayedTaskList       0x2000a258     0x4  Data  Lc  tasks.o [1]
pxEnd                   0x2000a204     0x4  Data  Lc  heap_4.o [1]
pxOverflowDelayedTaskList
                        0x2000a25c     0x4  Data  Lc  tasks.o [1]
pxOverflowTimerList     0x2000a29c     0x4  Data  Lc  timers.o [1]
pxPortInitialiseStack   0x00005c6d    0x28  Code  Gb  port.o [1]
pxReadyTasksLists       0x20009cd8    0x64  Data  Lc  tasks.o [1]
pxResources             0x2000a068    0x1c  Data  Lc  rtos.o [1]
pxTaskHandle            0x2000a04c    0x1c  Data  Lc  rtos.o [1]
pxTaskQueue             0x2000a030    0x1c  Data  Lc  rtos.o [1]
queryDetecter           0x00000c43    0x52  Code  Lc  GPRS.o [1]
queryTbl                0x20000274    0x10  Data  Gb  GPRS.o [1]
realtimeSendResHandle   0x000103c1    0x38  Code  Lc  record_task.o [1]
receiveChecker          0x00001065   0x4bc  Code  Lc  GPRS.o [1]
recordInteral           0x200002a8     0x4  Data  Lc  record_task.o [1]
recordRlealtimeData     0x000102cb    0xf4  Code  Lc  record_task.o [1]
recordTimer             0x2000a234     0x4  Data  Lc  record_task.o [1]
record_event_handler    0x20000260    0x14  Data  Lc  record_task.o [1]
reset                   0x00000703     0xe  Code  Lc  GPRS.o [1]
resource_init           0x00014a48    0x10  Data  Lc  rtos.o [1]
respHandler             0x2000a290     0x4  Data  Lc  TelmProtocol.o [1]
rl_awake_to_idle        0x00011d6d   0x10a  Code  Lc  relays.o [1]
rl_check                0x00011d1b     0x2  Code  Lc  relays.o [1]
rl_check_wake_up        0x00011ee9     0x8  Code  Lc  relays.o [1]
rl_cs_awake             0x00011d33    0x2a  Code  Lc  relays.o [1]
rl_cs_idle              0x00011e77    0x20  Code  Lc  relays.o [1]
rl_cs_play              0x00011d5d    0x10  Code  Lc  relays.o [1]
rl_current_state        0x00014bac     0xc  Data  Lc  relays.o [1]
rl_data                 0x2000a2d2     0x1  Data  Lc  relays.o [1]
rl_delay_without_schedule
                        0x00011e97    0x2a  Code  Gb  relays.o [1]
rl_idle_to_awake        0x00011d1d     0xe  Code  Lc  relays.o [1]
rl_not_awake_IO         0x000119c1   0x2ac  Code  Lc  relays.o [1]
rl_play_to_awake        0x00011d2b     0x8  Code  Lc  relays.o [1]
rl_timer                0x2000a148    0x10  Data  Lc  relays.o [1]
rl_wait_for_tasks_to_suspend
                        0x00011ec1    0x28  Code  Lc  relays.o [1]
rl_wake_up              0x00011cc5     0x4  Code  Lc  relays.o [1]
rltmInfoTbl             0x20004abc  0x16dc  Data  Lc  record_task.o [1]
rnga_ReadEntropy        0x000118dd    0x22  Code  Lc  fsl_rnga.o [1]
s_adc16Bases            0x00014f28     0x4  Data  Lc  fsl_adc16.o [1]
s_adc16Clocks           0x00014f2c     0x4  Data  Gb  fsl_adc16.o [1]
s_baudratePrescaler     0x00014908    0x10  Data  Lc  fsl_dspi.o [1]
s_baudrateScaler        0x000133b8    0x40  Data  Lc  fsl_dspi.o [1]
s_delayPrescaler        0x00014918    0x10  Data  Lc  fsl_dspi.o [1]
s_delayScaler           0x000133f8    0x40  Data  Lc  fsl_dspi.o [1]
s_dspiBases             0x00014c74     0x8  Data  Lc  fsl_dspi.o [1]
s_dspiClock             0x00014c7c     0x8  Data  Lc  fsl_dspi.o [1]
s_dspiIRQ               0x00004efa     0x2  Data  Lc  fsl_dspi.o [1]
s_dspiMasterIsr         0x2000a1c8     0x4  Data  Lc  fsl_dspi.o [1]
s_dspiSlaveIsr          0x2000a1cc     0x4  Data  Lc  fsl_dspi.o [1]
s_fastIrcFreq           0x2000029c     0x4  Data  Lc  fsl_clock.o [1]
s_flexcanBases          0x00014cb4     0x8  Data  Lc  fsl_flexcan.o [1]
s_flexcanBusOffIRQ      0x000074b6     0x2  Data  Lc  fsl_flexcan.o [1]
s_flexcanClock          0x00014cbc     0x8  Data  Lc  fsl_flexcan.o [1]
s_flexcanErrorIRQ       0x000073ea     0x2  Data  Lc  fsl_flexcan.o [1]
s_flexcanHandle         0x2000a184     0x8  Data  Lc  fsl_flexcan.o [1]
s_flexcanMbIRQ          0x00007566     0x2  Data  Lc  fsl_flexcan.o [1]
s_flexcanRxWarningIRQ   0x00004f02     0x2  Data  Lc  fsl_flexcan.o [1]
s_flexcanTxWarningIRQ   0x00005f66     0x2  Data  Lc  fsl_flexcan.o [1]
s_flexcanWakeUpIRQ      0x00007386     0x2  Data  Lc  fsl_flexcan.o [1]
s_lpuartHandle          0x2000a1d0     0x4  Data  Lc  fsl_lpuart.o [1]
s_lpuartIsr             0x2000a1d4     0x4  Data  Lc  fsl_lpuart.o [1]
s_slowIrcFreq           0x20000298     0x4  Data  Lc  fsl_clock.o [1]
s_uartBases             0x00014aa4     0xc  Data  Lc  fsl_uart.o [1]
s_uartClock             0x00014ab0     0xc  Data  Lc  fsl_uart.o [1]
seed                    0x2000a1b8     0x4  Data  Lc  diag_task.o [1]
sesionState             0x2000a2c0     0x2  Data  Lc  TelmProtocol.o [1]
simConfig_BAORD_BootClockVLPR
                        0x00014c1c     0x8  Data  Gb  clock_config.o [1]
simConfig_BOARD_BootClockHSRUN
                        0x00014c24     0x8  Data  Gb  clock_config.o [1]
simConfig_BOARD_BootClockRUN
                        0x00014c34     0x8  Data  Gb  clock_config.o [1]
singleBatTmpPackge      0x0000de47    0x7a  Code  Lc  TelmProtocol.o [1]
singleBatVolPackge      0x0000dc43    0xa6  Code  Lc  TelmProtocol.o [1]
spi_cs_activate         0x0000a47d    0x10  Code  Gb  spi_flash_freertos.o [1]
spi_cs_deactivate       0x0000a48d    0x10  Code  Gb  spi_flash_freertos.o [1]
spi_flash_addr2cmd      0x0000a49d     0xc  Code  Gb  spi_flash_freertos.o [1]
spi_flash_chk_status    0x0000a51f    0x8c  Code  Gb  spi_flash_freertos.o [1]
spi_flash_deepPwrDown   0x0000a829    0x36  Code  Gb  spi_flash_freertos.o [1]
spi_flash_enable_write  0x0000a5ab    0x2a  Code  Gb  spi_flash_freertos.o [1]
spi_flash_erase_sector  0x0000a745    0x98  Code  Gb  spi_flash_freertos.o [1]
spi_flash_init          0x0000a37b   0x102  Code  Gb  spi_flash_freertos.o [1]
spi_flash_init::flashInfoOnShip
                        0x2000a250     0x4  Data  Lc  spi_flash_freertos.o [1]
spi_flash_is_ok         0x0000a8d5     0x6  Code  Gb  spi_flash_freertos.o [1]
spi_flash_read          0x0000a6f1    0x54  Code  Gb  spi_flash_freertos.o [1]
spi_flash_readid        0x0000a7dd    0x4c  Code  Gb  spi_flash_freertos.o [1]
spi_flash_rw            0x0000a4a9    0x76  Code  Gb  spi_flash_freertos.o [1]
spi_flash_write         0x0000a653    0x9e  Code  Gb  spi_flash_freertos.o [1]
spi_flash_write_page    0x0000a5d5    0x7e  Code  Gb  spi_flash_freertos.o [1]
spi_low_level_init      0x0000a85f    0x76  Code  Lc  spi_flash_freertos.o [1]
sprintf                 0x00004f05    0x34  Code  Gb  sprintf.o [3]
sscanf                  0x00004e69    0x24  Code  Gb  sscanf.o [3]
strchr                  0x00007371          Code  Gb  strchr.o [5]
strlen                  0x00004d1d          Code  Gb  strlen.o [5]
sys_sleep_request_flag  0x2000a2e0     0x1  Data  Gb  system.o [1]
sys_wakeup_src_flags    0x2000a2dc     0x4  Data  Gb  system.o [1]
telm_info_encode_table  0x00013538    0x38  Data  Lc  TelmProtocol.o [1]
test                    0x000015e9    0x24  Code  Lc  GPRS.o [1]
tmr_array               0x200098ac    0xa8  Data  Lc  timer.o [1]
tolower                 0x00008111    0x14  Code  Gb  tolower.o [3]
tree_psync              0x00012e98    0x60  Data  Gb  Psync.o [1]
tryCnt                  0x2000a2c3     0x1  Data  Lc  diag_task.o [1]
txFrameMB               0x20000290     0x8  Data  Lc  Can_Hw.o [1]
u_do_tx                 0x00002955    0xce  Code  Gb  uart.o [1]
uart0_rx_buf            0x20009954    0x98  Data  Lc  uart.o [1]
uart0_tx_buf            0x200099ec    0x98  Data  Lc  uart.o [1]
uart1_rx_buf            0x20009140   0x258  Data  Lc  uart.o [1]
uart1_tx_buf            0x20009d3c    0x64  Data  Lc  uart.o [1]
uart2_rx_buf            0x2000690c   0x44c  Data  Lc  uart.o [1]
uart2_tx_buf            0x20008d58   0x3e8  Data  Lc  uart.o [1]
uart_chan               0x200097bc    0xf0  Data  Gb  uart.o [1]
ucHeap                  0x200002bc  0x4800  Data  Lc  heap_4.o [1]
ucMaxSysCallPriority    0x2000a2cc     0x1  Data  Lc  port.o [1]
udsDataTbl              0x20009ff0    0x24  Data  Lc  vehicle.o [1]
uds_rx_buffer           0x20009efc    0x48  Data  Lc  diag_task.o [1]
uds_securityLevel       0x2000a2c2     0x1  Data  Lc  diag_task.o [1]
uds_sessionType         0x200002b8     0x1  Data  Lc  diag_task.o [1]
uds_tx_buffer           0x20009f44    0x44  Data  Lc  diag_task.o [1]
ulMaxPRIGROUPValue      0x2000a224     0x4  Data  Lc  port.o [1]
unitType                0x2000a2c4     0x1  Data  Lc  diag_task.o [1]
uploadDataTable         0x200001b8    0x30  Data  Lc  TelmProtocol.o [1]
urcDetecter             0x00000b8d    0xb6  Code  Lc  GPRS.o [1]
urcTable                0x20000000    0xa8  Data  Lc  GPRS.o [1]
uxCriticalNesting       0x200002a4     0x4  Data  Lc  port.o [1]
uxCurrentNumberOfTasks  0x2000a264     0x4  Data  Lc  tasks.o [1]
uxDeletedTasksWaitingCleanUp
                        0x2000a260     0x4  Data  Lc  tasks.o [1]
uxListRemove            0x00005f3f    0x28  Code  Gb  list.o [1]
uxPendedTicks           0x2000a274     0x4  Data  Lc  tasks.o [1]
uxQueueMessagesWaiting  0x000035e9    0x28  Code  Gb  queue.o [1]
uxSchedulerSuspended    0x2000a28c     0x4  Data  Lc  tasks.o [1]
uxTaskNumber            0x2000a280     0x4  Data  Lc  tasks.o [1]
uxTopReadyPriority      0x2000a26c     0x4  Data  Lc  tasks.o [1]
vApplicationDaemonTaskStartupHook
                        0x00006a41    0x40  Code  Gb  rtos.o [1]
vApplicationIdleHook    0x00006a27     0x8  Code  Gb  rtos.o [1]
vApplicationMallocFailedHook
                        0x00006a3f     0x2  Code  Gb  rtos.o [1]
vApplicationStackOverflowHook
                        0x00006a17    0x10  Code  Gb  rtos.o [1]
vApplicationTickHook    0x00006a2f    0x10  Code  Gb  rtos.o [1]
vGps_Get_Gps_Info       0x00008649    0x16  Code  Gb  gps.o [1]
vGps_Get_Gps_Status     0x0000863f     0xa  Code  Gb  gps.o [1]
vGps_Get_Valid_Gps_Info
                        0x0000865f    0x16  Code  Gb  gps.o [1]
vListInitialise         0x00005ec9    0x1e  Code  Gb  list.o [1]
vListInitialiseItem     0x00005ee7     0x6  Code  Gb  list.o [1]
vListInsert             0x00005f05    0x3a  Code  Gb  list.o [1]
vListInsertEnd          0x00005eed    0x18  Code  Gb  list.o [1]
vPortEnableVFP          0x00007335          Code  Gb  portasm.o [1]
vPortEnterCritical      0x00005d8b    0x3a  Code  Gb  port.o [1]
vPortExitCritical       0x00005dc5    0x32  Code  Gb  port.o [1]
vPortFree               0x00004ab5    0x7a  Code  Gb  heap_4.o [1]
vPortSetupTimerInterrupt
                        0x00005ea1    0x28  Code  Wk  port.o [1]
vPortStartFirstTask     0x0000731d          Code  Gb  portasm.o [1]
vPortValidateInterruptPriority
                        0x00005e21    0x50  Code  Gb  port.o [1]
vQueueAddToRegistry     0x000037b7    0x28  Code  Gb  queue.o [1]
vQueueDelete            0x00003611    0x28  Code  Gb  queue.o [1]
vQueueUnregisterQueue   0x000037df    0x2e  Code  Gb  queue.o [1]
vQueueWaitForMessageRestricted
                        0x00003815    0x4c  Code  Gb  queue.o [1]
vTaskDelay              0x00003f71    0x4e  Code  Gb  tasks.o [1]
vTaskMissedYield        0x000045c3     0xa  Code  Gb  tasks.o [1]
vTaskPlaceOnEventList   0x000043ed    0x34  Code  Gb  tasks.o [1]
vTaskPlaceOnEventListRestricted
                        0x00004435    0x40  Code  Gb  tasks.o [1]
vTaskPriorityInherit    0x0000472b    0xaa  Code  Gb  tasks.o [1]
vTaskSetTimeOutState    0x00004509    0x26  Code  Gb  tasks.o [1]
vTaskStartScheduler     0x00004097    0x72  Code  Gb  tasks.o [1]
vTaskSuspend            0x00003fbf    0xd8  Code  Gb  tasks.o [1]
vTaskSuspendAll         0x00004109    0x10  Code  Gb  tasks.o [1]
vTaskSwitchContext      0x00004359    0x94  Code  Gb  tasks.o [1]
vTelmProt_ParseIpData   0x0000cccf   0x1f4  Code  Gb  TelmProtocol.o [1]
voltage_data            0x20000284     0xc  Data  Lc  powerfail.o [1]
voltage_limits          0x00014848    0x14  Data  Lc  powerfail.o [1]
waitCloseOk             0x00000fa1    0x4c  Code  Lc  GPRS.o [1]
xActiveTimerList1       0x2000a100    0x14  Data  Lc  timers.o [1]
xActiveTimerList2       0x2000a114    0x14  Data  Lc  timers.o [1]
xBlockAllocatedBit      0x2000a210     0x4  Data  Lc  heap_4.o [1]
xDelayedTaskList1       0x2000a09c    0x14  Data  Lc  tasks.o [1]
xDelayedTaskList2       0x2000a0b0    0x14  Data  Lc  tasks.o [1]
xFreeBytesRemaining     0x2000a208     0x4  Data  Lc  heap_4.o [1]
xHeapStructSize         0x00014f3c     0x4  Data  Lc  heap_4.o [1]
xIdleTaskHandle         0x2000a288     0x4  Data  Lc  tasks.o [1]
xMinimumEverFreeBytesRemaining
                        0x2000a20c     0x4  Data  Lc  heap_4.o [1]
xMutex                  0x2000a24c     0x4  Data  Lc  spi_flash_freertos.o [1]
xNextTaskUnblockTime    0x2000a284     0x4  Data  Lc  tasks.o [1]
xNumOfOverflows         0x2000a27c     0x4  Data  Lc  tasks.o [1]
xPendingReadyList       0x2000a0c4    0x14  Data  Lc  tasks.o [1]
xPortStartScheduler     0x00005cbf    0xcc  Code  Gb  port.o [1]
xQueueCreateCountingSemaphore
                        0x00002f8d    0x44  Code  Gb  queue.o [1]
xQueueCreateMutex       0x00002f6d    0x20  Code  Gb  queue.o [1]
xQueueGenericCreate     0x00002ebd    0x58  Code  Gb  queue.o [1]
xQueueGenericReceive    0x00003349   0x1dc  Code  Gb  queue.o [1]
xQueueGenericReset      0x00002e29    0x94  Code  Gb  queue.o [1]
xQueueGenericSend       0x00002fd1   0x1b2  Code  Gb  queue.o [1]
xQueueGenericSendFromISR
                        0x00003183    0xee  Code  Gb  queue.o [1]
xQueueGiveFromISR       0x00003271    0xd8  Code  Gb  queue.o [1]
xQueueReceiveFromISR    0x00003525    0xc4  Code  Gb  queue.o [1]
xQueueRegistry          0x20009e5c    0x50  Data  Gb  queue.o [1]
xSchedulerRunning       0x2000a270     0x4  Data  Lc  tasks.o [1]
xStart                  0x2000a19c     0x8  Data  Lc  heap_4.o [1]
xSuspendedTaskList      0x2000a0ec    0x14  Data  Lc  tasks.o [1]
xTaskCheckForTimeOut    0x00004539    0x8a  Code  Gb  tasks.o [1]
xTaskCreate             0x00003d51    0x84  Code  Gb  tasks.o [1]
xTaskGetSchedulerState  0x00004703    0x26  Code  Gb  tasks.o [1]
xTaskGetTickCount       0x00004215     0xa  Code  Gb  tasks.o [1]
xTaskGetTickCountFromISR
                        0x0000421f    0x16  Code  Gb  tasks.o [1]
xTaskIncrementTick      0x00004235   0x124  Code  Gb  tasks.o [1]
xTaskPriorityDisinherit
                        0x000047d5    0xb8  Code  Gb  tasks.o [1]
xTaskRemoveFromEventList
                        0x00004479    0x8c  Code  Gb  tasks.o [1]
xTaskResumeAll          0x00004119    0xfc  Code  Gb  tasks.o [1]
xTasksWaitingTermination
                        0x2000a0d8    0x14  Data  Lc  tasks.o [1]
xTickCount              0x2000a268     0x4  Data  Lc  tasks.o [1]
xTimerCreate            0x000038cb    0x3a  Code  Gb  timers.o [1]
xTimerCreateTimerTask   0x00003885    0x46  Code  Gb  timers.o [1]
xTimerGenericCommand    0x00003957    0x84  Code  Gb  timers.o [1]
xTimerQueue             0x2000a2a0     0x4  Data  Lc  timers.o [1]
xTimerTaskHandle        0x2000a2a4     0x4  Data  Lc  timers.o [1]
xYieldPending           0x2000a278     0x4  Data  Lc  tasks.o [1]


[1] = D:\workspace\TBOX-hengyi\firmware\codeV2.0\iar\Debug\Obj
[2] = command line
[3] = dl7M_tlf.a
[4] = m7M_tls.a
[5] = rt7M_tl.a
[6] = shb_l.a

  77 326 bytes of readonly  code memory
   9 028 bytes of readonly  data memory
  47 840 bytes of readwrite data memory

Errors: none
Warnings: none
