###############################################################################
#
# IAR ELF Linker V7.80.2.11947/W32 for ARM                18/Dec/2017  15:35:47
# Copyright 2007-2016 IAR Systems AB.
#
#    Output file  =  
#        D:\workspace\TBOX-hengyi\firmware\codeV2.0\iar\Debug\Exe\Tbox.out
#    Map file     =  
#        D:\workspace\TBOX-hengyi\firmware\codeV2.0\iar\Debug\List\Tbox.map
#    Command line =  
#        D:\workspace\TBOX-hengyi\firmware\codeV2.0\iar\Debug\Obj\ACC_Detect.o
#        D:\workspace\TBOX-hengyi\firmware\codeV2.0\iar\Debug\Obj\adc.o
#        D:\workspace\TBOX-hengyi\firmware\codeV2.0\iar\Debug\Obj\aes.o
#        D:\workspace\TBOX-hengyi\firmware\codeV2.0\iar\Debug\Obj\aesni.o
#        D:\workspace\TBOX-hengyi\firmware\codeV2.0\iar\Debug\Obj\BMS_Detect.o
#        D:\workspace\TBOX-hengyi\firmware\codeV2.0\iar\Debug\Obj\board.o
#        D:\workspace\TBOX-hengyi\firmware\codeV2.0\iar\Debug\Obj\Can_Hw.o
#        D:\workspace\TBOX-hengyi\firmware\codeV2.0\iar\Debug\Obj\clock_config.o
#        D:\workspace\TBOX-hengyi\firmware\codeV2.0\iar\Debug\Obj\clock_mcg.o
#        D:\workspace\TBOX-hengyi\firmware\codeV2.0\iar\Debug\Obj\crc_ccitt.o
#        D:\workspace\TBOX-hengyi\firmware\codeV2.0\iar\Debug\Obj\croutine.o
#        D:\workspace\TBOX-hengyi\firmware\codeV2.0\iar\Debug\Obj\delay.o
#        D:\workspace\TBOX-hengyi\firmware\codeV2.0\iar\Debug\Obj\diag_task.o
#        D:\workspace\TBOX-hengyi\firmware\codeV2.0\iar\Debug\Obj\event_groups.o
#        D:\workspace\TBOX-hengyi\firmware\codeV2.0\iar\Debug\Obj\ExtBatt_Detect.o
#        D:\workspace\TBOX-hengyi\firmware\codeV2.0\iar\Debug\Obj\fsl_adc16.o
#        D:\workspace\TBOX-hengyi\firmware\codeV2.0\iar\Debug\Obj\fsl_clock.o
#        D:\workspace\TBOX-hengyi\firmware\codeV2.0\iar\Debug\Obj\fsl_common.o
#        D:\workspace\TBOX-hengyi\firmware\codeV2.0\iar\Debug\Obj\fsl_debug_console.o
#        D:\workspace\TBOX-hengyi\firmware\codeV2.0\iar\Debug\Obj\fsl_dma_manager.o
#        D:\workspace\TBOX-hengyi\firmware\codeV2.0\iar\Debug\Obj\fsl_dspi.o
#        D:\workspace\TBOX-hengyi\firmware\codeV2.0\iar\Debug\Obj\fsl_dspi_freertos.o
#        D:\workspace\TBOX-hengyi\firmware\codeV2.0\iar\Debug\Obj\fsl_flash.o
#        D:\workspace\TBOX-hengyi\firmware\codeV2.0\iar\Debug\Obj\fsl_flexcan.o
#        D:\workspace\TBOX-hengyi\firmware\codeV2.0\iar\Debug\Obj\fsl_flexio_uart_edma.o
#        D:\workspace\TBOX-hengyi\firmware\codeV2.0\iar\Debug\Obj\fsl_gpio.o
#        D:\workspace\TBOX-hengyi\firmware\codeV2.0\iar\Debug\Obj\fsl_llwu.o
#        D:\workspace\TBOX-hengyi\firmware\codeV2.0\iar\Debug\Obj\fsl_lptmr.o
#        D:\workspace\TBOX-hengyi\firmware\codeV2.0\iar\Debug\Obj\fsl_lpuart.o
#        D:\workspace\TBOX-hengyi\firmware\codeV2.0\iar\Debug\Obj\fsl_pdb.o
#        D:\workspace\TBOX-hengyi\firmware\codeV2.0\iar\Debug\Obj\fsl_pmc.o
#        D:\workspace\TBOX-hengyi\firmware\codeV2.0\iar\Debug\Obj\fsl_rcm.o
#        D:\workspace\TBOX-hengyi\firmware\codeV2.0\iar\Debug\Obj\fsl_rnga.o
#        D:\workspace\TBOX-hengyi\firmware\codeV2.0\iar\Debug\Obj\fsl_rtc.o
#        D:\workspace\TBOX-hengyi\firmware\codeV2.0\iar\Debug\Obj\fsl_smc.o
#        D:\workspace\TBOX-hengyi\firmware\codeV2.0\iar\Debug\Obj\fsl_uart.o
#        D:\workspace\TBOX-hengyi\firmware\codeV2.0\iar\Debug\Obj\fsl_wdog.o
#        D:\workspace\TBOX-hengyi\firmware\codeV2.0\iar\Debug\Obj\fsm.o
#        D:\workspace\TBOX-hengyi\firmware\codeV2.0\iar\Debug\Obj\gensubs.o
#        D:\workspace\TBOX-hengyi\firmware\codeV2.0\iar\Debug\Obj\GPRS.o
#        D:\workspace\TBOX-hengyi\firmware\codeV2.0\iar\Debug\Obj\gps.o
#        D:\workspace\TBOX-hengyi\firmware\codeV2.0\iar\Debug\Obj\heap_4.o
#        D:\workspace\TBOX-hengyi\firmware\codeV2.0\iar\Debug\Obj\ITHandler.o
#        D:\workspace\TBOX-hengyi\firmware\codeV2.0\iar\Debug\Obj\list.o
#        D:\workspace\TBOX-hengyi\firmware\codeV2.0\iar\Debug\Obj\lowpower.o
#        D:\workspace\TBOX-hengyi\firmware\codeV2.0\iar\Debug\Obj\main.o
#        D:\workspace\TBOX-hengyi\firmware\codeV2.0\iar\Debug\Obj\padlock.o
#        D:\workspace\TBOX-hengyi\firmware\codeV2.0\iar\Debug\Obj\param.o
#        D:\workspace\TBOX-hengyi\firmware\codeV2.0\iar\Debug\Obj\periodic.o
#        D:\workspace\TBOX-hengyi\firmware\codeV2.0\iar\Debug\Obj\port.o
#        D:\workspace\TBOX-hengyi\firmware\codeV2.0\iar\Debug\Obj\portasm.o
#        D:\workspace\TBOX-hengyi\firmware\codeV2.0\iar\Debug\Obj\power_mode_switch.o
#        D:\workspace\TBOX-hengyi\firmware\codeV2.0\iar\Debug\Obj\powerfail.o
#        D:\workspace\TBOX-hengyi\firmware\codeV2.0\iar\Debug\Obj\Psync.o
#        D:\workspace\TBOX-hengyi\firmware\codeV2.0\iar\Debug\Obj\queue.o
#        D:\workspace\TBOX-hengyi\firmware\codeV2.0\iar\Debug\Obj\record_task.o
#        D:\workspace\TBOX-hengyi\firmware\codeV2.0\iar\Debug\Obj\relays.o
#        D:\workspace\TBOX-hengyi\firmware\codeV2.0\iar\Debug\Obj\ring_buf.o
#        D:\workspace\TBOX-hengyi\firmware\codeV2.0\iar\Debug\Obj\rtc.o
#        D:\workspace\TBOX-hengyi\firmware\codeV2.0\iar\Debug\Obj\rtos.o
#        D:\workspace\TBOX-hengyi\firmware\codeV2.0\iar\Debug\Obj\spi_flash_freertos.o
#        D:\workspace\TBOX-hengyi\firmware\codeV2.0\iar\Debug\Obj\startup_MKS22F12.o
#        D:\workspace\TBOX-hengyi\firmware\codeV2.0\iar\Debug\Obj\str_lib.o
#        D:\workspace\TBOX-hengyi\firmware\codeV2.0\iar\Debug\Obj\system.o
#        D:\workspace\TBOX-hengyi\firmware\codeV2.0\iar\Debug\Obj\system_MKS22F12.o
#        D:\workspace\TBOX-hengyi\firmware\codeV2.0\iar\Debug\Obj\tasks.o
#        D:\workspace\TBOX-hengyi\firmware\codeV2.0\iar\Debug\Obj\TelmProtocol.o
#        D:\workspace\TBOX-hengyi\firmware\codeV2.0\iar\Debug\Obj\timer.o
#        D:\workspace\TBOX-hengyi\firmware\codeV2.0\iar\Debug\Obj\timers.o
#        D:\workspace\TBOX-hengyi\firmware\codeV2.0\iar\Debug\Obj\uart.o
#        D:\workspace\TBOX-hengyi\firmware\codeV2.0\iar\Debug\Obj\vehicle.o
#        D:\workspace\TBOX-hengyi\firmware\codeV2.0\iar\Debug\Obj\wdog.o
#        --redirect _Printf=_PrintfSmall --redirect _Scanf=_ScanfSmall -o
#        D:\workspace\TBOX-hengyi\firmware\codeV2.0\iar\Debug\Exe\Tbox.out
#        --map
#        D:\workspace\TBOX-hengyi\firmware\codeV2.0\iar\Debug\List\Tbox.map
#        --config "C:\Program Files (x86)\IAR Systems\Embedded Workbench
#        7.5\arm\config\linker\NXP\MKS22xN256xxx12.icf" --semihosting --entry
#        __iar_program_start --vfe
#
###############################################################################

*******************************************************************************
*** RUNTIME MODEL ATTRIBUTES
***

CppFlavor                     = *
__Heap_Handler                = Basic
__SystemLibrary               = DLib
__dlib_dynamic_initialization = normal


*******************************************************************************
*** PLACEMENT SUMMARY
***

"A0":  place at 0x00000000 { ro section .intvec };
"P1":  place in [from 0x00000000 to 0x000003ff] |
                [from 0x00000410 to 0x0003ffff] { ro };
"P3":  place in [from 0x1fffc000 to 0x1fffffff] |
                [from 0x20000000 to 0x2000bfff] { rw, block CSTACK, block HEAP };
"P5":  place in [from 0x00000400 to 0x0000040f] { section FlashConfig };
initialize by copy { rw };

  Section             Kind        Address     Size  Object
  -------             ----        -------     ----  ------
"A0":                                        0x400
  .intvec             ro code  0x00000000    0x400  startup_MKS22F12.o [1]
                             - 0x00000400    0x400

"P5":                                         0x10
  FlashConfig         ro code  0x00000400     0x10  startup_MKS22F12.o [1]
                             - 0x00000410     0x10

"P1":                                      0x14733
  .text               ro code  0x00000410   0x1ef0  GPRS.o [1]
  .text               ro code  0x00002300    0xa40  uart.o [1]
  .text               ro code  0x00002d40    0xa38  queue.o [1]
  .text               ro code  0x00003778     0x24  printf.o [3]
  .text               ro code  0x0000379c    0x4cc  timers.o [1]
  .text               ro code  0x00003c68    0xc40  tasks.o [1]
  .text               ro code  0x000048a8    0x28c  heap_4.o [1]
  .text               ro code  0x00004b34     0x76  ABImemcpy_unaligned.o [5]
  .text               ro code  0x00004baa     0x1a  xsnprout.o [3]
  .text               ro code  0x00004bc4     0x62  memcmp_unaligned.o [5]
  .text               ro code  0x00004c26      0xa  xsprout.o [3]
  .text               ro code  0x00004c30     0x36  strlen.o [5]
  .text               ro code  0x00004c66    0x116  str_lib.o [1]
  .text               ro code  0x00004d7c      0x8  atoi.o [3]
  .text               ro code  0x00004d84     0x66  ABImemset.o [5]
  .rodata             const    0x00004dea      0x2  fsl_dspi.o [1]
  .text               ro code  0x00004dec      0x6  ABImemclr.o [5]
  .rodata             const    0x00004df2      0x2  fsl_flexcan.o [1]
  .text               ro code  0x00004df4     0x34  sprintf.o [3]
  .text               ro code  0x00004e28     0x44  snprintf.o [3]
  .text               ro code  0x00004e6c    0x24c  fsl_uart.o [1]
  .text               ro code  0x000050b8    0xae8  fsl_clock.o [1]
  .text               ro code  0x00005ba0    0x25c  port.o [1]
  .text               ro code  0x00005dfc     0x9e  list.o [1]
  .rodata             const    0x00005e9a      0x2  fsl_flexcan.o [1]
  .text               ro code  0x00005e9c    0x7c4  xprintfsmall.o [3]
  .text               ro code  0x00006660    0x380  rtos.o [1]
  .text               ro code  0x000069e0    0x198  xstoul.o [3]
  .text               ro code  0x00006b78     0x1c  fsl_common.o [1]
  CODE                ro code  0x00006b94     0xa8  portasm.o [1]
  .text               ro code  0x00006c3c     0x20  xmbtowc.o [3]
  .text               ro code  0x00006c5c     0x16  strchr.o [5]
  .rodata             const    0x00006c72      0x2  fsl_flexcan.o [1]
  .text               ro code  0x00006c74     0x58  memchr.o [5]
  .text               ro code  0x00006ccc      0xa  xmbcurmax.o [3]
  .rodata             const    0x00006cd6      0x2  fsl_flexcan.o [1]
  .text               ro code  0x00006cd8     0xb0  xxmemxmalloc.o [3]
  .text               ro code  0x00006d88     0x1a  xwctomb.o [3]
  .rodata             const    0x00006da2      0x2  fsl_flexcan.o [1]
  .text               ro code  0x00006da4     0x80  xxmemxfree.o [3]
  .text               ro code  0x00006e24     0x2e  fsl_wdog.o [1]
  .rodata             const    0x00006e52      0x2  fsl_flexcan.o [1]
  .text               ro code  0x00006e54    0x3d8  periodic.o [1]
  .text               ro code  0x0000722c    0x226  board.o [1]
  .text               ro code  0x00007452      0x2  startup_MKS22F12.o [1]
  .text               ro code  0x00007454    0x460  Psync.o [1]
  .text               ro code  0x000078b4     0x6c  system.o [1]
  .text               ro code  0x00007920     0x14  isxxx.o [3]
  .text               ro code  0x00007934     0x14  tolower.o [3]
  .text               ro code  0x00007948      0xc  errno.o [3]
  .text               ro code  0x00007954     0x24  setlocale.o [3]
  .text               ro code  0x00007978     0x60  xencoding_sb.o [3]
  .text               ro code  0x000079d8     0x2c  xgetmemchunk.o [3]
  .text               ro code  0x00007a04     0x60  fsl_gpio.o [1]
  .text               ro code  0x00007a64    0x204  powerfail.o [1]
  .text               ro code  0x00007c68    0x15e  timer.o [1]
  .text               ro code  0x00007dc6      0x2  startup_MKS22F12.o [1]
  .text               ro code  0x00007dc8   0x1298  gps.o [1]
  .text               ro code  0x00009060    0x184  BMS_Detect.o [1]
  .text               ro code  0x000091e4    0x15c  ACC_Detect.o [1]
  .text               ro code  0x00009340    0x15c  ExtBatt_Detect.o [1]
  .text               ro code  0x0000949c    0x49c  vehicle.o [1]
  .text               ro code  0x00009938     0xd0  adc.o [1]
  .text               ro code  0x00009a08    0x1fc  rtc.o [1]
  .text               ro code  0x00009c04    0x698  spi_flash_freertos.o [1]
  .text               ro code  0x0000a29c    0x19e  fsm.o [1]
  .text               ro code  0x0000a43a      0x2  startup_MKS22F12.o [1]
  .text               ro code  0x0000a43c     0x70  gensubs.o [1]
  .text               ro code  0x0000a4ac     0x14  xlocale_c.o [3]
  .text               ro code  0x0000a4c0      0xc  xlocale_c.o [3]
  .text               ro code  0x0000a4cc      0x2  xtls.o [3]
  .text               ro code  0x0000a4ce     0x7c  ring_buf.o [1]
  .text               ro code  0x0000a54a      0x2  startup_MKS22F12.o [1]
  .text               ro code  0x0000a54c     0x42  strcmp_unaligned.o [5]
  .text               ro code  0x0000a58e      0x2  startup_MKS22F12.o [1]
  .text               ro code  0x0000a590    0x1bc  Can_Hw.o [1]
  .text               ro code  0x0000a74c    0x1c8  fsl_adc16.o [1]
  .text               ro code  0x0000a914    0x1e6  fsl_rtc.o [1]
  .text               ro code  0x0000aafa      0x2  startup_MKS22F12.o [1]
  .text               ro code  0x0000aafc    0x9e0  fsl_dspi.o [1]
  .text               ro code  0x0000b4dc    0x114  fsl_dspi_freertos.o [1]
  .text               ro code  0x0000b5f0    0xf08  fsl_flexcan.o [1]
  .text               ro code  0x0000c4f8   0x14c8  TelmProtocol.o [1]
  .text               ro code  0x0000d9c0    0x938  param.o [1]
  .text               ro code  0x0000e2f8   0x1378  aes.o [1]
  .text               ro code  0x0000f670    0x908  record_task.o [1]
  .text               ro code  0x0000ff78     0x30  crc_ccitt.o [1]
  .text               ro code  0x0000ffa8   0x1230  diag_task.o [1]
  .text               ro code  0x000111d8     0xe4  fsl_rnga.o [1]
  .text               ro code  0x000112bc    0x5dc  relays.o [1]
  .text               ro code  0x00011898     0x50  lowpower.o [1]
  .text               ro code  0x000118e8    0x228  power_mode_switch.o [1]
  .text               ro code  0x00011b10    0x110  fsl_llwu.o [1]
  .text               ro code  0x00011c20     0xe8  clock_mcg.o [1]
  .text               ro code  0x00011d08    0x1b8  fsl_smc.o [1]
  .text               ro code  0x00011ec0    0x358  clock_config.o [1]
  .rodata             const    0x00012218    0x200  crc_ccitt.o [1]
  .text               ro code  0x00012418    0x134  ITHandler.o [1]
  .text               ro code  0x0001254c     0xce  packbits_init.o [5]
  .text               ro code  0x0001261a      0x6  abort.o [3]
  .text               ro code  0x00012620     0x14  exit.o [6]
  .rodata             const    0x00012634     0x70  rtos.o [1]
  .text               ro code  0x000126a4     0x70  main.o [1]
  .rodata             const    0x00012714     0x6c  fsl_flexcan.o [1]
  .rodata             const    0x00012780     0x68  Psync.o [1]
  .rodata             const    0x000127e8     0x60  Psync.o [1]
  .rodata             const    0x00012848     0x58  ACC_Detect.o [1]
  .rodata             const    0x000128a0     0x58  adc.o [1]
  .rodata             const    0x000128f8     0x58  BMS_Detect.o [1]
  .rodata             const    0x00012950     0x58  ExtBatt_Detect.o [1]
  .rodata             const    0x000129a8     0x58  spi_flash_freertos.o [1]
  .rodata             const    0x00012a00     0x54  fsl_flexcan.o [1]
  .rodata             const    0x00012a54     0x50  fsl_adc16.o [1]
  .rodata             const    0x00012aa4     0x50  fsl_clock.o [1]
  .rodata             const    0x00012af4     0x50  fsl_dspi.o [1]
  .rodata             const    0x00012b44     0x50  fsl_gpio.o [1]
  .rodata             const    0x00012b94     0x50  fsl_rtc.o [1]
  .rodata             const    0x00012be4     0x50  fsl_uart.o [1]
  .rodata             const    0x00012c34     0x48  Psync.o [1]
  .rodata             const    0x00012c7c     0x48  vehicle.o [1]
  .rodata             const    0x00012cc4     0x44  fsl_flexcan.o [1]
  .rodata             const    0x00012d08     0x40  fsl_dspi.o [1]
  .rodata             const    0x00012d48     0x40  fsl_dspi.o [1]
  .rodata             const    0x00012d88     0x40  fsl_uart.o [1]
  .rodata             const    0x00012dc8     0x40  fsl_uart.o [1]
  .rodata             const    0x00012e08     0x40  param.o [1]
  .text               ro code  0x00012e48     0x40  zero_init3.o [5]
  .rodata             const    0x00012e88     0x38  TelmProtocol.o [1]
  .rodata             const    0x00012ec0     0x34  GPRS.o [1]
  .rodata             const    0x00012ef4     0x34  GPRS.o [1]
  .rodata             const    0x00012f28     0x34  GPRS.o [1]
  .text               ro code  0x00012f5c     0x34  system_MKS22F12.o [1]
  .rodata             const    0x00012f90     0x30  GPRS.o [1]
  .rodata             const    0x00012fc0     0x30  GPRS.o [1]
  .rodata             const    0x00012ff0     0x30  GPRS.o [1]
  .rodata             const    0x00013020     0x30  GPRS.o [1]
  .rodata             const    0x00013050     0x30  GPRS.o [1]
  .rodata             const    0x00013080     0x30  GPRS.o [1]
  .rodata             const    0x000130b0     0x30  GPRS.o [1]
  .rodata             const    0x000130e0     0x30  GPRS.o [1]
  .rodata             const    0x00013110     0x30  GPRS.o [1]
  .rodata             const    0x00013140     0x30  param.o [1]
  .rodata             const    0x00013170     0x30  power_mode_switch.o [1]
  .rodata             const    0x000131a0     0x2c  fsl_common.o [1]
  .rodata             const    0x000131cc     0x2c  fsl_flexcan.o [1]
  .rodata             const    0x000131f8     0x2c  fsl_flexcan.o [1]
  .rodata             const    0x00013224     0x2c  GPRS.o [1]
  .rodata             const    0x00013250     0x2c  GPRS.o [1]
  .rodata             const    0x0001327c     0x2c  GPRS.o [1]
  .rodata             const    0x000132a8     0x2c  GPRS.o [1]
  .rodata             const    0x000132d4     0x2c  GPRS.o [1]
  .rodata             const    0x00013300     0x2c  GPRS.o [1]
  .rodata             const    0x0001332c     0x2c  param.o [1]
  .rodata             const    0x00013358     0x2c  power_mode_switch.o [1]
  .rodata             const    0x00013384     0x2c  spi_flash_freertos.o [1]
  .rodata             const    0x000133b0     0x2c  spi_flash_freertos.o [1]
  .rodata             const    0x000133dc     0x28  fsl_adc16.o [1]
  .rodata             const    0x00013404     0x28  fsl_dspi.o [1]
  .rodata             const    0x0001342c     0x28  GPRS.o [1]
  .rodata             const    0x00013454     0x28  GPRS.o [1]
  .rodata             const    0x0001347c     0x28  GPRS.o [1]
  .rodata             const    0x000134a4     0x28  GPRS.o [1]
  .rodata             const    0x000134cc     0x28  GPRS.o [1]
  .rodata             const    0x000134f4     0x28  GPRS.o [1]
  .rodata             const    0x0001351c     0x28  GPRS.o [1]
  .rodata             const    0x00013544     0x28  GPRS.o [1]
  .rodata             const    0x0001356c     0x28  GPRS.o [1]
  .rodata             const    0x00013594     0x28  record_task.o [1]
  .rodata             const    0x000135bc     0x28  record_task.o [1]
  .rodata             const    0x000135e4     0x28  relays.o [1]
  .rodata             const    0x0001360c     0x28  vehicle.o [1]
  .text               ro code  0x00013634     0x28  data_init.o [5]
  .rodata             const    0x0001365c     0x24  fsl_flexcan.o [1]
  .rodata             const    0x00013680     0x24  fsl_flexcan.o [1]
  .rodata             const    0x000136a4     0x24  GPRS.o [1]
  .rodata             const    0x000136c8     0x24  GPRS.o [1]
  .rodata             const    0x000136ec     0x24  GPRS.o [1]
  .rodata             const    0x00013710     0x24  GPRS.o [1]
  .rodata             const    0x00013734     0x24  GPRS.o [1]
  .rodata             const    0x00013758     0x24  GPRS.o [1]
  .rodata             const    0x0001377c     0x24  GPRS.o [1]
  .rodata             const    0x000137a0     0x24  param.o [1]
  .rodata             const    0x000137c4     0x24  param.o [1]
  .rodata             const    0x000137e8     0x24  power_mode_switch.o [1]
  .rodata             const    0x0001380c     0x24  record_task.o [1]
  .rodata             const    0x00013830     0x24  spi_flash_freertos.o [1]
  .rodata             const    0x00013854     0x24  spi_flash_freertos.o [1]
  .rodata             const    0x00013878     0x24  spi_flash_freertos.o [1]
  .rodata             const    0x0001389c     0x24  spi_flash_freertos.o [1]
  .text               ro code  0x000138c0     0x24  startup_MKS22F12.o [1]
  .text               ro code  0x000138e4     0x22  fpinit_M.o [4]
  .iar.init_table     const    0x00013908     0x2c  - Linker created -
  .rodata             const    0x00013934      0x1  GPRS.o [1]
  .rodata             const    0x00013938     0x20  diag_task.o [1]
  .rodata             const    0x00013958     0x20  fsl_adc16.o [1]
  .rodata             const    0x00013978     0x20  fsl_flexcan.o [1]
  .rodata             const    0x00013998     0x20  fsl_flexcan.o [1]
  .rodata             const    0x000139b8     0x20  GPRS.o [1]
  .rodata             const    0x000139d8     0x20  GPRS.o [1]
  .rodata             const    0x000139f8     0x20  GPRS.o [1]
  .rodata             const    0x00013a18     0x20  GPRS.o [1]
  .rodata             const    0x00013a38     0x20  GPRS.o [1]
  .rodata             const    0x00013a58     0x20  GPRS.o [1]
  .rodata             const    0x00013a78     0x20  GPRS.o [1]
  .rodata             const    0x00013a98     0x20  GPRS.o [1]
  .rodata             const    0x00013ab8     0x20  GPRS.o [1]
  .rodata             const    0x00013ad8     0x20  GPRS.o [1]
  .rodata             const    0x00013af8     0x20  GPRS.o [1]
  .rodata             const    0x00013b18     0x20  gps.o [1]
  .rodata             const    0x00013b38     0x20  param.o [1]
  .rodata             const    0x00013b58     0x20  param.o [1]
  .rodata             const    0x00013b78     0x20  param.o [1]
  .rodata             const    0x00013b98     0x20  param.o [1]
  .rodata             const    0x00013bb8     0x20  record_task.o [1]
  .rodata             const    0x00013bd8     0x20  record_task.o [1]
  .rodata             const    0x00013bf8     0x20  relays.o [1]
  .rodata             const    0x00013c18     0x20  spi_flash_freertos.o [1]
  .rodata             const    0x00013c38     0x20  spi_flash_freertos.o [1]
  .rodata             const    0x00013c58     0x20  spi_flash_freertos.o [1]
  .rodata             const    0x00013c78     0x20  spi_flash_freertos.o [1]
  .rodata             const    0x00013c98     0x20  spi_flash_freertos.o [1]
  .rodata             const    0x00013cb8     0x20  spi_flash_freertos.o [1]
  .rodata             const    0x00013cd8     0x20  spi_flash_freertos.o [1]
  .rodata             const    0x00013cf8     0x20  TelmProtocol.o [1]
  .rodata             const    0x00013d18     0x20  TelmProtocol.o [1]
  .rodata             const    0x00013d38     0x20  TelmProtocol.o [1]
  .rodata             const    0x00013d58     0x20  TelmProtocol.o [1]
  .rodata             const    0x00013d78     0x20  TelmProtocol.o [1]
  .rodata             const    0x00013d98     0x1c  adc.o [1]
  .rodata             const    0x00013db4     0x1c  diag_task.o [1]
  .rodata             const    0x00013dd0     0x1c  fsl_flexcan.o [1]
  .rodata             const    0x00013dec     0x1c  fsl_flexcan.o [1]
  .rodata             const    0x00013e08     0x1c  fsl_flexcan.o [1]
  .rodata             const    0x00013e24     0x1c  fsl_uart.o [1]
  .rodata             const    0x00013e40     0x1c  GPRS.o [1]
  .rodata             const    0x00013e5c     0x1c  GPRS.o [1]
  .rodata             const    0x00013e78     0x1c  GPRS.o [1]
  .rodata             const    0x00013e94     0x1c  GPRS.o [1]
  .rodata             const    0x00013eb0     0x1c  GPRS.o [1]
  .rodata             const    0x00013ecc     0x1c  GPRS.o [1]
  .rodata             const    0x00013ee8     0x1c  gps.o [1]
  .rodata             const    0x00013f04     0x1c  param.o [1]
  .rodata             const    0x00013f20     0x1c  Psync.o [1]
  .rodata             const    0x00013f3c     0x1c  relays.o [1]
  .rodata             const    0x00013f58     0x1c  spi_flash_freertos.o [1]
  .rodata             const    0x00013f74     0x1c  spi_flash_freertos.o [1]
  .rodata             const    0x00013f90     0x1c  spi_flash_freertos.o [1]
  .rodata             const    0x00013fac     0x1c  TelmProtocol.o [1]
  .text               ro code  0x00013fc8     0x1c  fsl_lpuart.o [1]
  .text               ro code  0x00013fe4     0x1a  cmain.o [5]
  .text               ro code  0x00013ffe      0x4  low_level_init.o [3]
  .text               ro code  0x00014002      0x4  exit.o [3]
  .text               ro code  0x00014008      0xa  cexit.o [5]
  .rodata             const    0x00014014     0x18  fsl_flexcan.o [1]
  .rodata             const    0x0001402c     0x18  GPRS.o [1]
  .rodata             const    0x00014044     0x18  GPRS.o [1]
  .rodata             const    0x0001405c     0x18  GPRS.o [1]
  .rodata             const    0x00014074     0x18  GPRS.o [1]
  .rodata             const    0x0001408c     0x18  GPRS.o [1]
  .rodata             const    0x000140a4     0x18  GPRS.o [1]
  .rodata             const    0x000140bc     0x18  GPRS.o [1]
  .rodata             const    0x000140d4     0x18  power_mode_switch.o [1]
  .rodata             const    0x000140ec     0x18  Psync.o [1]
  .rodata             const    0x00014104     0x18  relays.o [1]
  .rodata             const    0x0001411c     0x18  spi_flash_freertos.o [1]
  .rodata             const    0x00014134     0x18  TelmProtocol.o [1]
  .text               ro code  0x0001414c     0x16  xprout.o [3]
  .text               ro code  0x00014164      0xc  putchar.o [3]
  .rodata             const    0x00014170     0x14  fsl_dspi.o [1]
  .rodata             const    0x00014184     0x14  fsl_flexcan.o [1]
  .rodata             const    0x00014198     0x14  fsl_flexcan.o [1]
  .rodata             const    0x000141ac     0x14  GPRS.o [1]
  .rodata             const    0x000141c0     0x14  GPRS.o [1]
  .rodata             const    0x000141d4     0x14  GPRS.o [1]
  .rodata             const    0x000141e8     0x14  GPRS.o [1]
  .rodata             const    0x000141fc     0x14  GPRS.o [1]
  .rodata             const    0x00014210     0x14  GPRS.o [1]
  .rodata             const    0x00014224     0x14  GPRS.o [1]
  .rodata             const    0x00014238     0x14  powerfail.o [1]
  .rodata             const    0x0001424c     0x14  rtos.o [1]
  .rodata             const    0x00014260     0x14  spi_flash_freertos.o [1]
  .rodata             const    0x00014274     0x14  spi_flash_freertos.o [1]
  .rodata             const    0x00014288     0x10  diag_task.o [1]
  .rodata             const    0x00014298     0x10  diag_task.o [1]
  .rodata             const    0x000142a8     0x10  fsl_adc16.o [1]
  .rodata             const    0x000142b8     0x10  fsl_clock.o [1]
  .rodata             const    0x000142c8     0x10  fsl_clock.o [1]
  .rodata             const    0x000142d8     0x10  fsl_dspi.o [1]
  .rodata             const    0x000142e8     0x10  fsl_dspi.o [1]
  .rodata             const    0x000142f8     0x10  fsl_dspi.o [1]
  .rodata             const    0x00014308     0x10  fsl_dspi.o [1]
  .rodata             const    0x00014318     0x10  fsl_rtc.o [1]
  .rodata             const    0x00014328     0x10  GPRS.o [1]
  .rodata             const    0x00014338     0x10  GPRS.o [1]
  .rodata             const    0x00014348     0x10  GPRS.o [1]
  .rodata             const    0x00014358     0x10  GPRS.o [1]
  .rodata             const    0x00014368     0x10  GPRS.o [1]
  .rodata             const    0x00014378     0x10  GPRS.o [1]
  .rodata             const    0x00014388     0x10  GPRS.o [1]
  .rodata             const    0x00014398     0x10  GPRS.o [1]
  .rodata             const    0x000143a8     0x10  GPRS.o [1]
  .rodata             const    0x000143b8     0x10  GPRS.o [1]
  .rodata             const    0x000143c8     0x10  GPRS.o [1]
  .rodata             const    0x000143d8     0x10  GPRS.o [1]
  .rodata             const    0x000143e8     0x10  Psync.o [1]
  .rodata             const    0x000143f8     0x10  Psync.o [1]
  .rodata             const    0x00014408     0x10  Psync.o [1]
  .rodata             const    0x00014418     0x10  rtos.o [1]
  .rodata             const    0x00014428     0x10  rtos.o [1]
  .rodata             const    0x00014438     0x10  system.o [1]
  .rodata             const    0x00014448      0xc  clock_config.o [1]
  .rodata             const    0x00014454      0xc  clock_config.o [1]
  .rodata             const    0x00014460      0xc  clock_config.o [1]
  .rodata             const    0x0001446c      0xc  fsl_clock.o [1]
  .rodata             const    0x00014478      0xc  fsl_rtc.o [1]
  .rodata             const    0x00014484      0xc  fsl_uart.o [1]
  .rodata             const    0x00014490      0xc  fsl_uart.o [1]
  .rodata             const    0x0001449c      0xc  GPRS.o [1]
  .rodata             const    0x000144a8      0xc  GPRS.o [1]
  .rodata             const    0x000144b4      0xc  GPRS.o [1]
  .rodata             const    0x000144c0      0xc  GPRS.o [1]
  .rodata             const    0x000144cc      0xc  GPRS.o [1]
  .rodata             const    0x000144d8      0xc  GPRS.o [1]
  .rodata             const    0x000144e4      0xc  GPRS.o [1]
  .rodata             const    0x000144f0      0xc  GPRS.o [1]
  .rodata             const    0x000144fc      0xc  GPRS.o [1]
  .rodata             const    0x00014508      0xc  GPRS.o [1]
  .rodata             const    0x00014514      0xc  GPRS.o [1]
  .rodata             const    0x00014520      0xc  GPRS.o [1]
  .rodata             const    0x0001452c      0xc  GPRS.o [1]
  .rodata             const    0x00014538      0xc  GPRS.o [1]
  .rodata             const    0x00014544      0xc  GPRS.o [1]
  .rodata             const    0x00014550      0xc  GPRS.o [1]
  .rodata             const    0x0001455c      0xc  GPRS.o [1]
  .rodata             const    0x00014568      0xc  GPRS.o [1]
  .rodata             const    0x00014574      0xc  relays.o [1]
  .rodata             const    0x00014580      0xc  rtos.o [1]
  .rodata             const    0x0001458c      0xc  rtos.o [1]
  .rodata             const    0x00014598      0xc  rtos.o [1]
  .rodata             const    0x000145a4      0xc  rtos.o [1]
  .rodata             const    0x000145b0      0xc  rtos.o [1]
  .rodata             const    0x000145bc      0xc  rtos.o [1]
  .text               ro code  0x000145c8      0xc  cstartup_M.o [5]
  .rodata             const    0x000145d4      0x8  ACC_Detect.o [1]
  .rodata             const    0x000145dc      0x8  BMS_Detect.o [1]
  .rodata             const    0x000145e4      0x8  clock_config.o [1]
  .rodata             const    0x000145ec      0x8  clock_config.o [1]
  .rodata             const    0x000145f4      0x8  clock_config.o [1]
  .rodata             const    0x000145fc      0x8  clock_config.o [1]
  .rodata             const    0x00014604      0x8  diag_task.o [1]
  .rodata             const    0x0001460c      0x8  diag_task.o [1]
  .rodata             const    0x00014614      0x8  diag_task.o [1]
  .rodata             const    0x0001461c      0x8  ExtBatt_Detect.o [1]
  .rodata             const    0x00014624      0x8  fsl_clock.o [1]
  .rodata             const    0x0001462c      0x8  fsl_dspi.o [1]
  .rodata             const    0x00014634      0x8  fsl_dspi.o [1]
  .rodata             const    0x0001463c      0x8  fsl_dspi.o [1]
  .rodata             const    0x00014644      0x8  fsl_dspi.o [1]
  .rodata             const    0x0001464c      0x8  fsl_flexcan.o [1]
  .rodata             const    0x00014654      0x8  fsl_flexcan.o [1]
  .rodata             const    0x0001465c      0x8  fsl_flexcan.o [1]
  .rodata             const    0x00014664      0x8  fsl_flexcan.o [1]
  .rodata             const    0x0001466c      0x8  fsl_flexcan.o [1]
  .rodata             const    0x00014674      0x8  fsl_flexcan.o [1]
  .rodata             const    0x0001467c      0x8  fsl_flexcan.o [1]
  .rodata             const    0x00014684      0x8  fsl_flexcan.o [1]
  .rodata             const    0x0001468c      0x8  fsl_gpio.o [1]
  .rodata             const    0x00014694      0x8  fsl_rtc.o [1]
  .rodata             const    0x0001469c      0x8  fsl_uart.o [1]
  .rodata             const    0x000146a4      0x8  gensubs.o [1]
  .rodata             const    0x000146ac      0x8  gensubs.o [1]
  .rodata             const    0x000146b4      0x8  GPRS.o [1]
  .rodata             const    0x000146bc      0x8  GPRS.o [1]
  .rodata             const    0x000146c4      0x8  GPRS.o [1]
  .rodata             const    0x000146cc      0x8  GPRS.o [1]
  .rodata             const    0x000146d4      0x8  GPRS.o [1]
  .rodata             const    0x000146dc      0x8  GPRS.o [1]
  .rodata             const    0x000146e4      0x8  GPRS.o [1]
  .rodata             const    0x000146ec      0x8  GPRS.o [1]
  .rodata             const    0x000146f4      0x8  GPRS.o [1]
  .rodata             const    0x000146fc      0x8  GPRS.o [1]
  .rodata             const    0x00014704      0x8  GPRS.o [1]
  .rodata             const    0x0001470c      0x8  GPRS.o [1]
  .rodata             const    0x00014714      0x8  GPRS.o [1]
  .rodata             const    0x0001471c      0x8  gps.o [1]
  .rodata             const    0x00014724      0x8  gps.o [1]
  .rodata             const    0x0001472c      0x8  gps.o [1]
  .rodata             const    0x00014734      0x8  gps.o [1]
  .rodata             const    0x0001473c      0x8  gps.o [1]
  .rodata             const    0x00014744      0x8  gps.o [1]
  .rodata             const    0x0001474c      0x8  gps.o [1]
  .rodata             const    0x00014754      0x8  gps.o [1]
  .rodata             const    0x0001475c      0x8  spi_flash_freertos.o [1]
  .rodata             const    0x00014764      0x8  tasks.o [1]
  .rodata             const    0x0001476c      0x8  timers.o [1]
  .rodata             const    0x00014774      0x8  timers.o [1]
  .text               ro code  0x0001477c      0x8  startup_MKS22F12.o [1]
  .text               ro code  0x00014784      0x8  startup_MKS22F12.o [1]
  .text               ro code  0x0001478c      0x8  startup_MKS22F12.o [1]
  .text               ro code  0x00014794      0x8  startup_MKS22F12.o [1]
  .text               ro code  0x0001479c      0x8  startup_MKS22F12.o [1]
  .text               ro code  0x000147a4      0x8  startup_MKS22F12.o [1]
  .text               ro code  0x000147ac      0x8  startup_MKS22F12.o [1]
  .text               ro code  0x000147b4      0x8  startup_MKS22F12.o [1]
  .text               ro code  0x000147bc      0x8  startup_MKS22F12.o [1]
  .text               ro code  0x000147c4      0x8  startup_MKS22F12.o [1]
  .text               ro code  0x000147cc      0x8  startup_MKS22F12.o [1]
  .text               ro code  0x000147d4      0x8  startup_MKS22F12.o [1]
  .text               ro code  0x000147dc      0x8  startup_MKS22F12.o [1]
  .text               ro code  0x000147e4      0x8  startup_MKS22F12.o [1]
  .text               ro code  0x000147ec      0x8  startup_MKS22F12.o [1]
  .text               ro code  0x000147f4      0x8  startup_MKS22F12.o [1]
  .text               ro code  0x000147fc      0x8  startup_MKS22F12.o [1]
  .text               ro code  0x00014804      0x8  startup_MKS22F12.o [1]
  .text               ro code  0x0001480c      0x8  startup_MKS22F12.o [1]
  .text               ro code  0x00014814      0x8  startup_MKS22F12.o [1]
  .text               ro code  0x0001481c      0x8  startup_MKS22F12.o [1]
  .text               ro code  0x00014824      0x8  startup_MKS22F12.o [1]
  .text               ro code  0x0001482c      0x8  startup_MKS22F12.o [1]
  .text               ro code  0x00014834      0x8  startup_MKS22F12.o [1]
  .text               ro code  0x0001483c      0x8  startup_MKS22F12.o [1]
  .text               ro code  0x00014844      0x8  startup_MKS22F12.o [1]
  .text               ro code  0x0001484c      0x8  startup_MKS22F12.o [1]
  .text               ro code  0x00014854      0x8  startup_MKS22F12.o [1]
  .text               ro code  0x0001485c      0x8  startup_MKS22F12.o [1]
  .text               ro code  0x00014864      0x8  startup_MKS22F12.o [1]
  .text               ro code  0x0001486c      0x8  startup_MKS22F12.o [1]
  .text               ro code  0x00014874      0x8  startup_MKS22F12.o [1]
  .text               ro code  0x0001487c      0x8  startup_MKS22F12.o [1]
  .text               ro code  0x00014884      0x8  startup_MKS22F12.o [1]
  .text               ro code  0x0001488c      0x8  startup_MKS22F12.o [1]
  .text               ro code  0x00014894      0x8  startup_MKS22F12.o [1]
  .text               ro code  0x0001489c      0x8  startup_MKS22F12.o [1]
  .text               ro code  0x000148a4      0x8  startup_MKS22F12.o [1]
  .text               ro code  0x000148ac      0x8  startup_MKS22F12.o [1]
  .text               ro code  0x000148b4      0x8  startup_MKS22F12.o [1]
  .text               ro code  0x000148bc      0x8  startup_MKS22F12.o [1]
  .text               ro code  0x000148c4      0x8  startup_MKS22F12.o [1]
  .text               ro code  0x000148cc      0x8  startup_MKS22F12.o [1]
  .text               ro code  0x000148d4      0x8  startup_MKS22F12.o [1]
  .text               ro code  0x000148dc      0x8  startup_MKS22F12.o [1]
  .rodata             const    0x000148e4      0x4  ACC_Detect.o [1]
  .rodata             const    0x000148e8      0x4  BMS_Detect.o [1]
  .rodata             const    0x000148ec      0x4  board.o [1]
  .rodata             const    0x000148f0      0x4  board.o [1]
  .rodata             const    0x000148f4      0x4  ExtBatt_Detect.o [1]
  .rodata             const    0x000148f8      0x4  fsl_adc16.o [1]
  .rodata             const    0x000148fc      0x4  fsl_adc16.o [1]
  .rodata             const    0x00014900      0x4  GPRS.o [1]
  .rodata             const    0x00014904      0x4  GPRS.o [1]
  .rodata             const    0x00014908      0x4  GPRS.o [1]
  .rodata             const    0x0001490c      0x4  gps.o [1]
  .rodata             const    0x00014910      0x4  heap_4.o [1]
  .rodata             const    0x00014914      0x4  periodic.o [1]
  .rodata             const    0x00014918      0x4  port.o [1]
  .rodata             const    0x0001491c      0x4  relays.o [1]
  .rodata             const    0x00014920      0x4  rtos.o [1]
  .rodata             const    0x00014924      0x4  spi_flash_freertos.o [1]
  .rodata             const    0x00014928      0x4  spi_flash_freertos.o [1]
  .rodata             const    0x0001492c      0x4  system.o [1]
  .text               ro code  0x00014930      0x4  startup_MKS22F12.o [1]
  .rodata             const    0x00014934      0x0  zero_init3.o [5]
  .rodata             const    0x00014934      0x0  packbits_init.o [5]
  Initializer bytes   const    0x00014934    0x20f  <for P3 s0>
                             - 0x00014b43  0x14733

"P3", part 1 of 3:                           0x2df
  P3 s0                        0x20000000    0x2df  <Init block>
    .data             inited   0x20000000     0xa8  GPRS.o [1]
    __DLIB_PERTHREAD  inited   0x200000a8     0x74  setlocale.o [3]
    .data             inited   0x2000011c     0x5c  param.o [1]
    .data             inited   0x20000178     0x40  xfiles.o [3]
    .data             inited   0x200001b8     0x30  GPRS.o [1]
    .data             inited   0x200001e8     0x30  TelmProtocol.o [1]
    .data             inited   0x20000218     0x2c  GPRS.o [1]
    .data             inited   0x20000244     0x20  gps.o [1]
    .data             inited   0x20000264     0x14  param.o [1]
    .data             inited   0x20000278     0x14  record_task.o [1]
    .data             inited   0x2000028c     0x10  GPRS.o [1]
    .data             inited   0x2000029c      0xc  GPRS.o [1]
    .data             inited   0x200002a8      0xc  powerfail.o [1]
    .data             inited   0x200002b4      0x8  Can_Hw.o [1]
    .data             inited   0x200002bc      0x4  fsl_clock.o [1]
    .data             inited   0x200002c0      0x4  fsl_clock.o [1]
    .data             inited   0x200002c4      0x4  GPRS.o [1]
    .data             inited   0x200002c8      0x4  port.o [1]
    .data             inited   0x200002cc      0x4  record_task.o [1]
    .data             inited   0x200002d0      0x4  spi_flash_freertos.o [1]
    .data             inited   0x200002d4      0x4  system_MKS22F12.o [1]
    __DLIB_PERTHREAD  inited   0x200002d8      0x4  errno.o [3]
    .data             inited   0x200002dc      0x1  diag_task.o [1]
    .data             inited   0x200002dd      0x1  gps.o [1]
    .data             inited   0x200002de      0x1  periodic.o [1]
                             - 0x200002df    0x2df

"P3", part 2 of 3:                          0xa024
  .bss                zero     0x200002e0   0x4800  heap_4.o [1]
  .bss                zero     0x20004ae0   0x16dc  record_task.o [1]
  .bss                zero     0x200061bc    0x774  gps.o [1]
  .bss                zero     0x20006930    0x44c  uart.o [1]
  .bss                zero     0x20006d7c    0x400  aes.o [1]
  .bss                zero     0x2000717c    0x400  aes.o [1]
  .bss                zero     0x2000757c    0x400  aes.o [1]
  .bss                zero     0x2000797c    0x400  aes.o [1]
  .bss                zero     0x20007d7c    0x400  aes.o [1]
  .bss                zero     0x2000817c    0x400  aes.o [1]
  .bss                zero     0x2000857c    0x400  aes.o [1]
  .bss                zero     0x2000897c    0x400  aes.o [1]
  .bss                zero     0x20008d7c    0x3e8  uart.o [1]
  .bss                zero     0x20009164    0x258  uart.o [1]
  .bss                zero     0x200093bc    0x224  vehicle.o [1]
  .bss                zero     0x200095e0    0x100  aes.o [1]
  .bss                zero     0x200096e0    0x100  aes.o [1]
  .bss                zero     0x200097e0     0xf0  uart.o [1]
  .bss                zero     0x200098d0     0xa8  timer.o [1]
  .bss                zero     0x20009978     0x98  uart.o [1]
  .bss                zero     0x20009a10     0x98  uart.o [1]
  .bss                zero     0x20009aa8     0x80  GPRS.o [1]
  .bss                zero     0x20009b28     0x78  gps.o [1]
  .bss                zero     0x20009ba0     0x74  gps.o [1]
  .bss                zero     0x20009c14     0x74  gps.o [1]
  .bss                zero     0x20009c88     0x74  gps.o [1]
  .bss                zero     0x20009cfc     0x64  tasks.o [1]
  .bss                zero     0x20009d60     0x64  uart.o [1]
  .bss                zero     0x20009dc4     0x60  Can_Hw.o [1]
  .bss                zero     0x20009e24     0x5c  param.o [1]
  .bss                zero     0x20009e80     0x50  queue.o [1]
  .bss                zero     0x20009ed0     0x50  xfiles.o [3]
  .bss                zero     0x20009f20     0x48  diag_task.o [1]
  .bss                zero     0x20009f68     0x48  diag_task.o [1]
  .bss                zero     0x20009fb0     0x40  spi_flash_freertos.o [1]
  .bss                zero     0x20009ff0     0x28  aes.o [1]
  .bss                zero     0x2000a018     0x24  vehicle.o [1]
  .bss                zero     0x2000a03c     0x1c  GPRS.o [1]
  .bss                zero     0x2000a058     0x1c  rtos.o [1]
  .bss                zero     0x2000a074     0x1c  rtos.o [1]
  .bss                zero     0x2000a090     0x1c  rtos.o [1]
  .bss                zero     0x2000a0ac     0x18  param.o [1]
  .bss                zero     0x2000a0c4     0x14  tasks.o [1]
  .bss                zero     0x2000a0d8     0x14  tasks.o [1]
  .bss                zero     0x2000a0ec     0x14  tasks.o [1]
  .bss                zero     0x2000a100     0x14  tasks.o [1]
  .bss                zero     0x2000a114     0x14  tasks.o [1]
  .bss                zero     0x2000a128     0x14  timers.o [1]
  .bss                zero     0x2000a13c     0x14  timers.o [1]
  .bss                zero     0x2000a150     0x10  Can_Hw.o [1]
  .bss                zero     0x2000a160     0x10  Can_Hw.o [1]
  .bss                zero     0x2000a170     0x10  relays.o [1]
  .bss                zero     0x2000a180      0xc  GPRS.o [1]
  .bss                zero     0x2000a18c      0xc  param.o [1]
  .bss                zero     0x2000a198      0x8  ACC_Detect.o [1]
  .bss                zero     0x2000a1a0      0x8  BMS_Detect.o [1]
  .bss                zero     0x2000a1a8      0x8  ExtBatt_Detect.o [1]
  .bss                zero     0x2000a1b0      0x8  fsl_dspi.o [1]
  .bss                zero     0x2000a1b8      0x8  fsl_flexcan.o [1]
  .bss                zero     0x2000a1c0      0x8  GPRS.o [1]
  .bss                zero     0x2000a1c8      0x8  heap_4.o [1]
  .bss                zero     0x2000a1d0      0x8  Psync.o [1]
  .bss                zero     0x2000a1d8      0x8  xxmemxmalloc.o [3]
  .bss                zero     0x2000a1e0      0x4  aes.o [1]
  .bss                zero     0x2000a1e4      0x4  diag_task.o [1]
  .bss                zero     0x2000a1e8      0x4  diag_task.o [1]
  .bss                zero     0x2000a1ec      0x4  fsl_clock.o [1]
  .bss                zero     0x2000a1f0      0x4  fsl_clock.o [1]
  .bss                zero     0x2000a1f4      0x4  fsl_dspi.o [1]
  .bss                zero     0x2000a1f8      0x4  fsl_dspi.o [1]
  .bss                zero     0x2000a1fc      0x4  fsl_lpuart.o [1]
  .bss                zero     0x2000a200      0x4  fsl_lpuart.o [1]
  .bss                zero     0x2000a204      0x4  GPRS.o [1]
  .bss                zero     0x2000a208      0x4  GPRS.o [1]
  .bss                zero     0x2000a20c      0x4  GPRS.o [1]
  .bss                zero     0x2000a210      0x4  GPRS.o [1]
  .bss                zero     0x2000a214      0x4  GPRS.o [1]
  .bss                zero     0x2000a218      0x4  GPRS.o [1]
  .bss                zero     0x2000a21c      0x4  GPRS.o [1]
  .bss                zero     0x2000a220      0x4  GPRS.o [1]
  .bss                zero     0x2000a224      0x4  GPRS.o [1]
  .bss                zero     0x2000a228      0x4  gps.o [1]
  .bss                zero     0x2000a22c      0x4  gps.o [1]
  .bss                zero     0x2000a230      0x4  heap_4.o [1]
  .bss                zero     0x2000a234      0x4  heap_4.o [1]
  .bss                zero     0x2000a238      0x4  heap_4.o [1]
  .bss                zero     0x2000a23c      0x4  heap_4.o [1]
  .bss                zero     0x2000a240      0x4  periodic.o [1]
  .bss                zero     0x2000a244      0x4  periodic.o [1]
  .bss                zero     0x2000a248      0x4  periodic.o [1]
  .bss                zero     0x2000a24c      0x4  periodic.o [1]
  .bss                zero     0x2000a250      0x4  port.o [1]
  .bss                zero     0x2000a254      0x4  powerfail.o [1]
  .bss                zero     0x2000a258      0x4  powerfail.o [1]
  .bss                zero     0x2000a25c      0x4  powerfail.o [1]
  .bss                zero     0x2000a260      0x4  record_task.o [1]
  .bss                zero     0x2000a264      0x4  record_task.o [1]
  .bss                zero     0x2000a268      0x4  record_task.o [1]
  .bss                zero     0x2000a26c      0x4  record_task.o [1]
  .bss                zero     0x2000a270      0x4  record_task.o [1]
  .bss                zero     0x2000a274      0x4  record_task.o [1]
  .bss                zero     0x2000a278      0x4  spi_flash_freertos.o [1]
  .bss                zero     0x2000a27c      0x4  spi_flash_freertos.o [1]
  .bss                zero     0x2000a280      0x4  tasks.o [1]
  .bss                zero     0x2000a284      0x4  tasks.o [1]
  .bss                zero     0x2000a288      0x4  tasks.o [1]
  .bss                zero     0x2000a28c      0x4  tasks.o [1]
  .bss                zero     0x2000a290      0x4  tasks.o [1]
  .bss                zero     0x2000a294      0x4  tasks.o [1]
  .bss                zero     0x2000a298      0x4  tasks.o [1]
  .bss                zero     0x2000a29c      0x4  tasks.o [1]
  .bss                zero     0x2000a2a0      0x4  tasks.o [1]
  .bss                zero     0x2000a2a4      0x4  tasks.o [1]
  .bss                zero     0x2000a2a8      0x4  tasks.o [1]
  .bss                zero     0x2000a2ac      0x4  tasks.o [1]
  .bss                zero     0x2000a2b0      0x4  tasks.o [1]
  .bss                zero     0x2000a2b4      0x4  tasks.o [1]
  .bss                zero     0x2000a2b8      0x4  tasks.o [1]
  .bss                zero     0x2000a2bc      0x4  TelmProtocol.o [1]
  .bss                zero     0x2000a2c0      0x4  TelmProtocol.o [1]
  .bss                zero     0x2000a2c4      0x4  timers.o [1]
  .bss                zero     0x2000a2c8      0x4  timers.o [1]
  .bss                zero     0x2000a2cc      0x4  timers.o [1]
  .bss                zero     0x2000a2d0      0x4  timers.o [1]
  .bss                zero     0x2000a2d4      0x4  timers.o [1]
  .bss                zero     0x2000a2d8      0x4  xgetmemchunk.o [3]
  .bss                zero     0x2000a2dc      0x2  GPRS.o [1]
  .bss                zero     0x2000a2de      0x2  GPRS.o [1]
  .bss                zero     0x2000a2e0      0x2  GPRS.o [1]
  .bss                zero     0x2000a2e2      0x2  powerfail.o [1]
  .bss                zero     0x2000a2e4      0x2  powerfail.o [1]
  .bss                zero     0x2000a2e6      0x2  system.o [1]
  .bss                zero     0x2000a2e8      0x2  TelmProtocol.o [1]
  .bss                zero     0x2000a2ea      0x2  TelmProtocol.o [1]
  .bss                zero     0x2000a2ec      0x1  diag_task.o [1]
  .bss                zero     0x2000a2ed      0x1  diag_task.o [1]
  .bss                zero     0x2000a2ee      0x1  diag_task.o [1]
  .bss                zero     0x2000a2ef      0x1  diag_task.o [1]
  .bss                zero     0x2000a2f0      0x1  GPRS.o [1]
  .bss                zero     0x2000a2f1      0x1  GPRS.o [1]
  .bss                zero     0x2000a2f2      0x1  gps.o [1]
  .bss                zero     0x2000a2f3      0x1  gps.o [1]
  .bss                zero     0x2000a2f4      0x1  gps.o [1]
  .bss                zero     0x2000a2f5      0x1  periodic.o [1]
  .bss                zero     0x2000a2f6      0x1  port.o [1]
  .bss                zero     0x2000a2f7      0x1  powerfail.o [1]
  .bss                zero     0x2000a2f8      0x1  Psync.o [1]
  .bss                zero     0x2000a2f9      0x1  Psync.o [1]
  .bss                zero     0x2000a2fa      0x1  record_task.o [1]
  .bss                zero     0x2000a2fb      0x1  record_task.o [1]
  .bss                zero     0x2000a2fc      0x1  relays.o [1]
  .bss                zero     0x2000a2fd      0x1  rtos.o [1]
  .bss                zero     0x2000a2fe      0x1  spi_flash_freertos.o [1]
  .bss                zero     0x2000a2ff      0x1  TelmProtocol.o [1]
  .bss                zero     0x2000a300      0x1  vehicle.o [1]
  .bss                zero     0x2000a301      0x1  vehicle.o [1]
                             - 0x2000a302   0xa022

"P3", part 3 of 3:                          0x180c
  .noinit             uninit   0x2000a304      0x4  rtos.o [1]
  .noinit             uninit   0x2000a308      0x4  system.o [1]
  .noinit             uninit   0x2000a30c      0x1  system.o [1]
  CSTACK                       0x2000a310    0x800  <Block>
    CSTACK            uninit   0x2000a310    0x800  <Block tail>
  HEAP                         0x2000ab10   0x1000  <Block>
    HEAP              uninit   0x2000ab10   0x1000  <Block tail>
                             - 0x2000bb10   0x180c


*******************************************************************************
*** INIT TABLE
***

          Address     Size
          -------     ----
Zero (__iar_zero_init3)
    1 destination range, total size 0xa022:
          0x200002e0  0xa022

Copy/packbits (__iar_packbits_init3)
    1 source range, total size 0x20f (71% of destination):
          0x00014934   0x20f
    1 destination range, total size 0x2df:
          0x20000000   0x2df



*******************************************************************************
*** MODULE SUMMARY
***

    Module                 ro code  ro data  rw data
    ------                 -------  -------  -------
D:\workspace\TBOX-hengyi\firmware\codeV2.0\iar\Debug\Obj: [1]
    ACC_Detect.o               348      100        8
    BMS_Detect.o               388      100        8
    Can_Hw.o                   444        5      136
    ExtBatt_Detect.o           348      100        8
    GPRS.o                   7 920    3 025      512
    ITHandler.o                308
    Psync.o                  1 120      372       10
    TelmProtocol.o           5 320      303       61
    adc.o                      208      116
    aes.o                    4 984             8 748
    board.o                    550        8
    clock_config.o             856       68
    clock_mcg.o                232
    crc_ccitt.o                 48      512
    diag_task.o              4 656      117      157
    fsl_adc16.o                456      176
    fsl_clock.o              2 792      138       16
    fsl_common.o                28       44
    fsl_dspi.o               2 528      366       16
    fsl_dspi_freertos.o        276
    fsl_flexcan.o            3 848      708        8
    fsl_gpio.o                  96       88
    fsl_llwu.o                 272
    fsl_lpuart.o                28                 8
    fsl_rnga.o                 228
    fsl_rtc.o                  486      116
    fsl_smc.o                  440
    fsl_uart.o                 588      268
    fsl_wdog.o                  46
    fsm.o                      414
    gensubs.o                  112       16
    gps.o                    4 760      152    2 420
    heap_4.o                   652        4   18 456
    list.o                     158
    lowpower.o                  80
    main.o                     112
    param.o                  2 360      465      240
    periodic.o                 984        5       18
    port.o                     604        7        9
    portasm.o                  168
    power_mode_switch.o        552      152
    powerfail.o                516       29       29
    queue.o                  2 616                80
    record_task.o            2 312      197    5 902
    relays.o                 1 500      140       17
    ring_buf.o                 124
    rtc.o                      508
    rtos.o                     896      240       89
    spi_flash_freertos.o     1 688      711       77
    startup_MKS22F12.o       1 452
    str_lib.o                  278
    system.o                   108       20        7
    system_MKS22F12.o           52        2        4
    tasks.o                  3 136        8      260
    timer.o                    350               168
    timers.o                 1 228       16       60
    uart.o                   2 624             3 344
    vehicle.o                1 180      112      586
    ------------------------------------------------
    Total:                  71 366    9 006   41 462

command line: [2]
    ------------------------------------------------
    Total:

dl7M_tlf.a: [3]
    abort.o                      6
    atoi.o                       8
    errno.o                     12        3        4
    exit.o                       4
    isxxx.o                     20
    low_level_init.o             4
    printf.o                    36
    putchar.o                   12
    setlocale.o                 36       83      116
    snprintf.o                  68
    sprintf.o                   52
    tolower.o                   20
    xencoding_sb.o              96
    xfiles.o                             46      144
    xgetmemchunk.o              44                 4
    xlocale_c.o                 32
    xmbcurmax.o                 10
    xmbtowc.o                   32
    xprintfsmall.o           1 988
    xprout.o                    22
    xsnprout.o                  26
    xsprout.o                   10
    xstoul.o                   408
    xtls.o                       2
    xwctomb.o                   26
    xxmemxfree.o               128
    xxmemxmalloc.o             176                 8
    ------------------------------------------------
    Total:                   3 278      132      276

m7M_tls.a: [4]
    fpinit_M.o                  34
    ------------------------------------------------
    Total:                      34

rt7M_tl.a: [5]
    ABImemclr.o                  6
    ABImemcpy_unaligned.o      118
    ABImemset.o                102
    cexit.o                     10
    cmain.o                     26
    cstartup_M.o                12
    data_init.o                 40
    memchr.o                    88
    memcmp_unaligned.o          98
    packbits_init.o            206
    strchr.o                    22
    strcmp_unaligned.o          66
    strlen.o                    54
    zero_init3.o                64
    ------------------------------------------------
    Total:                     912

shb_l.a: [6]
    exit.o                      20
    ------------------------------------------------
    Total:                      20

    Gaps                         4        7
    Linker created                       44    6 144
----------------------------------------------------
    Grand Total:            75 614    9 189   47 882


*******************************************************************************
*** ENTRY LIST
***

Entry                      Address    Size  Type      Object
-----                      -------    ----  ----      ------
.iar.init_table$$Base   0x00013908           --   Gb  - Linker created -
.iar.init_table$$Limit  0x00013934           --   Gb  - Linker created -
?main                   0x00013fe5          Code  Gb  cmain.o [5]
ACC_ACCMonitorProcess   0x000092b3    0x42  Code  Gb  ACC_Detect.o [1]
ACC_GetCurrentSignalLevel
                        0x00009305    0x18  Code  Gb  ACC_Detect.o [1]
ACC_GetStatus           0x000092f5    0x10  Code  Gb  ACC_Detect.o [1]
ACC_InitializeMonitor   0x00009267    0x4c  Code  Gb  ACC_Detect.o [1]
ACC_Status              0x2000a198     0x8  Data  Gb  ACC_Detect.o [1]
ADC16_EnableHardwareTrigger
                        0x0000994f    0x1a  Code  Lc  adc.o [1]
ADC16_GetChannelConversionValue
                        0x00009969    0x22  Code  Lc  adc.o [1]
ADC16_GetChannelStatusFlags
                        0x0000a8d1    0x2a  Code  Gb  fsl_adc16.o [1]
ADC16_GetDefaultConfig  0x0000a845    0x3c  Code  Gb  fsl_adc16.o [1]
ADC16_GetInstance       0x0000a763    0x30  Code  Lc  fsl_adc16.o [1]
ADC16_Init              0x0000a793    0xb2  Code  Gb  fsl_adc16.o [1]
ADC16_SetChannelConfig  0x0000a881    0x50  Code  Gb  fsl_adc16.o [1]
ADC_Initialize          0x0000998b    0x32  Code  Gb  adc.o [1]
ADC_Read                0x000099bd    0x3a  Code  Gb  adc.o [1]
ArrayToUint16           0x0000d9c1    0x1a  Code  Lc  param.o [1]
Assign_Bit              0x0000a43d    0x4a  Code  Gb  gensubs.o [1]
AtCmdQueue              0x2000a204     0x4  Data  Lc  GPRS.o [1]
BD_BDGSA_Msg_Decode     0x00008ca9    0x66  Code  Lc  gps.o [1]
BD_BDGSV_Msg_Decode     0x00008a81   0x1d0  Code  Lc  gps.o [1]
BMS_BMSMonitorProcess   0x0000912f    0x54  Code  Gb  BMS_Detect.o [1]
BMS_GetCurrentSignalLevel
                        0x000091ab    0x18  Code  Gb  BMS_Detect.o [1]
BMS_GetStatus           0x00009183    0x10  Code  Gb  BMS_Detect.o [1]
BMS_InitializeMonitor   0x000090e3    0x4c  Code  Gb  BMS_Detect.o [1]
BMS_OffSignal           0x0000919f     0xc  Code  Gb  BMS_Detect.o [1]
BMS_OnSignal            0x00009193     0xc  Code  Gb  BMS_Detect.o [1]
BMS_Status              0x2000a1a0     0x8  Data  Gb  BMS_Detect.o [1]
BOADR_IO_Init           0x0000725f   0x192  Code  Gb  board.o [1]
BOADR_Init              0x0000742d    0x26  Code  Gb  board.o [1]
BOARD_BootClockHSRUN    0x0001210b    0xba  Code  Gb  clock_config.o [1]
BOARD_SetRtcClockSource
                        0x00009a7b     0xe  Code  Lc  rtc.o [1]
Build_Message           0x00006813    0x18  Code  Gb  rtos.o [1]
CAN0_DriverIRQHandler   0x0000c445    0x26  Code  Gb  fsl_flexcan.o [1]
CAN1_DriverIRQHandler   0x0000c471    0x26  Code  Gb  fsl_flexcan.o [1]
CAN_InitIO              0x0000a69b    0x2e  Code  Lc  Can_Hw.o [1]
CAN_Initialize          0x0000a5e9    0x6e  Code  Gb  Can_Hw.o [1]
CAN_ReceiveFIFOConfig   0x0000a6c9    0x64  Code  Gb  Can_Hw.o [1]
CAN_RxframeBuffer       0x2000a150    0x10  Data  Lc  Can_Hw.o [1]
CAN_SendBlocking        0x0000a657    0x44  Code  Gb  Can_Hw.o [1]
CAN_TxFrameBuffer       0x2000a160    0x10  Data  Lc  Can_Hw.o [1]
CLOCK_BootToPeeMode     0x00005b2d    0x4c  Code  Gb  fsl_clock.o [1]
CLOCK_CONFIG_SetFlexioS0Clock
                        0x000120dd    0x18  Code  Lc  clock_config.o [1]
CLOCK_CONFIG_SetFllExtRefDiv
                        0x000120f5    0x16  Code  Lc  clock_config.o [1]
CLOCK_CONFIG_SetI2s0MasterClock
                        0x0001206b    0x72  Code  Lc  clock_config.o [1]
CLOCK_CONFIG_SetPllFllSelDivFrac
                        0x00012047    0x24  Code  Lc  clock_config.o [1]
CLOCK_CONFIG_SetRtcClock
                        0x00011fdf    0x68  Code  Lc  clock_config.o [1]
CLOCK_DisableClock      0x00011ee7    0x16  Code  Lc  clock_config.o [1]
CLOCK_DisableClock      0x000050cf    0x16  Code  Lc  fsl_clock.o [1]
CLOCK_DisableClock      0x000111ef    0x16  Code  Lc  fsl_rnga.o [1]
CLOCK_EnableClock       0x000091f9    0x16  Code  Lc  ACC_Detect.o [1]
CLOCK_EnableClock       0x00009939    0x16  Code  Lc  adc.o [1]
CLOCK_EnableClock       0x00009075    0x16  Code  Lc  BMS_Detect.o [1]
CLOCK_EnableClock       0x0000722d    0x16  Code  Lc  board.o [1]
CLOCK_EnableClock       0x0000a5b7    0x16  Code  Lc  Can_Hw.o [1]
CLOCK_EnableClock       0x00011ed1    0x16  Code  Lc  clock_config.o [1]
CLOCK_EnableClock       0x00009355    0x16  Code  Lc  ExtBatt_Detect.o [1]
CLOCK_EnableClock       0x0000a74d    0x16  Code  Lc  fsl_adc16.o [1]
CLOCK_EnableClock       0x000050b9    0x16  Code  Lc  fsl_clock.o [1]
CLOCK_EnableClock       0x0000ab13    0x16  Code  Lc  fsl_dspi.o [1]
CLOCK_EnableClock       0x0000b607    0x16  Code  Lc  fsl_flexcan.o [1]
CLOCK_EnableClock       0x000111d9    0x16  Code  Lc  fsl_rnga.o [1]
CLOCK_EnableClock       0x0000a915    0x16  Code  Lc  fsl_rtc.o [1]
CLOCK_EnableClock       0x00004e6d    0x16  Code  Lc  fsl_uart.o [1]
CLOCK_EnableClock       0x00006e55    0x16  Code  Lc  periodic.o [1]
CLOCK_EnableClock       0x00009c2f    0x16  Code  Lc  spi_flash_freertos.o [1]
CLOCK_EnablePll0        0x000057d9    0x62  Code  Gb  fsl_clock.o [1]
CLOCK_EnableUsbfs0Clock
                        0x000054c9    0xda  Code  Gb  fsl_clock.o [1]
CLOCK_ExternalModeToFbeModeQuick
                        0x00005ad1    0x42  Code  Gb  fsl_clock.o [1]
CLOCK_GetEr32kClkFreq   0x0000530b    0x88  Code  Gb  fsl_clock.o [1]
CLOCK_GetFixedFreqClkFreq
                        0x00005653    0x1e  Code  Gb  fsl_clock.o [1]
CLOCK_GetFllExtRefClkFreq
                        0x000051af    0x70  Code  Lc  fsl_clock.o [1]
CLOCK_GetFllFreq        0x000055e7    0x56  Code  Gb  fsl_clock.o [1]
CLOCK_GetFllFreq::fllFactorTable
                        0x000142c8    0x10  Data  Lc  fsl_clock.o [1]
CLOCK_GetFllRefClkFreq  0x00005245    0x20  Code  Lc  fsl_clock.o [1]
CLOCK_GetFreq           0x000053cf    0xe0  Code  Gb  fsl_clock.o [1]
CLOCK_GetInternalRefClkFreq
                        0x0000563d    0x16  Code  Gb  fsl_clock.o [1]
CLOCK_GetInternalRefClkSelectFreq
                        0x0000521f    0x26  Code  Lc  fsl_clock.o [1]
CLOCK_GetMcgExtClkFreq  0x00005139    0x76  Code  Lc  fsl_clock.o [1]
CLOCK_GetOsc0ErClkDivFreq
                        0x000052c9    0x42  Code  Gb  fsl_clock.o [1]
CLOCK_GetOsc0ErClkUndivFreq
                        0x00005293    0x36  Code  Gb  fsl_clock.o [1]
CLOCK_GetOscRangeFromFreq
                        0x0000526d    0x26  Code  Lc  fsl_clock.o [1]
CLOCK_GetOutClkFreq     0x000055a3    0x44  Code  Gb  fsl_clock.o [1]
CLOCK_GetPll0Freq       0x00005671    0x3c  Code  Gb  fsl_clock.o [1]
CLOCK_GetPll0RefFreq    0x00005265     0x8  Code  Lc  fsl_clock.o [1]
CLOCK_GetPllFllSelClkFreq
                        0x00005393    0x3c  Code  Gb  fsl_clock.o [1]
CLOCK_InitOsc0          0x0000583b    0x4e  Code  Gb  fsl_clock.o [1]
CLOCK_SetClkOutClock    0x00011f7f    0x16  Code  Lc  clock_config.o [1]
CLOCK_SetEr32kClock     0x000050e5    0x1a  Code  Lc  fsl_clock.o [1]
CLOCK_SetExternalRefClkConfig
                        0x000056ad    0x6e  Code  Gb  fsl_clock.o [1]
CLOCK_SetFbeMode        0x00005965    0xcc  Code  Gb  fsl_clock.o [1]
CLOCK_SetFbiMode        0x000058c5    0x98  Code  Gb  fsl_clock.o [1]
CLOCK_SetFlexio0Clock   0x00011f31    0x1a  Code  Lc  clock_config.o [1]
CLOCK_SetInternalRefClkConfig
                        0x0000571b    0xbe  Code  Gb  fsl_clock.o [1]
CLOCK_SetLowPowerEnable
                        0x00011c2b    0x22  Code  Lc  clock_mcg.o [1]
CLOCK_SetLpi2c0Clock    0x00011f65    0x1a  Code  Lc  clock_config.o [1]
CLOCK_SetLpi2c1Clock    0x00011fab    0x16  Code  Lc  clock_config.o [1]
CLOCK_SetLpuart0Clock   0x00011efd    0x1a  Code  Lc  clock_config.o [1]
CLOCK_SetPbeMode        0x00005a39    0x72  Code  Gb  fsl_clock.o [1]
CLOCK_SetPeeMode        0x00005aab    0x22  Code  Gb  fsl_clock.o [1]
CLOCK_SetPllFllSelClock
                        0x000050ff    0x1a  Code  Lc  fsl_clock.o [1]
CLOCK_SetRtcClkOutClock
                        0x00011f95    0x16  Code  Lc  clock_config.o [1]
CLOCK_SetSimConfig      0x000054af    0x1a  Code  Gb  fsl_clock.o [1]
CLOCK_SetSimSafeDivs    0x00011fc1     0xa  Code  Lc  clock_config.o [1]
CLOCK_SetSimSafeDivs    0x00011c21     0xa  Code  Lc  clock_mcg.o [1]
CLOCK_SetTpmClock       0x00011f17    0x1a  Code  Lc  clock_config.o [1]
CLOCK_SetTraceClock     0x00011f4b    0x1a  Code  Lc  clock_config.o [1]
CLOCK_SetXtal0Freq      0x00011ec1     0x8  Code  Lc  clock_config.o [1]
CLOCK_SetXtal32Freq     0x00011ec9     0x8  Code  Lc  clock_config.o [1]
CSTACK$$Base            0x2000a310           --   Gb  - Linker created -
CSTACK$$Limit           0x2000ab10           --   Gb  - Linker created -
DSPI_ClearStatusFlags   0x0000ab55     0x4  Code  Lc  fsl_dspi.o [1]
DSPI_CommonIRQHandler   0x0000b431    0x28  Code  Lc  fsl_dspi.o [1]
DSPI_DisableInterrupts  0x0000ab59     0x8  Code  Lc  fsl_dspi.o [1]
DSPI_Enable             0x0000ab37    0x1a  Code  Lc  fsl_dspi.o [1]
DSPI_EnableInterrupts   0x0000b009    0x20  Code  Gb  fsl_dspi.o [1]
DSPI_FlushFifo          0x0000ab8d    0x16  Code  Lc  fsl_dspi.o [1]
DSPI_GetInstance        0x0000abcd    0x36  Code  Gb  fsl_dspi.o [1]
DSPI_GetStatusFlags     0x0000ab51     0x4  Code  Lc  fsl_dspi.o [1]
DSPI_IsMaster           0x0000ab71     0x8  Code  Lc  fsl_dspi.o [1]
DSPI_MasterGetDefaultConfig
                        0x0000ad03    0x4a  Code  Gb  fsl_dspi.o [1]
DSPI_MasterGetFormattedCommand
                        0x0000aba3    0x26  Code  Lc  fsl_dspi.o [1]
DSPI_MasterInit         0x0000ac03   0x100  Code  Gb  fsl_dspi.o [1]
DSPI_MasterSetBaudRate  0x0000ad75    0xf6  Code  Gb  fsl_dspi.o [1]
DSPI_MasterSetDelayScaler
                        0x0000ae6b    0xaa  Code  Gb  fsl_dspi.o [1]
DSPI_MasterSetDelayTimes
                        0x0000af15    0xf4  Code  Gb  fsl_dspi.o [1]
DSPI_MasterTransferComplete
                        0x0000b1b9    0x40  Code  Lc  fsl_dspi.o [1]
DSPI_MasterTransferCreateHandle
                        0x0000b029    0x4c  Code  Gb  fsl_dspi.o [1]
DSPI_MasterTransferFillUpTxFifo
                        0x0000b205   0x10e  Code  Lc  fsl_dspi.o [1]
DSPI_MasterTransferHandleIRQ
                        0x0000b325    0xe0  Code  Gb  fsl_dspi.o [1]
DSPI_MasterTransferNonBlocking
                        0x0000b139    0x80  Code  Gb  fsl_dspi.o [1]
DSPI_MasterTransferPrepare
                        0x0000b075    0xc4  Code  Lc  fsl_dspi.o [1]
DSPI_RTOS_Callback      0x0000b4dd    0x34  Code  Lc  fsl_dspi_freertos.o [1]
DSPI_RTOS_Init          0x0000b511    0x7a  Code  Gb  fsl_dspi_freertos.o [1]
DSPI_RTOS_Transfer      0x0000b595    0x5c  Code  Gb  fsl_dspi_freertos.o [1]
DSPI_ReadData           0x0000abc9     0x4  Code  Lc  fsl_dspi.o [1]
DSPI_SetMasterSlaveMode
                        0x0000ab61    0x10  Code  Lc  fsl_dspi.o [1]
DSPI_SetOnePcsPolarity  0x0000ad4d    0x28  Code  Lc  fsl_dspi.o [1]
DSPI_StartTransfer      0x0000ab79     0xa  Code  Lc  fsl_dspi.o [1]
DSPI_StopTransfer       0x0000ab83     0xa  Code  Lc  fsl_dspi.o [1]
Diag_Task               0x0000ffbf    0x48  Code  Gb  diag_task.o [1]
DisableGlobalIRQ        0x00006e25     0x8  Code  Lc  fsl_wdog.o [1]
EB_EBMonitorProcess     0x0000940f    0x54  Code  Gb  ExtBatt_Detect.o [1]
EB_InitializeMonitor    0x000093c3    0x4c  Code  Gb  ExtBatt_Detect.o [1]
EB_OffSignal            0x0000946f     0xc  Code  Gb  ExtBatt_Detect.o [1]
EB_OnSignal             0x00009463     0xc  Code  Gb  ExtBatt_Detect.o [1]
EB_Status               0x2000a1a8     0x8  Data  Gb  ExtBatt_Detect.o [1]
EnableGlobalIRQ         0x00006e2d     0x6  Code  Lc  fsl_wdog.o [1]
EnableIRQ               0x0000920f     0xe  Code  Lc  ACC_Detect.o [1]
EnableIRQ               0x0000908b     0xe  Code  Lc  BMS_Detect.o [1]
EnableIRQ               0x0000936b     0xe  Code  Lc  ExtBatt_Detect.o [1]
EnableIRQ               0x0000ab29     0xe  Code  Lc  fsl_dspi.o [1]
EnableIRQ               0x0000b61d     0xe  Code  Lc  fsl_flexcan.o [1]
EnableIRQ               0x00009a1d     0xe  Code  Lc  rtc.o [1]
EnableIRQ               0x0000237f     0xe  Code  Lc  uart.o [1]
EventFucntion           0x20000218    0x2c  Data  Lc  GPRS.o [1]
EventQueue              0x2000a208     0x4  Data  Lc  GPRS.o [1]
FLEXCAN_ClearMbStatusFlags
                        0x0000b635     0x4  Code  Lc  fsl_flexcan.o [1]
FLEXCAN_ClearStatusFlags
                        0x0000b62b     0x4  Code  Lc  fsl_flexcan.o [1]
FLEXCAN_DisableInterrupts
                        0x0000b651    0x18  Code  Lc  fsl_flexcan.o [1]
FLEXCAN_DisableMbInterrupts
                        0x0000b671     0x8  Code  Lc  fsl_flexcan.o [1]
FLEXCAN_Enable          0x0000b679    0x26  Code  Lc  fsl_flexcan.o [1]
FLEXCAN_EnableInterrupts
                        0x0000b639    0x18  Code  Lc  fsl_flexcan.o [1]
FLEXCAN_EnableMbInterrupts
                        0x0000b669     0x8  Code  Lc  fsl_flexcan.o [1]
FLEXCAN_EnterFrazeMode  0x0000b6d5    0x10  Code  Lc  fsl_flexcan.o [1]
FLEXCAN_ExitFrazeMode   0x0000b6e5    0x10  Code  Lc  fsl_flexcan.o [1]
FLEXCAN_GetDefaultConfig
                        0x0000b95b    0x3c  Code  Gb  fsl_flexcan.o [1]
FLEXCAN_GetInstance     0x0000b69f    0x36  Code  Gb  fsl_flexcan.o [1]
FLEXCAN_GetMbStatusFlags
                        0x0000b62f     0x6  Code  Lc  fsl_flexcan.o [1]
FLEXCAN_Init            0x0000b879    0xe2  Code  Gb  fsl_flexcan.o [1]
FLEXCAN_IsMbIntEnabled  0x0000b729    0x2e  Code  Lc  fsl_flexcan.o [1]
FLEXCAN_IsMbOccupied    0x0000b6f5    0x34  Code  Lc  fsl_flexcan.o [1]
FLEXCAN_ReadRxMb        0x0000be8b    0xf0  Code  Gb  fsl_flexcan.o [1]
FLEXCAN_Reset           0x0000b757    0xa0  Code  Lc  fsl_flexcan.o [1]
FLEXCAN_SetBaudRate     0x0000b7f7    0x82  Code  Lc  fsl_flexcan.o [1]
FLEXCAN_SetRxMbConfig   0x0000ba8f    0xd8  Code  Gb  fsl_flexcan.o [1]
FLEXCAN_SetTimingConfig
                        0x0000b997    0x66  Code  Gb  fsl_flexcan.o [1]
FLEXCAN_SetTxMbConfig   0x0000b9fd    0x92  Code  Gb  fsl_flexcan.o [1]
FLEXCAN_TransferAbortReceive
                        0x0000c205    0x7a  Code  Gb  fsl_flexcan.o [1]
FLEXCAN_TransferAbortSend
                        0x0000c171    0x8c  Code  Gb  fsl_flexcan.o [1]
FLEXCAN_TransferCreateHandle
                        0x0000c02f    0xcc  Code  Gb  fsl_flexcan.o [1]
FLEXCAN_TransferHandleIRQ
                        0x0000c295   0x1b0  Code  Gb  fsl_flexcan.o [1]
FLEXCAN_TransferReceiveFifoNonBlocking
                        0x0000c109    0x5c  Code  Gb  fsl_flexcan.o [1]
FLEXCAN_WriteTxMb       0x0000bd77   0x114  Code  Gb  fsl_flexcan.o [1]
FSM_Process_CS          0x0000a419    0x22  Code  Gb  fsm.o [1]
FSM_Process_Evt         0x0000a29d   0x17c  Code  Gb  fsm.o [1]
FSb                     0x200095e0   0x100  Data  Lc  aes.o [1]
FT0                     0x20006d7c   0x400  Data  Lc  aes.o [1]
FT1                     0x2000717c   0x400  Data  Lc  aes.o [1]
FT2                     0x2000757c   0x400  Data  Lc  aes.o [1]
FT3                     0x2000797c   0x400  Data  Lc  aes.o [1]
FlEXCAN_ReadRxFifo      0x0000bf7b    0x78  Code  Gb  fsl_flexcan.o [1]
FlEXCAN_SetRxFifoConfig
                        0x0000bb67   0x210  Code  Gb  fsl_flexcan.o [1]
FlEXCAN_TransferSendBlocking
                        0x0000bff3    0x3c  Code  Gb  fsl_flexcan.o [1]
FlashInfo               0x200002d0     0x4  Data  Lc  spi_flash_freertos.o [1]
GNSS_GNRMC_Msg_Decode   0x000081c7   0x2e4  Code  Lc  gps.o [1]
GPIO_PinInit            0x00007a1b    0x42  Code  Gb  fsl_gpio.o [1]
GPIO_ReadPinInput       0x0000921d     0xa  Code  Lc  ACC_Detect.o [1]
GPIO_ReadPinInput       0x00009099     0xa  Code  Lc  BMS_Detect.o [1]
GPIO_ReadPinInput       0x00009379     0xa  Code  Lc  ExtBatt_Detect.o [1]
GPIO_ReadPinInput       0x00012441     0xa  Code  Lc  ITHandler.o [1]
GPIO_WritePinOutput     0x0000ffa9    0x16  Code  Lc  diag_task.o [1]
GPIO_WritePinOutput     0x00007a05    0x16  Code  Lc  fsl_gpio.o [1]
GPIO_WritePinOutput     0x00007dc9    0x16  Code  Lc  gps.o [1]
GPIO_WritePinOutput     0x00006e6b    0x16  Code  Lc  periodic.o [1]
GPIO_WritePinOutput     0x00007455    0x16  Code  Lc  Psync.o [1]
GPIO_WritePinOutput     0x000112df    0x16  Code  Lc  relays.o [1]
GPIO_WritePinOutput     0x00009c45    0x16  Code  Lc  spi_flash_freertos.o [1]
GPIO_WritePinOutput     0x0000949d    0x16  Code  Lc  vehicle.o [1]
GPS_COM_Initialize      0x00007ed1    0x36  Code  Lc  gps.o [1]
GPS_Task                0x00007ddf    0x84  Code  Gb  gps.o [1]
GPS_Validate_Rx_Frame_Data
                        0x00008029    0xb8  Code  Lc  gps.o [1]
GPS_update_last         0x00007e99    0x38  Code  Lc  gps.o [1]
Get_Activation_Status   0x0000db69     0x8  Code  Gb  param.o [1]
Get_Cold_Start          0x00006661    0x14  Code  Gb  rtos.o [1]
Get_Config              0x0000dc09    0x48  Code  Gb  param.o [1]
Get_Filed_Data_Pointer  0x00004d1f    0x30  Code  Gb  str_lib.o [1]
Get_Iccid               0x0000c98b    0x3e  Code  Lc  TelmProtocol.o [1]
Get_Manufacture_Setting
                        0x0000da09    0xc2  Code  Gb  param.o [1]
Get_Next_Data_Len_Before_Comma
                        0x00004cff    0x20  Code  Gb  str_lib.o [1]
Get_Time                0x0000c97f     0xc  Code  Lc  TelmProtocol.o [1]
Get_backupl_Info        0x0000dd59    0xfa  Code  Lc  param.o [1]
Get_config_data         0x0000dced    0x16  Code  Gb  param.o [1]
Get_config_secretKey    0x0000dd1d    0x1a  Code  Gb  param.o [1]
Get_default_config      0x0000dbbf    0x4a  Code  Lc  param.o [1]
Get_vhcl_Data_Total_Number
                        0x0000de53     0x8  Code  Gb  param.o [1]
Gps_Rx_Data_Byte        0x00007f07   0x122  Code  Lc  gps.o [1]
Gps_Rx_Data_Byte::first_sync_ch_received
                        0x2000a2f4     0x1  Data  Lc  gps.o [1]
Gps_Rx_Data_Byte::gps_rx_buffer
                        0x20009b28    0x78  Data  Lc  gps.o [1]
Gps_Rx_Data_Byte::gps_rx_state
                        0x2000a2f2     0x1  Data  Lc  gps.o [1]
Gps_Rx_Data_Byte::rx_count
                        0x2000a2f3     0x1  Data  Lc  gps.o [1]
Gps_any_received_frames
                        0x00008185    0x16  Code  Lc  gps.o [1]
Gps_check_receive       0x000080fd    0x88  Code  Lc  gps.o [1]
Gps_received_frame      0x0000819b    0x2a  Code  Lc  gps.o [1]
HEAP$$Base              0x2000ab10           --   Gb  - Linker created -
HEAP$$Limit             0x2000bb10           --   Gb  - Linker created -
HexToStr                0x00004d4f    0x2e  Code  Gb  str_lib.o [1]
HextoChar               0x00004c67    0x3a  Code  Gb  str_lib.o [1]
IOT_GetCsq              0x00002229     0xc  Code  Gb  GPRS.o [1]
IOT_GetIccid            0x00002201    0x1e  Code  Gb  GPRS.o [1]
IOT_GetImei             0x000021b1    0x1e  Code  Gb  GPRS.o [1]
IOT_GetImsi             0x000021dd    0x1e  Code  Gb  GPRS.o [1]
IOT_GetSessionState     0x00002181    0x1e  Code  Gb  GPRS.o [1]
IOT_IpClose             0x0000212d    0x2c  Code  Gb  GPRS.o [1]
IOT_IpNetSend           0x00001efd    0xde  Code  Gb  GPRS.o [1]
IOT_IpOpenUnblock       0x000020ed    0x40  Code  Gb  GPRS.o [1]
IOT_IsIpTransOk         0x00002239     0xa  Code  Gb  GPRS.o [1]
IOT_IsSimReady          0x00002243     0xa  Code  Gb  GPRS.o [1]
IOT_PowerDown           0x0000209d    0x44  Code  Gb  GPRS.o [1]
IOT_Task                0x00001e91    0x64  Code  Gb  GPRS.o [1]
IOT_ipConnectStateChangeNotifierRegester
                        0x0000225d     0x6  Code  Gb  GPRS.o [1]
IOT_receiveDatahanlerRegester
                        0x0000224d     0x6  Code  Gb  GPRS.o [1]
Idle_Task               0x00006719    0x1c  Code  Lc  rtos.o [1]
InStream_StepRegion     0x0001254d    0x14  Code  Lc  packbits_init.o [5]
Init_Config             0x0000db71    0x4e  Code  Lc  param.o [1]
Init_Manufacture_Setting
                        0x0000d9f3    0x16  Code  Lc  param.o [1]
Init_Param_In_Flash     0x0000e171    0x10  Code  Lc  param.o [1]
Init_vhcl_Info          0x0000dd37    0x22  Code  Gb  param.o [1]
LED_Get_Toggle_Period   0x00007905     0x8  Code  Gb  system.o [1]
LED_Set_Toggle_Period   0x000078fd     0x8  Code  Gb  system.o [1]
LLWU_ClearExternalWakeupPinFlag
                        0x00011bd7    0x4a  Code  Gb  fsl_llwu.o [1]
LLWU_GetExternalWakeupPinFlag
                        0x00011b87    0x50  Code  Gb  fsl_llwu.o [1]
LLWU_IRQHandler         0x000124b9    0x76  Code  Gb  ITHandler.o [1]
LLWU_SetExternalWakeupPinMode
                        0x00011b11    0x76  Code  Gb  fsl_llwu.o [1]
LPTMR0_IRQHandler       0x0001252f     0x2  Code  Gb  ITHandler.o [1]
LPUART0_DriverIRQHandler
                        0x00013fc9    0x10  Code  Gb  fsl_lpuart.o [1]
Led_Period              0x2000a2e6     0x2  Data  Lc  system.o [1]
LoadInt                 0x000062cd    0x4c  Code  Lc  xprintfsmall.o [3]
Load_Param              0x0000e1c1    0x44  Code  Gb  param.o [1]
MCG_SetClockHsrun       0x00011c4d    0x1a  Code  Gb  clock_mcg.o [1]
MCG_SetClockRunFromHsrun
                        0x00011c67    0x1a  Code  Gb  clock_mcg.o [1]
MCG_SetClockRunFromVlpr
                        0x00011c81    0x32  Code  Gb  clock_mcg.o [1]
MCG_SetClockVlpr        0x00011cb3    0x30  Code  Gb  clock_mcg.o [1]
Micro_Go_Low_Power      0x0001189d    0x48  Code  Gb  lowpower.o [1]
ModuleCloseSesion       0x000007fd    0x66  Code  Lc  GPRS.o [1]
ModuleCsqCheck          0x00000865    0x2e  Code  Lc  GPRS.o [1]
ModuleInit              0x00000675    0x2e  Code  Lc  GPRS.o [1]
ModuleIpOpen            0x0000072d    0xa2  Code  Lc  GPRS.o [1]
ModulePowerDown         0x000006a3    0x2e  Code  Lc  GPRS.o [1]
ModulePowerUp           0x000006d1    0x2e  Code  Lc  GPRS.o [1]
ModuleReceiveIpData     0x00000893    0x58  Code  Lc  GPRS.o [1]
ModuleRecoverSesion     0x000008eb    0x32  Code  Lc  GPRS.o [1]
ModuleRestart           0x000006ff    0x2e  Code  Lc  GPRS.o [1]
ModuleSelfTeste         0x000007cf    0x2e  Code  Lc  GPRS.o [1]
NMEA_GNGGA_Msg_Decode   0x00008783   0x136  Code  Lc  gps.o [1]
NMEA_GPGLL_Msg_Decode   0x000088b9     0x6  Code  Lc  gps.o [1]
NMEA_GPGSA_Msg_Decode   0x00008c55    0x4a  Code  Lc  gps.o [1]
NMEA_GPGSV_Msg_Decode   0x000088bf   0x1ac  Code  Lc  gps.o [1]
NMEA_GPRMC_Msg_Decode   0x000084ab   0x2d8  Code  Lc  gps.o [1]
[...]
prvSampleTimeNow        0x00003a0d    0x28  Code  Lc  timers.o [1]
prvSampleTimeNow::xLastTime
                        0x2000a2d4     0x4  Data  Lc  timers.o [1]
prvSwitchTimerLists     0x00003b63    0x90  Code  Lc  timers.o [1]
prvTaskExitError        0x00005bc9    0x2a  Code  Lc  port.o [1]
prvTelmProt_Aes_Decrypt
                        0x0000c8dd    0x78  Code  Lc  TelmProtocol.o [1]
prvTelmProt_Aes_Encrypt
                        0x0000c7e7    0xf6  Code  Lc  TelmProtocol.o [1]
prvTelmProt_ChangeKey   0x0000c4f9    0x50  Code  Lc  TelmProtocol.o [1]
prvTelmProt_Encode_AbsVal
                        0x0000cb45    0x42  Code  Lc  TelmProtocol.o [1]
prvTelmProt_Encode_Alarm
                        0x0000cb87    0x42  Code  Lc  TelmProtocol.o [1]
prvTelmProt_Encode_Batt_Temp
                        0x0000cc1b    0x42  Code  Lc  TelmProtocol.o [1]
prvTelmProt_Encode_Batt_Volt
                        0x0000cbd9    0x42  Code  Lc  TelmProtocol.o [1]
prvTelmProt_Encode_Chk  0x0000c955    0x2a  Code  Lc  TelmProtocol.o [1]
prvTelmProt_Encode_EcEngine
                        0x0000cab5    0x42  Code  Lc  TelmProtocol.o [1]
prvTelmProt_Encode_Engine
                        0x0000cafd     0x6  Code  Lc  TelmProtocol.o [1]
prvTelmProt_Encode_Extended
                        0x0000cc63    0x42  Code  Lc  TelmProtocol.o [1]
prvTelmProt_Encode_FuelBatt
                        0x0000caf7     0x6  Code  Lc  TelmProtocol.o [1]
prvTelmProt_Encode_GPS  0x0000cb03    0x42  Code  Lc  TelmProtocol.o [1]
prvTelmProt_Encode_Header
                        0x0000d8e5    0x32  Code  Lc  TelmProtocol.o [1]
prvTelmProt_Encode_HeartBeat
                        0x0000cc5d     0x6  Code  Lc  TelmProtocol.o [1]
prvTelmProt_Encode_Login
                        0x0000c9c9    0x52  Code  Lc  TelmProtocol.o [1]
prvTelmProt_Encode_Logout
                        0x0000ca1b    0x60  Code  Lc  TelmProtocol.o [1]
prvTelmProt_Encode_Resp
                        0x0000cbc9    0x10  Code  Lc  TelmProtocol.o [1]
prvTelmProt_Encode_Vehicle
                        0x0000ca7b    0x3a  Code  Lc  TelmProtocol.o [1]
prvTelmProt_ParseControlCmd
                        0x0000c549    0xa4  Code  Lc  TelmProtocol.o [1]
prvTelmProt_ParseLocatCmd
                        0x0000c5ed     0x6  Code  Lc  TelmProtocol.o [1]
prvTimerTask            0x00003951    0x1e  Code  Lc  timers.o [1]
prvUnlockQueue          0x0000361f    0x6e  Code  Lc  queue.o [1]
ps_check_can_sleep      0x00007755     0x6  Code  Lc  Psync.o [1]
ps_check_dev_active     0x0000774f     0x6  Code  Lc  Psync.o [1]
ps_check_dev_active_user_on
                        0x00007749     0x6  Code  Lc  Psync.o [1]
ps_check_user_mode_condition
                        0x0000772d    0x1c  Code  Lc  Psync.o [1]
ps_chrateTImerHandler   0x000076ad    0x16  Code  Lc  Psync.o [1]
ps_cs_awake             0x0000760d    0x98  Code  Lc  Psync.o [1]
ps_cs_eng_on            0x000076c3    0x6a  Code  Lc  Psync.o [1]
ps_cs_idle              0x000075ed    0x20  Code  Lc  Psync.o [1]
ps_cs_root              0x000075e9     0x4  Code  Lc  Psync.o [1]
ps_cs_sys_on            0x000076a5     0x4  Code  Lc  Psync.o [1]
ps_cs_user_on           0x000076a9     0x4  Code  Lc  Psync.o [1]
ps_data                 0x2000a1d0     0x8  Data  Lc  Psync.o [1]
ps_entry_awake          0x0000758f    0x28  Code  Lc  Psync.o [1]
ps_entry_eng_on         0x000075bf    0x10  Code  Lc  Psync.o [1]
ps_entry_idle           0x0000757b    0x14  Code  Lc  Psync.o [1]
ps_entry_root           0x0000753f    0x3c  Code  Lc  Psync.o [1]
ps_entry_sys_on         0x000075b7     0x4  Code  Lc  Psync.o [1]
ps_entry_user_on        0x000075bb     0x4  Code  Lc  Psync.o [1]
ps_exit_awake           0x000075cf    0x12  Code  Lc  Psync.o [1]
ps_exit_eng_on          0x000075e5     0x4  Code  Lc  Psync.o [1]
ps_exit_user_on         0x000075e1     0x4  Code  Lc  Psync.o [1]
ps_restart_stdby_tmr    0x00007775    0x28  Code  Lc  Psync.o [1]
ps_set_force_user_off   0x0000775b     0x4  Code  Lc  Psync.o [1]
ps_set_ign_on_to_awake  0x000077a1     0x4  Code  Lc  Psync.o [1]
ps_set_user_off_start_stdby_tmr
                        0x0000775f     0x4  Code  Lc  Psync.o [1]
ps_start_action         0x00007529    0x16  Code  Lc  Psync.o [1]
ps_start_stdby_tmr      0x00007763    0x12  Code  Lc  Psync.o [1]
ps_stop_dev_on_tmr      0x0000779d     0x4  Code  Lc  Psync.o [1]
putchar                 0x00014165     0xc  Code  Gb  putchar.o [3]
pvPortMalloc            0x000048a9   0x124  Code  Gb  heap_4.o [1]
pvTaskIncrementMutexHeldCount
                        0x000047a5    0x1e  Code  Gb  tasks.o [1]
pxCurrentTCB            0x2000a280     0x4  Data  Gb  tasks.o [1]
pxCurrentTimerList      0x2000a2c4     0x4  Data  Lc  timers.o [1]
pxDelayedTaskList       0x2000a284     0x4  Data  Lc  tasks.o [1]
pxEnd                   0x2000a230     0x4  Data  Lc  heap_4.o [1]
pxOverflowDelayedTaskList
                        0x2000a288     0x4  Data  Lc  tasks.o [1]
pxOverflowTimerList     0x2000a2c8     0x4  Data  Lc  timers.o [1]
pxPortInitialiseStack   0x00005ba1    0x28  Code  Gb  port.o [1]
pxReadyTasksLists       0x20009cfc    0x64  Data  Lc  tasks.o [1]
pxResources             0x2000a090    0x1c  Data  Lc  rtos.o [1]
pxTaskHandle            0x2000a074    0x1c  Data  Lc  rtos.o [1]
pxTaskQueue             0x2000a058    0x1c  Data  Lc  rtos.o [1]
queryDetecter           0x00000b9b    0x52  Code  Lc  GPRS.o [1]
queryTbl                0x2000028c    0x10  Data  Gb  GPRS.o [1]
realtimeSendResHandle   0x0000fd0d    0x38  Code  Lc  record_task.o [1]
receiveChecker          0x00000f65   0x4c0  Code  Lc  GPRS.o [1]
recordInteral           0x200002cc     0x4  Data  Lc  record_task.o [1]
recordRlealtimeData     0x0000fc17    0xf4  Code  Lc  record_task.o [1]
recordTimer             0x2000a260     0x4  Data  Lc  record_task.o [1]
record_event_handler    0x20000278    0x14  Data  Lc  record_task.o [1]
reset                   0x00000667     0xe  Code  Lc  GPRS.o [1]
resource_init           0x00014428    0x10  Data  Lc  rtos.o [1]
respHandler             0x2000a2bc     0x4  Data  Lc  TelmProtocol.o [1]
rl_awake_to_idle        0x000116bd   0x10a  Code  Lc  relays.o [1]
rl_check                0x0001166b     0x2  Code  Lc  relays.o [1]
rl_check_wake_up        0x00011839     0x8  Code  Lc  relays.o [1]
rl_cs_awake             0x00011683    0x2a  Code  Lc  relays.o [1]
rl_cs_idle              0x000117c7    0x20  Code  Lc  relays.o [1]
rl_cs_play              0x000116ad    0x10  Code  Lc  relays.o [1]
rl_current_state        0x00014574     0xc  Data  Lc  relays.o [1]
rl_data                 0x2000a2fc     0x1  Data  Lc  relays.o [1]
rl_delay_without_schedule
                        0x000117e7    0x2a  Code  Gb  relays.o [1]
rl_idle_to_awake        0x0001166d     0xe  Code  Lc  relays.o [1]
rl_not_awake_IO         0x00011311   0x2ac  Code  Lc  relays.o [1]
rl_play_to_awake        0x0001167b     0x8  Code  Lc  relays.o [1]
rl_timer                0x2000a170    0x10  Data  Lc  relays.o [1]
rl_wait_for_tasks_to_suspend
                        0x00011811    0x28  Code  Lc  relays.o [1]
rl_wake_up              0x00011615     0x4  Code  Lc  relays.o [1]
rltmInfoTbl             0x20004ae0  0x16dc  Data  Lc  record_task.o [1]
rnga_ReadEntropy        0x0001122d    0x22  Code  Lc  fsl_rnga.o [1]
s_adc16Bases            0x000148f8     0x4  Data  Lc  fsl_adc16.o [1]
s_adc16Clocks           0x000148fc     0x4  Data  Gb  fsl_adc16.o [1]
s_baudratePrescaler     0x000142f8    0x10  Data  Lc  fsl_dspi.o [1]
s_baudrateScaler        0x00012d08    0x40  Data  Lc  fsl_dspi.o [1]
s_delayPrescaler        0x00014308    0x10  Data  Lc  fsl_dspi.o [1]
s_delayScaler           0x00012d48    0x40  Data  Lc  fsl_dspi.o [1]
s_dspiBases             0x0001463c     0x8  Data  Lc  fsl_dspi.o [1]
s_dspiClock             0x00014644     0x8  Data  Lc  fsl_dspi.o [1]
s_dspiIRQ               0x00004dea     0x2  Data  Lc  fsl_dspi.o [1]
s_dspiMasterIsr         0x2000a1f4     0x4  Data  Lc  fsl_dspi.o [1]
s_dspiSlaveIsr          0x2000a1f8     0x4  Data  Lc  fsl_dspi.o [1]
s_fastIrcFreq           0x200002c0     0x4  Data  Lc  fsl_clock.o [1]
s_flexcanBases          0x0001467c     0x8  Data  Lc  fsl_flexcan.o [1]
s_flexcanBusOffIRQ      0x00006da2     0x2  Data  Lc  fsl_flexcan.o [1]
s_flexcanClock          0x00014684     0x8  Data  Lc  fsl_flexcan.o [1]
s_flexcanErrorIRQ       0x00006cd6     0x2  Data  Lc  fsl_flexcan.o [1]
s_flexcanHandle         0x2000a1b8     0x8  Data  Lc  fsl_flexcan.o [1]
s_flexcanMbIRQ          0x00006e52     0x2  Data  Lc  fsl_flexcan.o [1]
s_flexcanRxWarningIRQ   0x00004df2     0x2  Data  Lc  fsl_flexcan.o [1]
s_flexcanTxWarningIRQ   0x00005e9a     0x2  Data  Lc  fsl_flexcan.o [1]
s_flexcanWakeUpIRQ      0x00006c72     0x2  Data  Lc  fsl_flexcan.o [1]
s_lpuartHandle          0x2000a1fc     0x4  Data  Lc  fsl_lpuart.o [1]
s_lpuartIsr             0x2000a200     0x4  Data  Lc  fsl_lpuart.o [1]
s_slowIrcFreq           0x200002bc     0x4  Data  Lc  fsl_clock.o [1]
s_uartBases             0x00014484     0xc  Data  Lc  fsl_uart.o [1]
s_uartClock             0x00014490     0xc  Data  Lc  fsl_uart.o [1]
seed                    0x2000a1e4     0x4  Data  Lc  diag_task.o [1]
sesionState             0x2000a2ea     0x2  Data  Lc  TelmProtocol.o [1]
simConfig_BAORD_BootClockVLPR
                        0x000145e4     0x8  Data  Gb  clock_config.o [1]
simConfig_BOARD_BootClockHSRUN
                        0x000145ec     0x8  Data  Gb  clock_config.o [1]
simConfig_BOARD_BootClockRUN
                        0x000145fc     0x8  Data  Gb  clock_config.o [1]
singleBatTmpPackge      0x0000d76b    0x7a  Code  Lc  TelmProtocol.o [1]
singleBatVolPackge      0x0000d567    0xa6  Code  Lc  TelmProtocol.o [1]
snprintf                0x00004e29    0x44  Code  Gb  snprintf.o [3]
spi_cs_activate         0x00009da1    0x10  Code  Gb  spi_flash_freertos.o [1]
spi_cs_deactivate       0x00009db1    0x10  Code  Gb  spi_flash_freertos.o [1]
spi_flash_addr2cmd      0x00009dc1     0xc  Code  Gb  spi_flash_freertos.o [1]
spi_flash_chk_status    0x00009e43    0x8c  Code  Gb  spi_flash_freertos.o [1]
spi_flash_deepPwrDown   0x0000a14d    0x36  Code  Gb  spi_flash_freertos.o [1]
spi_flash_enable_write  0x00009ecf    0x2a  Code  Gb  spi_flash_freertos.o [1]
spi_flash_erase_sector  0x0000a069    0x98  Code  Gb  spi_flash_freertos.o [1]
spi_flash_init          0x00009c9f   0x102  Code  Gb  spi_flash_freertos.o [1]
spi_flash_init::flashInfoOnShip
                        0x2000a27c     0x4  Data  Lc  spi_flash_freertos.o [1]
spi_flash_is_ok         0x0000a1f9     0x6  Code  Gb  spi_flash_freertos.o [1]
spi_flash_read          0x0000a015    0x54  Code  Gb  spi_flash_freertos.o [1]
spi_flash_readid        0x0000a101    0x4c  Code  Gb  spi_flash_freertos.o [1]
spi_flash_rw            0x00009dcd    0x76  Code  Gb  spi_flash_freertos.o [1]
spi_flash_write         0x00009f77    0x9e  Code  Gb  spi_flash_freertos.o [1]
spi_flash_write_page    0x00009ef9    0x7e  Code  Gb  spi_flash_freertos.o [1]
spi_low_level_init      0x0000a183    0x76  Code  Lc  spi_flash_freertos.o [1]
sprintf                 0x00004df5    0x34  Code  Gb  sprintf.o [3]
strchr                  0x00006c5d          Code  Gb  strchr.o [5]
strlen                  0x00004c31          Code  Gb  strlen.o [5]
sys_sleep_request_flag  0x2000a30c     0x1  Data  Gb  system.o [1]
sys_wakeup_src_flags    0x2000a308     0x4  Data  Gb  system.o [1]
telm_info_encode_table  0x00012e88    0x38  Data  Lc  TelmProtocol.o [1]
test                    0x000014f1    0x24  Code  Lc  GPRS.o [1]
tmr_array               0x200098d0    0xa8  Data  Lc  timer.o [1]
tolower                 0x00007935    0x14  Code  Gb  tolower.o [3]
tree_psync              0x000127e8    0x60  Data  Gb  Psync.o [1]
tryCnt                  0x2000a2ed     0x1  Data  Lc  diag_task.o [1]
txFrameMB               0x200002b4     0x8  Data  Lc  Can_Hw.o [1]
u_do_tx                 0x0000286d    0xce  Code  Gb  uart.o [1]
uart0_rx_buf            0x20009978    0x98  Data  Lc  uart.o [1]
uart0_tx_buf            0x20009a10    0x98  Data  Lc  uart.o [1]
uart1_rx_buf            0x20009164   0x258  Data  Lc  uart.o [1]
uart1_tx_buf            0x20009d60    0x64  Data  Lc  uart.o [1]
uart2_rx_buf            0x20006930   0x44c  Data  Lc  uart.o [1]
uart2_tx_buf            0x20008d7c   0x3e8  Data  Lc  uart.o [1]
uart_chan               0x200097e0    0xf0  Data  Gb  uart.o [1]
ucHeap                  0x200002e0  0x4800  Data  Lc  heap_4.o [1]
ucMaxSysCallPriority    0x2000a2f6     0x1  Data  Lc  port.o [1]
udsDataTbl              0x2000a018    0x24  Data  Lc  vehicle.o [1]
uds_rx_buffer           0x20009f20    0x48  Data  Lc  diag_task.o [1]
uds_securityLevel       0x2000a2ec     0x1  Data  Lc  diag_task.o [1]
uds_sessionType         0x200002dc     0x1  Data  Lc  diag_task.o [1]
uds_tx_buffer           0x20009f68    0x48  Data  Lc  diag_task.o [1]
ulMaxPRIGROUPValue      0x2000a250     0x4  Data  Lc  port.o [1]
unitType                0x2000a2ee     0x1  Data  Lc  diag_task.o [1]
uploadDataTable         0x200001e8    0x30  Data  Lc  TelmProtocol.o [1]
urcDetecter             0x00000ae5    0xb6  Code  Lc  GPRS.o [1]
urcTable                0x20000000    0xa8  Data  Lc  GPRS.o [1]
uxCriticalNesting       0x200002c8     0x4  Data  Lc  port.o [1]
uxCurrentNumberOfTasks  0x2000a290     0x4  Data  Lc  tasks.o [1]
uxDeletedTasksWaitingCleanUp
                        0x2000a28c     0x4  Data  Lc  tasks.o [1]
uxListRemove            0x00005e73    0x28  Code  Gb  list.o [1]
uxPendedTicks           0x2000a2a0     0x4  Data  Lc  tasks.o [1]
uxQueueMessagesWaiting  0x00003501    0x28  Code  Gb  queue.o [1]
uxSchedulerSuspended    0x2000a2b8     0x4  Data  Lc  tasks.o [1]
uxTaskNumber            0x2000a2ac     0x4  Data  Lc  tasks.o [1]
uxTopReadyPriority      0x2000a298     0x4  Data  Lc  tasks.o [1]
vApplicationDaemonTaskStartupHook
                        0x00006975    0x40  Code  Gb  rtos.o [1]
vApplicationIdleHook    0x0000695b     0x8  Code  Gb  rtos.o [1]
vApplicationMallocFailedHook
                        0x00006973     0x2  Code  Gb  rtos.o [1]
vApplicationStackOverflowHook
                        0x0000694b    0x10  Code  Gb  rtos.o [1]
vApplicationTickHook    0x00006963    0x10  Code  Gb  rtos.o [1]
vGps_Get_Gps_Info       0x00007e6d    0x16  Code  Gb  gps.o [1]
vGps_Get_Gps_Status     0x00007e63     0xa  Code  Gb  gps.o [1]
vGps_Get_Valid_Gps_Info
                        0x00007e83    0x16  Code  Gb  gps.o [1]
vListInitialise         0x00005dfd    0x1e  Code  Gb  list.o [1]
vListInitialiseItem     0x00005e1b     0x6  Code  Gb  list.o [1]
vListInsert             0x00005e39    0x3a  Code  Gb  list.o [1]
vListInsertEnd          0x00005e21    0x18  Code  Gb  list.o [1]
vPortEnableVFP          0x00006c21          Code  Gb  portasm.o [1]
vPortEnterCritical      0x00005cbf    0x3a  Code  Gb  port.o [1]
vPortExitCritical       0x00005cf9    0x32  Code  Gb  port.o [1]
vPortFree               0x000049cd    0x7a  Code  Gb  heap_4.o [1]
vPortSetupTimerInterrupt
                        0x00005dd5    0x28  Code  Wk  port.o [1]
vPortStartFirstTask     0x00006c09          Code  Gb  portasm.o [1]
vPortValidateInterruptPriority
                        0x00005d55    0x50  Code  Gb  port.o [1]
vQueueAddToRegistry     0x000036cf    0x28  Code  Gb  queue.o [1]
vQueueDelete            0x00003529    0x28  Code  Gb  queue.o [1]
vQueueUnregisterQueue   0x000036f7    0x2e  Code  Gb  queue.o [1]
vQueueWaitForMessageRestricted
                        0x0000372d    0x4c  Code  Gb  queue.o [1]
vTaskDelay              0x00003e89    0x4e  Code  Gb  tasks.o [1]
vTaskMissedYield        0x000044db     0xa  Code  Gb  tasks.o [1]
vTaskPlaceOnEventList   0x00004305    0x34  Code  Gb  tasks.o [1]
vTaskPlaceOnEventListRestricted
                        0x0000434d    0x40  Code  Gb  tasks.o [1]
vTaskPriorityInherit    0x00004643    0xaa  Code  Gb  tasks.o [1]
vTaskSetTimeOutState    0x00004421    0x26  Code  Gb  tasks.o [1]
vTaskStartScheduler     0x00003faf    0x72  Code  Gb  tasks.o [1]
vTaskSuspend            0x00003ed7    0xd8  Code  Gb  tasks.o [1]
vTaskSuspendAll         0x00004021    0x10  Code  Gb  tasks.o [1]
vTaskSwitchContext      0x00004271    0x94  Code  Gb  tasks.o [1]
vTelmProt_ParseIpData   0x0000c5f3   0x1f4  Code  Gb  TelmProtocol.o [1]
voltage_data            0x200002a8     0xc  Data  Lc  powerfail.o [1]
voltage_limits          0x00014238    0x14  Data  Lc  powerfail.o [1]
waitCloseOk             0x00000eb7    0x48  Code  Lc  GPRS.o [1]
xActiveTimerList1       0x2000a128    0x14  Data  Lc  timers.o [1]
xActiveTimerList2       0x2000a13c    0x14  Data  Lc  timers.o [1]
xBlockAllocatedBit      0x2000a23c     0x4  Data  Lc  heap_4.o [1]
xDelayedTaskList1       0x2000a0c4    0x14  Data  Lc  tasks.o [1]
xDelayedTaskList2       0x2000a0d8    0x14  Data  Lc  tasks.o [1]
xFreeBytesRemaining     0x2000a234     0x4  Data  Lc  heap_4.o [1]
xHeapStructSize         0x00014910     0x4  Data  Lc  heap_4.o [1]
xIdleTaskHandle         0x2000a2b4     0x4  Data  Lc  tasks.o [1]
xMinimumEverFreeBytesRemaining
                        0x2000a238     0x4  Data  Lc  heap_4.o [1]
xMutex                  0x2000a278     0x4  Data  Lc  spi_flash_freertos.o [1]
xNextTaskUnblockTime    0x2000a2b0     0x4  Data  Lc  tasks.o [1]
xNumOfOverflows         0x2000a2a8     0x4  Data  Lc  tasks.o [1]
xPendingReadyList       0x2000a0ec    0x14  Data  Lc  tasks.o [1]
xPortStartScheduler     0x00005bf3    0xcc  Code  Gb  port.o [1]
xQueueCreateCountingSemaphore
                        0x00002ea5    0x44  Code  Gb  queue.o [1]
xQueueCreateMutex       0x00002e85    0x20  Code  Gb  queue.o [1]
xQueueGenericCreate     0x00002dd5    0x58  Code  Gb  queue.o [1]
xQueueGenericReceive    0x00003261   0x1dc  Code  Gb  queue.o [1]
xQueueGenericReset      0x00002d41    0x94  Code  Gb  queue.o [1]
xQueueGenericSend       0x00002ee9   0x1b2  Code  Gb  queue.o [1]
xQueueGenericSendFromISR
                        0x0000309b    0xee  Code  Gb  queue.o [1]
xQueueGiveFromISR       0x00003189    0xd8  Code  Gb  queue.o [1]
xQueueReceiveFromISR    0x0000343d    0xc4  Code  Gb  queue.o [1]
xQueueRegistry          0x20009e80    0x50  Data  Gb  queue.o [1]
xSchedulerRunning       0x2000a29c     0x4  Data  Lc  tasks.o [1]
xStart                  0x2000a1c8     0x8  Data  Lc  heap_4.o [1]
xSuspendedTaskList      0x2000a114    0x14  Data  Lc  tasks.o [1]
xTaskCheckForTimeOut    0x00004451    0x8a  Code  Gb  tasks.o [1]
xTaskCreate             0x00003c69    0x84  Code  Gb  tasks.o [1]
xTaskGetSchedulerState  0x0000461b    0x26  Code  Gb  tasks.o [1]
xTaskGetTickCount       0x0000412d     0xa  Code  Gb  tasks.o [1]
xTaskGetTickCountFromISR
                        0x00004137    0x16  Code  Gb  tasks.o [1]
xTaskIncrementTick      0x0000414d   0x124  Code  Gb  tasks.o [1]
xTaskPriorityDisinherit
                        0x000046ed    0xb8  Code  Gb  tasks.o [1]
xTaskRemoveFromEventList
                        0x00004391    0x8c  Code  Gb  tasks.o [1]
xTaskResumeAll          0x00004031    0xfc  Code  Gb  tasks.o [1]
xTasksWaitingTermination
                        0x2000a100    0x14  Data  Lc  tasks.o [1]
xTickCount              0x2000a294     0x4  Data  Lc  tasks.o [1]
xTimerCreate            0x000037e3    0x3a  Code  Gb  timers.o [1]
xTimerCreateTimerTask   0x0000379d    0x46  Code  Gb  timers.o [1]
xTimerGenericCommand    0x0000386f    0x84  Code  Gb  timers.o [1]
xTimerQueue             0x2000a2cc     0x4  Data  Lc  timers.o [1]
xTimerTaskHandle        0x2000a2d0     0x4  Data  Lc  timers.o [1]
xYieldPending           0x2000a2a4     0x4  Data  Lc  tasks.o [1]


[1] = D:\workspace\TBOX-hengyi\firmware\codeV2.0\iar\Debug\Obj
[2] = command line
[3] = dl7M_tlf.a
[4] = m7M_tls.a
[5] = rt7M_tl.a
[6] = shb_l.a

  75 614 bytes of readonly  code memory
   9 189 bytes of readonly  data memory
  47 882 bytes of readwrite data memory

Errors: none
Warnings: none
