###############################################################################
#
# IAR ELF Linker V7.80.2.11947/W32 for ARM                09/Jan/2018  14:19:09
# Copyright 2007-2016 IAR Systems AB.
#
#    Output file  =  
#        D:\workspace\TBOX-hengyi\firmware\codeV2.0\iar\Release\Exe\Tbox.out
#    Map file     =  
#        D:\workspace\TBOX-hengyi\firmware\codeV2.0\iar\Release\List\Tbox.map
#    Command line =  
#        D:\workspace\TBOX-hengyi\firmware\codeV2.0\iar\Release\Obj\ACC_Detect.o
#        D:\workspace\TBOX-hengyi\firmware\codeV2.0\iar\Release\Obj\adc.o
#        D:\workspace\TBOX-hengyi\firmware\codeV2.0\iar\Release\Obj\aes.o
#        D:\workspace\TBOX-hengyi\firmware\codeV2.0\iar\Release\Obj\aesni.o
#        D:\workspace\TBOX-hengyi\firmware\codeV2.0\iar\Release\Obj\BMS_Detect.o
#        D:\workspace\TBOX-hengyi\firmware\codeV2.0\iar\Release\Obj\board.o
#        D:\workspace\TBOX-hengyi\firmware\codeV2.0\iar\Release\Obj\Can_Hw.o
#        D:\workspace\TBOX-hengyi\firmware\codeV2.0\iar\Release\Obj\clock_config.o
#        D:\workspace\TBOX-hengyi\firmware\codeV2.0\iar\Release\Obj\clock_mcg.o
#        D:\workspace\TBOX-hengyi\firmware\codeV2.0\iar\Release\Obj\crc_ccitt.o
#        D:\workspace\TBOX-hengyi\firmware\codeV2.0\iar\Release\Obj\croutine.o
#        D:\workspace\TBOX-hengyi\firmware\codeV2.0\iar\Release\Obj\delay.o
#        D:\workspace\TBOX-hengyi\firmware\codeV2.0\iar\Release\Obj\diag_task.o
#        D:\workspace\TBOX-hengyi\firmware\codeV2.0\iar\Release\Obj\event_groups.o
#        D:\workspace\TBOX-hengyi\firmware\codeV2.0\iar\Release\Obj\ExtBatt_Detect.o
#        D:\workspace\TBOX-hengyi\firmware\codeV2.0\iar\Release\Obj\fsl_adc16.o
#        D:\workspace\TBOX-hengyi\firmware\codeV2.0\iar\Release\Obj\fsl_clock.o
#        D:\workspace\TBOX-hengyi\firmware\codeV2.0\iar\Release\Obj\fsl_common.o
#        D:\workspace\TBOX-hengyi\firmware\codeV2.0\iar\Release\Obj\fsl_debug_console.o
#        D:\workspace\TBOX-hengyi\firmware\codeV2.0\iar\Release\Obj\fsl_dma_manager.o
#        D:\workspace\TBOX-hengyi\firmware\codeV2.0\iar\Release\Obj\fsl_dspi.o
#        D:\workspace\TBOX-hengyi\firmware\codeV2.0\iar\Release\Obj\fsl_dspi_freertos.o
#        D:\workspace\TBOX-hengyi\firmware\codeV2.0\iar\Release\Obj\fsl_flash.o
#        D:\workspace\TBOX-hengyi\firmware\codeV2.0\iar\Release\Obj\fsl_flexcan.o
#        D:\workspace\TBOX-hengyi\firmware\codeV2.0\iar\Release\Obj\fsl_flexio_uart_edma.o
#        D:\workspace\TBOX-hengyi\firmware\codeV2.0\iar\Release\Obj\fsl_gpio.o
#        D:\workspace\TBOX-hengyi\firmware\codeV2.0\iar\Release\Obj\fsl_llwu.o
#        D:\workspace\TBOX-hengyi\firmware\codeV2.0\iar\Release\Obj\fsl_lptmr.o
#        D:\workspace\TBOX-hengyi\firmware\codeV2.0\iar\Release\Obj\fsl_lpuart.o
#        D:\workspace\TBOX-hengyi\firmware\codeV2.0\iar\Release\Obj\fsl_pdb.o
#        D:\workspace\TBOX-hengyi\firmware\codeV2.0\iar\Release\Obj\fsl_pmc.o
#        D:\workspace\TBOX-hengyi\firmware\codeV2.0\iar\Release\Obj\fsl_rcm.o
#        D:\workspace\TBOX-hengyi\firmware\codeV2.0\iar\Release\Obj\fsl_rnga.o
#        D:\workspace\TBOX-hengyi\firmware\codeV2.0\iar\Release\Obj\fsl_rtc.o
#        D:\workspace\TBOX-hengyi\firmware\codeV2.0\iar\Release\Obj\fsl_smc.o
#        D:\workspace\TBOX-hengyi\firmware\codeV2.0\iar\Release\Obj\fsl_uart.o
#        D:\workspace\TBOX-hengyi\firmware\codeV2.0\iar\Release\Obj\fsl_wdog.o
#        D:\workspace\TBOX-hengyi\firmware\codeV2.0\iar\Release\Obj\fsm.o
#        D:\workspace\TBOX-hengyi\firmware\codeV2.0\iar\Release\Obj\gensubs.o
#        D:\workspace\TBOX-hengyi\firmware\codeV2.0\iar\Release\Obj\GPRS.o
#        D:\workspace\TBOX-hengyi\firmware\codeV2.0\iar\Release\Obj\gps.o
#        D:\workspace\TBOX-hengyi\firmware\codeV2.0\iar\Release\Obj\heap_4.o
#        D:\workspace\TBOX-hengyi\firmware\codeV2.0\iar\Release\Obj\ITHandler.o
#        D:\workspace\TBOX-hengyi\firmware\codeV2.0\iar\Release\Obj\list.o
#        D:\workspace\TBOX-hengyi\firmware\codeV2.0\iar\Release\Obj\lowpower.o
#        D:\workspace\TBOX-hengyi\firmware\codeV2.0\iar\Release\Obj\main.o
#        D:\workspace\TBOX-hengyi\firmware\codeV2.0\iar\Release\Obj\padlock.o
#        D:\workspace\TBOX-hengyi\firmware\codeV2.0\iar\Release\Obj\param.o
#        D:\workspace\TBOX-hengyi\firmware\codeV2.0\iar\Release\Obj\periodic.o
#        D:\workspace\TBOX-hengyi\firmware\codeV2.0\iar\Release\Obj\port.o
#        D:\workspace\TBOX-hengyi\firmware\codeV2.0\iar\Release\Obj\portasm.o
#        D:\workspace\TBOX-hengyi\firmware\codeV2.0\iar\Release\Obj\power_mode_switch.o
#        D:\workspace\TBOX-hengyi\firmware\codeV2.0\iar\Release\Obj\powerfail.o
#        D:\workspace\TBOX-hengyi\firmware\codeV2.0\iar\Release\Obj\Psync.o
#        D:\workspace\TBOX-hengyi\firmware\codeV2.0\iar\Release\Obj\queue.o
#        D:\workspace\TBOX-hengyi\firmware\codeV2.0\iar\Release\Obj\record_task.o
#        D:\workspace\TBOX-hengyi\firmware\codeV2.0\iar\Release\Obj\relays.o
#        D:\workspace\TBOX-hengyi\firmware\codeV2.0\iar\Release\Obj\ring_buf.o
#        D:\workspace\TBOX-hengyi\firmware\codeV2.0\iar\Release\Obj\rtc.o
#        D:\workspace\TBOX-hengyi\firmware\codeV2.0\iar\Release\Obj\rtos.o
#        D:\workspace\TBOX-hengyi\firmware\codeV2.0\iar\Release\Obj\spi_flash_freertos.o
#        D:\workspace\TBOX-hengyi\firmware\codeV2.0\iar\Release\Obj\startup_MKS22F12.o
#        D:\workspace\TBOX-hengyi\firmware\codeV2.0\iar\Release\Obj\str_lib.o
#        D:\workspace\TBOX-hengyi\firmware\codeV2.0\iar\Release\Obj\system.o
#        D:\workspace\TBOX-hengyi\firmware\codeV2.0\iar\Release\Obj\system_MKS22F12.o
#        D:\workspace\TBOX-hengyi\firmware\codeV2.0\iar\Release\Obj\tasks.o
#        D:\workspace\TBOX-hengyi\firmware\codeV2.0\iar\Release\Obj\TelmProtocol.o
#        D:\workspace\TBOX-hengyi\firmware\codeV2.0\iar\Release\Obj\timer.o
#        D:\workspace\TBOX-hengyi\firmware\codeV2.0\iar\Release\Obj\timers.o
#        D:\workspace\TBOX-hengyi\firmware\codeV2.0\iar\Release\Obj\uart.o
#        D:\workspace\TBOX-hengyi\firmware\codeV2.0\iar\Release\Obj\vehicle.o
#        D:\workspace\TBOX-hengyi\firmware\codeV2.0\iar\Release\Obj\wdog.o
#        --redirect _Printf=_PrintfSmall --redirect _Scanf=_ScanfSmall -o
#        D:\workspace\TBOX-hengyi\firmware\codeV2.0\iar\Release\Exe\Tbox.out
#        --map
#        D:\workspace\TBOX-hengyi\firmware\codeV2.0\iar\Release\List\Tbox.map
#        --config "C:\Program Files (x86)\IAR Systems\Embedded Workbench
#        7.5\arm\config\linker\NXP\MKS22xN256xxx12.icf" --semihosting --entry
#        __iar_program_start --vfe
#
###############################################################################

*******************************************************************************
*** RUNTIME MODEL ATTRIBUTES
***

CppFlavor                     = *
__Heap_Handler                = Basic
__SystemLibrary               = DLib
__dlib_dynamic_initialization = normal


*******************************************************************************
*** PLACEMENT SUMMARY
***

"A0":  place at 0x00000000 { ro section .intvec };
"P1":  place in [from 0x00000000 to 0x000003ff] |
                [from 0x00000410 to 0x0003ffff] { ro };
"P3":  place in [from 0x1fffc000 to 0x1fffffff] |
                [from 0x20000000 to 0x2000bfff] { rw, block CSTACK, block HEAP };
"P5":  place in [from 0x00000400 to 0x0000040f] { section FlashConfig };
initialize by copy { rw };

  Section             Kind        Address     Size  Object
  -------             ----        -------     ----  ------
"A0":                                        0x400
  .intvec             ro code  0x00000000    0x400  startup_MKS22F12.o [1]
                             - 0x00000400    0x400

"P5":                                         0x10
  FlashConfig         ro code  0x00000400     0x10  startup_MKS22F12.o [1]
                             - 0x00000410     0x10

"P1":                                      0x14fc9
  .text               ro code  0x00000410   0x1ff8  GPRS.o [1]
  .text               ro code  0x00002408    0xa40  uart.o [1]
  .text               ro code  0x00002e48    0xa38  queue.o [1]
  .text               ro code  0x00003880     0x24  printf.o [3]
  .text               ro code  0x000038a4    0x4cc  timers.o [1]
  .text               ro code  0x00003d70    0xc40  tasks.o [1]
  .text               ro code  0x000049b0    0x28c  heap_4.o [1]
  .text               ro code  0x00004c3c     0x76  ABImemcpy_unaligned.o [5]
  .text               ro code  0x00004cb2     0x1e  xsscin.o [3]
  .text               ro code  0x00004cd0     0x62  memcmp_unaligned.o [5]
  .text               ro code  0x00004d32     0x1a  xsnprout.o [3]
  .text               ro code  0x00004d4c     0x36  strlen.o [5]
  .text               ro code  0x00004d82    0x116  str_lib.o [1]
  .text               ro code  0x00004e98      0x8  atoi.o [3]
  .text               ro code  0x00004ea0     0x24  sscanf.o [3]
  .text               ro code  0x00004ec4     0x66  ABImemset.o [5]
  .text               ro code  0x00004f2a      0xa  xsprout.o [3]
  .text               ro code  0x00004f34      0x6  ABImemclr.o [5]
  .rodata             const    0x00004f3a      0x2  fsl_dspi.o [1]
  .text               ro code  0x00004f3c     0x44  snprintf.o [3]
  .text               ro code  0x00004f80     0x34  sprintf.o [3]
  .text               ro code  0x00004fb4    0x24c  fsl_uart.o [1]
  .text               ro code  0x00005200    0xae8  fsl_clock.o [1]
  .text               ro code  0x00005ce8    0x25c  port.o [1]
  .text               ro code  0x00005f44     0x9e  list.o [1]
  .rodata             const    0x00005fe2      0x2  fsl_flexcan.o [1]
  .text               ro code  0x00005fe4    0x7c4  xprintfsmall.o [3]
  .text               ro code  0x000067a8    0x380  rtos.o [1]
  .text               ro code  0x00006b28    0x198  xstoul.o [3]
  .text               ro code  0x00006cc0    0x648  xscanfsmall.o [3]
  .text               ro code  0x00007308     0x1c  fsl_common.o [1]
  CODE                ro code  0x00007324     0xa8  portasm.o [1]
  .text               ro code  0x000073cc     0x20  xmbtowc.o [3]
  .text               ro code  0x000073ec     0x16  strchr.o [5]
  .rodata             const    0x00007402      0x2  fsl_flexcan.o [1]
  .text               ro code  0x00007404     0x58  memchr.o [5]
  .text               ro code  0x0000745c      0xa  xmbcurmax.o [3]
  .rodata             const    0x00007466      0x2  fsl_flexcan.o [1]
  .text               ro code  0x00007468     0xb0  xxmemxmalloc.o [3]
  .text               ro code  0x00007518     0x1a  xwctomb.o [3]
  .rodata             const    0x00007532      0x2  fsl_flexcan.o [1]
  .text               ro code  0x00007534     0x80  xxmemxfree.o [3]
  .text               ro code  0x000075b4     0x2e  fsl_wdog.o [1]
  .rodata             const    0x000075e2      0x2  fsl_flexcan.o [1]
  .text               ro code  0x000075e4    0x3d8  periodic.o [1]
  .text               ro code  0x000079bc    0x226  board.o [1]
  .rodata             const    0x00007be2      0x2  fsl_flexcan.o [1]
  .text               ro code  0x00007be4    0x460  Psync.o [1]
  .text               ro code  0x00008044     0x6c  system.o [1]
  .text               ro code  0x000080b0     0x14  isxxx.o [3]
  .text               ro code  0x000080c4     0x14  tolower.o [3]
  .text               ro code  0x000080d8      0xc  errno.o [3]
  .text               ro code  0x000080e4     0x40  xwctob.o [3]
  .text               ro code  0x00008124     0x88  xstol.o [3]
  .text               ro code  0x000081ac     0x24  setlocale.o [3]
  .text               ro code  0x000081d0     0x60  xencoding_sb.o [3]
  .text               ro code  0x00008230     0x2c  xgetmemchunk.o [3]
  .text               ro code  0x0000825c     0x60  fsl_gpio.o [1]
  .text               ro code  0x000082bc    0x204  powerfail.o [1]
  .text               ro code  0x000084c0    0x15e  timer.o [1]
  .text               ro code  0x0000861e      0x2  startup_MKS22F12.o [1]
  .text               ro code  0x00008620   0x1298  gps.o [1]
  .text               ro code  0x000098b8    0x184  BMS_Detect.o [1]
  .text               ro code  0x00009a3c    0x15c  ACC_Detect.o [1]
  .text               ro code  0x00009b98    0x15c  ExtBatt_Detect.o [1]
  .text               ro code  0x00009cf4    0x49c  vehicle.o [1]
  .text               ro code  0x0000a190     0xd0  adc.o [1]
  .text               ro code  0x0000a260    0x1fc  rtc.o [1]
  .text               ro code  0x0000a45c    0x704  spi_flash_freertos.o [1]
  .text               ro code  0x0000ab60    0x19e  fsm.o [1]
  .text               ro code  0x0000acfe      0x2  startup_MKS22F12.o [1]
  .text               ro code  0x0000ad00     0x70  gensubs.o [1]
  .text               ro code  0x0000ad70     0x14  xlocale_c.o [3]
  .text               ro code  0x0000ad84      0xc  xlocale_c.o [3]
  .text               ro code  0x0000ad90      0x2  xtls.o [3]
  .text               ro code  0x0000ad92     0x7c  ring_buf.o [1]
  .text               ro code  0x0000ae0e      0x2  startup_MKS22F12.o [1]
  .text               ro code  0x0000ae10     0x42  strcmp_unaligned.o [5]
  .text               ro code  0x0000ae52      0x2  startup_MKS22F12.o [1]
  .text               ro code  0x0000ae54    0x1bc  Can_Hw.o [1]
  .text               ro code  0x0000b010    0x1c8  fsl_adc16.o [1]
  .text               ro code  0x0000b1d8    0x1e6  fsl_rtc.o [1]
  .text               ro code  0x0000b3be      0x2  startup_MKS22F12.o [1]
  .text               ro code  0x0000b3c0    0x9e0  fsl_dspi.o [1]
  .text               ro code  0x0000bda0    0x114  fsl_dspi_freertos.o [1]
  .text               ro code  0x0000beb4    0xf08  fsl_flexcan.o [1]
  .text               ro code  0x0000cdbc   0x14c8  TelmProtocol.o [1]
  .text               ro code  0x0000e284    0x93c  param.o [1]
  .text               ro code  0x0000ebc0   0x1378  aes.o [1]
  .text               ro code  0x0000ff38    0x908  record_task.o [1]
  .text               ro code  0x00010840     0x30  crc_ccitt.o [1]
  .text               ro code  0x00010870   0x1230  diag_task.o [1]
  .text               ro code  0x00011aa0     0xe4  fsl_rnga.o [1]
  .text               ro code  0x00011b84    0x5dc  relays.o [1]
  .text               ro code  0x00012160     0x50  lowpower.o [1]
  .text               ro code  0x000121b0    0x228  power_mode_switch.o [1]
  .text               ro code  0x000123d8    0x110  fsl_llwu.o [1]
  .text               ro code  0x000124e8     0xe8  clock_mcg.o [1]
  .text               ro code  0x000125d0    0x1b8  fsl_smc.o [1]
  .text               ro code  0x00012788    0x358  clock_config.o [1]
  .rodata             const    0x00012ae0    0x200  crc_ccitt.o [1]
  .text               ro code  0x00012ce0    0x134  ITHandler.o [1]
  .text               ro code  0x00012e14     0xce  packbits_init.o [5]
  .text               ro code  0x00012ee2      0x6  abort.o [3]
  .text               ro code  0x00012ee8     0x14  exit.o [6]
  .rodata             const    0x00012efc     0x70  rtos.o [1]
  .text               ro code  0x00012f6c     0x70  main.o [1]
  .rodata             const    0x00012fdc     0x6c  fsl_flexcan.o [1]
  .rodata             const    0x00013048     0x68  Psync.o [1]
  .rodata             const    0x000130b0     0x60  Psync.o [1]
  .rodata             const    0x00013110     0x58  ACC_Detect.o [1]
  .rodata             const    0x00013168     0x58  adc.o [1]
  .rodata             const    0x000131c0     0x58  BMS_Detect.o [1]
  .rodata             const    0x00013218     0x58  ExtBatt_Detect.o [1]
  .rodata             const    0x00013270     0x58  spi_flash_freertos.o [1]
  .rodata             const    0x000132c8     0x54  fsl_flexcan.o [1]
  .rodata             const    0x0001331c     0x50  fsl_adc16.o [1]
  .rodata             const    0x0001336c     0x50  fsl_clock.o [1]
  .rodata             const    0x000133bc     0x50  fsl_dspi.o [1]
  .rodata             const    0x0001340c     0x50  fsl_gpio.o [1]
  .rodata             const    0x0001345c     0x50  fsl_rtc.o [1]
  .rodata             const    0x000134ac     0x50  fsl_uart.o [1]
  .rodata             const    0x000134fc     0x48  Psync.o [1]
  .rodata             const    0x00013544     0x48  vehicle.o [1]
  .rodata             const    0x0001358c     0x44  fsl_flexcan.o [1]
  .rodata             const    0x000135d0     0x40  fsl_dspi.o [1]
  .rodata             const    0x00013610     0x40  fsl_dspi.o [1]
  .rodata             const    0x00013650     0x40  fsl_uart.o [1]
  .rodata             const    0x00013690     0x40  fsl_uart.o [1]
  .rodata             const    0x000136d0     0x40  param.o [1]
  .text               ro code  0x00013710     0x40  zero_init3.o [5]
  .rodata             const    0x00013750     0x38  TelmProtocol.o [1]
  .rodata             const    0x00013788     0x34  GPRS.o [1]
  .rodata             const    0x000137bc     0x34  GPRS.o [1]
  .rodata             const    0x000137f0     0x34  GPRS.o [1]
  .text               ro code  0x00013824     0x34  system_MKS22F12.o [1]
  .rodata             const    0x00013858     0x30  GPRS.o [1]
  .rodata             const    0x00013888     0x30  GPRS.o [1]
  .rodata             const    0x000138b8     0x30  GPRS.o [1]
  .rodata             const    0x000138e8     0x30  GPRS.o [1]
  .rodata             const    0x00013918     0x30  GPRS.o [1]
  .rodata             const    0x00013948     0x30  GPRS.o [1]
  .rodata             const    0x00013978     0x30  GPRS.o [1]
  .rodata             const    0x000139a8     0x30  GPRS.o [1]
  .rodata             const    0x000139d8     0x30  GPRS.o [1]
  .rodata             const    0x00013a08     0x30  param.o [1]
  .rodata             const    0x00013a38     0x30  power_mode_switch.o [1]
  .rodata             const    0x00013a68     0x2c  fsl_common.o [1]
  .rodata             const    0x00013a94     0x2c  fsl_flexcan.o [1]
  .rodata             const    0x00013ac0     0x2c  fsl_flexcan.o [1]
  .rodata             const    0x00013aec     0x2c  GPRS.o [1]
  .rodata             const    0x00013b18     0x2c  GPRS.o [1]
  .rodata             const    0x00013b44     0x2c  GPRS.o [1]
  .rodata             const    0x00013b70     0x2c  GPRS.o [1]
  .rodata             const    0x00013b9c     0x2c  GPRS.o [1]
  .rodata             const    0x00013bc8     0x2c  GPRS.o [1]
  .rodata             const    0x00013bf4     0x2c  GPRS.o [1]
  .rodata             const    0x00013c20     0x2c  GPRS.o [1]
  .rodata             const    0x00013c4c     0x2c  GPRS.o [1]
  .rodata             const    0x00013c78     0x2c  param.o [1]
  .rodata             const    0x00013ca4     0x2c  power_mode_switch.o [1]
  .rodata             const    0x00013cd0     0x2c  spi_flash_freertos.o [1]
  .rodata             const    0x00013cfc     0x2c  spi_flash_freertos.o [1]
  .rodata             const    0x00013d28     0x28  fsl_adc16.o [1]
  .rodata             const    0x00013d50     0x28  fsl_dspi.o [1]
  .rodata             const    0x00013d78     0x28  GPRS.o [1]
  .rodata             const    0x00013da0     0x28  GPRS.o [1]
  .rodata             const    0x00013dc8     0x28  GPRS.o [1]
  .rodata             const    0x00013df0     0x28  GPRS.o [1]
  .rodata             const    0x00013e18     0x28  GPRS.o [1]
  .rodata             const    0x00013e40     0x28  GPRS.o [1]
  .rodata             const    0x00013e68     0x28  GPRS.o [1]
  .rodata             const    0x00013e90     0x28  GPRS.o [1]
  .rodata             const    0x00013eb8     0x28  record_task.o [1]
  .rodata             const    0x00013ee0     0x28  record_task.o [1]
  .rodata             const    0x00013f08     0x28  relays.o [1]
  .rodata             const    0x00013f30     0x28  spi_flash_freertos.o [1]
  .rodata             const    0x00013f58     0x28  vehicle.o [1]
  .text               ro code  0x00013f80     0x28  data_init.o [5]
  .rodata             const    0x00013fa8     0x24  fsl_flexcan.o [1]
  .rodata             const    0x00013fcc     0x24  fsl_flexcan.o [1]
  .rodata             const    0x00013ff0     0x24  GPRS.o [1]
  .rodata             const    0x00014014     0x24  GPRS.o [1]
  .rodata             const    0x00014038     0x24  GPRS.o [1]
  .rodata             const    0x0001405c     0x24  GPRS.o [1]
  .rodata             const    0x00014080     0x24  GPRS.o [1]
  .rodata             const    0x000140a4     0x24  GPRS.o [1]
  .rodata             const    0x000140c8     0x24  param.o [1]
  .rodata             const    0x000140ec     0x24  param.o [1]
  .rodata             const    0x00014110     0x24  power_mode_switch.o [1]
  .rodata             const    0x00014134     0x24  record_task.o [1]
  .rodata             const    0x00014158     0x24  spi_flash_freertos.o [1]
  .rodata             const    0x0001417c     0x24  spi_flash_freertos.o [1]
  .rodata             const    0x000141a0     0x24  spi_flash_freertos.o [1]
  .rodata             const    0x000141c4     0x24  spi_flash_freertos.o [1]
  .text               ro code  0x000141e8     0x24  startup_MKS22F12.o [1]
  .text               ro code  0x0001420c     0x22  fpinit_M.o [4]
  .iar.init_table     const    0x00014230     0x2c  - Linker created -
  .text               ro code  0x0001425c      0x2  startup_MKS22F12.o [1]
  .rodata             const    0x00014260     0x20  diag_task.o [1]
  .rodata             const    0x00014280     0x20  fsl_adc16.o [1]
  .rodata             const    0x000142a0     0x20  fsl_flexcan.o [1]
  .rodata             const    0x000142c0     0x20  fsl_flexcan.o [1]
  .rodata             const    0x000142e0     0x20  GPRS.o [1]
  .rodata             const    0x00014300     0x20  GPRS.o [1]
  .rodata             const    0x00014320     0x20  GPRS.o [1]
  .rodata             const    0x00014340     0x20  GPRS.o [1]
  .rodata             const    0x00014360     0x20  GPRS.o [1]
  .rodata             const    0x00014380     0x20  GPRS.o [1]
  .rodata             const    0x000143a0     0x20  GPRS.o [1]
  .rodata             const    0x000143c0     0x20  gps.o [1]
  .rodata             const    0x000143e0     0x20  param.o [1]
  .rodata             const    0x00014400     0x20  param.o [1]
  .rodata             const    0x00014420     0x20  param.o [1]
  .rodata             const    0x00014440     0x20  param.o [1]
  .rodata             const    0x00014460     0x20  record_task.o [1]
  .rodata             const    0x00014480     0x20  record_task.o [1]
  .rodata             const    0x000144a0     0x20  relays.o [1]
  .rodata             const    0x000144c0     0x20  spi_flash_freertos.o [1]
  .rodata             const    0x000144e0     0x20  spi_flash_freertos.o [1]
  .rodata             const    0x00014500     0x20  spi_flash_freertos.o [1]
  .rodata             const    0x00014520     0x20  spi_flash_freertos.o [1]
  .rodata             const    0x00014540     0x20  spi_flash_freertos.o [1]
  .rodata             const    0x00014560     0x20  spi_flash_freertos.o [1]
  .rodata             const    0x00014580     0x20  spi_flash_freertos.o [1]
  .rodata             const    0x000145a0     0x20  TelmProtocol.o [1]
  .rodata             const    0x000145c0     0x20  TelmProtocol.o [1]
  .rodata             const    0x000145e0     0x20  TelmProtocol.o [1]
  .rodata             const    0x00014600     0x20  TelmProtocol.o [1]
  .rodata             const    0x00014620     0x20  TelmProtocol.o [1]
  .rodata             const    0x00014640     0x1c  adc.o [1]
  .rodata             const    0x0001465c     0x1c  diag_task.o [1]
  .rodata             const    0x00014678     0x1c  fsl_flexcan.o [1]
  .rodata             const    0x00014694     0x1c  fsl_flexcan.o [1]
  .rodata             const    0x000146b0     0x1c  fsl_flexcan.o [1]
  .rodata             const    0x000146cc     0x1c  fsl_uart.o [1]
  .rodata             const    0x000146e8     0x1c  GPRS.o [1]
  .rodata             const    0x00014704     0x1c  GPRS.o [1]
  .rodata             const    0x00014720     0x1c  GPRS.o [1]
  .rodata             const    0x0001473c     0x1c  GPRS.o [1]
  .rodata             const    0x00014758     0x1c  GPRS.o [1]
  .rodata             const    0x00014774     0x1c  GPRS.o [1]
  .rodata             const    0x00014790     0x1c  GPRS.o [1]
  .rodata             const    0x000147ac     0x1c  GPRS.o [1]
  .rodata             const    0x000147c8     0x1c  gps.o [1]
  .rodata             const    0x000147e4     0x1c  param.o [1]
  .rodata             const    0x00014800     0x1c  Psync.o [1]
  .rodata             const    0x0001481c     0x1c  relays.o [1]
  .rodata             const    0x00014838     0x1c  spi_flash_freertos.o [1]
  .rodata             const    0x00014854     0x1c  spi_flash_freertos.o [1]
  .rodata             const    0x00014870     0x1c  spi_flash_freertos.o [1]
  .rodata             const    0x0001488c     0x1c  spi_flash_freertos.o [1]
  .rodata             const    0x000148a8     0x1c  TelmProtocol.o [1]
  .text               ro code  0x000148c4     0x1c  fsl_lpuart.o [1]
  .text               ro code  0x000148e0     0x1a  cmain.o [5]
  .text               ro code  0x000148fa      0x4  low_level_init.o [3]
  .text               ro code  0x000148fe      0x4  exit.o [3]
  .rodata             const    0x00014902      0x1  GPRS.o [1]
  .text               ro code  0x00014904      0xa  cexit.o [5]
  .rodata             const    0x00014910     0x18  fsl_flexcan.o [1]
  .rodata             const    0x00014928     0x18  GPRS.o [1]
  .rodata             const    0x00014940     0x18  GPRS.o [1]
  .rodata             const    0x00014958     0x18  GPRS.o [1]
  .rodata             const    0x00014970     0x18  GPRS.o [1]
  .rodata             const    0x00014988     0x18  power_mode_switch.o [1]
  .rodata             const    0x000149a0     0x18  Psync.o [1]
  .rodata             const    0x000149b8     0x18  relays.o [1]
  .rodata             const    0x000149d0     0x18  spi_flash_freertos.o [1]
  .rodata             const    0x000149e8     0x18  TelmProtocol.o [1]
  .text               ro code  0x00014a00     0x16  xprout.o [3]
  .text               ro code  0x00014a18      0xc  putchar.o [3]
  .rodata             const    0x00014a24     0x14  fsl_dspi.o [1]
  .rodata             const    0x00014a38     0x14  fsl_flexcan.o [1]
  .rodata             const    0x00014a4c     0x14  fsl_flexcan.o [1]
  .rodata             const    0x00014a60     0x14  GPRS.o [1]
  .rodata             const    0x00014a74     0x14  GPRS.o [1]
  .rodata             const    0x00014a88     0x14  GPRS.o [1]
  .rodata             const    0x00014a9c     0x14  GPRS.o [1]
  .rodata             const    0x00014ab0     0x14  powerfail.o [1]
  .rodata             const    0x00014ac4     0x14  rtos.o [1]
  .rodata             const    0x00014ad8     0x14  spi_flash_freertos.o [1]
  .rodata             const    0x00014aec     0x14  spi_flash_freertos.o [1]
  .rodata             const    0x00014b00     0x10  diag_task.o [1]
  .rodata             const    0x00014b10     0x10  diag_task.o [1]
  .rodata             const    0x00014b20     0x10  fsl_adc16.o [1]
  .rodata             const    0x00014b30     0x10  fsl_clock.o [1]
  .rodata             const    0x00014b40     0x10  fsl_clock.o [1]
  .rodata             const    0x00014b50     0x10  fsl_dspi.o [1]
  .rodata             const    0x00014b60     0x10  fsl_dspi.o [1]
  .rodata             const    0x00014b70     0x10  fsl_dspi.o [1]
  .rodata             const    0x00014b80     0x10  fsl_dspi.o [1]
  .rodata             const    0x00014b90     0x10  fsl_rtc.o [1]
  .rodata             const    0x00014ba0     0x10  GPRS.o [1]
  .rodata             const    0x00014bb0     0x10  GPRS.o [1]
  .rodata             const    0x00014bc0     0x10  GPRS.o [1]
  .rodata             const    0x00014bd0     0x10  GPRS.o [1]
  .rodata             const    0x00014be0     0x10  GPRS.o [1]
  .rodata             const    0x00014bf0     0x10  GPRS.o [1]
  .rodata             const    0x00014c00     0x10  GPRS.o [1]
  .rodata             const    0x00014c10     0x10  Psync.o [1]
  .rodata             const    0x00014c20     0x10  Psync.o [1]
  .rodata             const    0x00014c30     0x10  Psync.o [1]
  .rodata             const    0x00014c40     0x10  rtos.o [1]
  .rodata             const    0x00014c50     0x10  rtos.o [1]
  .rodata             const    0x00014c60     0x10  system.o [1]
  .rodata             const    0x00014c70      0xc  clock_config.o [1]
  .rodata             const    0x00014c7c      0xc  clock_config.o [1]
  .rodata             const    0x00014c88      0xc  clock_config.o [1]
  .rodata             const    0x00014c94      0xc  fsl_clock.o [1]
  .rodata             const    0x00014ca0      0xc  fsl_rtc.o [1]
  .rodata             const    0x00014cac      0xc  fsl_uart.o [1]
  .rodata             const    0x00014cb8      0xc  fsl_uart.o [1]
  .rodata             const    0x00014cc4      0xc  GPRS.o [1]
  .rodata             const    0x00014cd0      0xc  GPRS.o [1]
  .rodata             const    0x00014cdc      0xc  GPRS.o [1]
  .rodata             const    0x00014ce8      0xc  GPRS.o [1]
  .rodata             const    0x00014cf4      0xc  GPRS.o [1]
  .rodata             const    0x00014d00      0xc  GPRS.o [1]
  .rodata             const    0x00014d0c      0xc  GPRS.o [1]
  .rodata             const    0x00014d18      0xc  GPRS.o [1]
  .rodata             const    0x00014d24      0xc  GPRS.o [1]
  .rodata             const    0x00014d30      0xc  GPRS.o [1]
  .rodata             const    0x00014d3c      0xc  GPRS.o [1]
  .rodata             const    0x00014d48      0xc  GPRS.o [1]
  .rodata             const    0x00014d54      0xc  GPRS.o [1]
  .rodata             const    0x00014d60      0xc  GPRS.o [1]
  .rodata             const    0x00014d6c      0xc  GPRS.o [1]
  .rodata             const    0x00014d78      0xc  GPRS.o [1]
  .rodata             const    0x00014d84      0xc  GPRS.o [1]
  .rodata             const    0x00014d90      0xc  GPRS.o [1]
  .rodata             const    0x00014d9c      0xc  GPRS.o [1]
  .rodata             const    0x00014da8      0xc  GPRS.o [1]
  .rodata             const    0x00014db4      0xc  GPRS.o [1]
  .rodata             const    0x00014dc0      0xc  GPRS.o [1]
  .rodata             const    0x00014dcc      0xc  GPRS.o [1]
  .rodata             const    0x00014dd8      0xc  GPRS.o [1]
  .rodata             const    0x00014de4      0xc  GPRS.o [1]
  .rodata             const    0x00014df0      0xc  GPRS.o [1]
  .rodata             const    0x00014dfc      0xc  GPRS.o [1]
  .rodata             const    0x00014e08      0xc  GPRS.o [1]
  .rodata             const    0x00014e14      0xc  GPRS.o [1]
  .rodata             const    0x00014e20      0xc  relays.o [1]
  .rodata             const    0x00014e2c      0xc  rtos.o [1]
  .rodata             const    0x00014e38      0xc  rtos.o [1]
  .rodata             const    0x00014e44      0xc  rtos.o [1]
  .rodata             const    0x00014e50      0xc  rtos.o [1]
  .rodata             const    0x00014e5c      0xc  rtos.o [1]
  .rodata             const    0x00014e68      0xc  rtos.o [1]
  .text               ro code  0x00014e74      0xc  cstartup_M.o [5]
  .rodata             const    0x00014e80      0x8  ACC_Detect.o [1]
  .rodata             const    0x00014e88      0x8  BMS_Detect.o [1]
  .rodata             const    0x00014e90      0x8  clock_config.o [1]
  .rodata             const    0x00014e98      0x8  clock_config.o [1]
  .rodata             const    0x00014ea0      0x8  clock_config.o [1]
  .rodata             const    0x00014ea8      0x8  clock_config.o [1]
  .rodata             const    0x00014eb0      0x8  diag_task.o [1]
  .rodata             const    0x00014eb8      0x8  diag_task.o [1]
  .rodata             const    0x00014ec0      0x8  diag_task.o [1]
  .rodata             const    0x00014ec8      0x8  ExtBatt_Detect.o [1]
  .rodata             const    0x00014ed0      0x8  fsl_clock.o [1]
  .rodata             const    0x00014ed8      0x8  fsl_dspi.o [1]
  .rodata             const    0x00014ee0      0x8  fsl_dspi.o [1]
  .rodata             const    0x00014ee8      0x8  fsl_dspi.o [1]
  .rodata             const    0x00014ef0      0x8  fsl_dspi.o [1]
  .rodata             const    0x00014ef8      0x8  fsl_flexcan.o [1]
  .rodata             const    0x00014f00      0x8  fsl_flexcan.o [1]
  .rodata             const    0x00014f08      0x8  fsl_flexcan.o [1]
  .rodata             const    0x00014f10      0x8  fsl_flexcan.o [1]
  .rodata             const    0x00014f18      0x8  fsl_flexcan.o [1]
  .rodata             const    0x00014f20      0x8  fsl_flexcan.o [1]
  .rodata             const    0x00014f28      0x8  fsl_flexcan.o [1]
  .rodata             const    0x00014f30      0x8  fsl_flexcan.o [1]
  .rodata             const    0x00014f38      0x8  fsl_gpio.o [1]
  .rodata             const    0x00014f40      0x8  fsl_rtc.o [1]
  .rodata             const    0x00014f48      0x8  fsl_uart.o [1]
  .rodata             const    0x00014f50      0x8  gensubs.o [1]
  .rodata             const    0x00014f58      0x8  gensubs.o [1]
  .rodata             const    0x00014f60      0x8  GPRS.o [1]
  .rodata             const    0x00014f68      0x8  GPRS.o [1]
  .rodata             const    0x00014f70      0x8  GPRS.o [1]
  .rodata             const    0x00014f78      0x8  GPRS.o [1]
  .rodata             const    0x00014f80      0x8  GPRS.o [1]
  .rodata             const    0x00014f88      0x8  GPRS.o [1]
  .rodata             const    0x00014f90      0x8  GPRS.o [1]
  .rodata             const    0x00014f98      0x8  GPRS.o [1]
  .rodata             const    0x00014fa0      0x8  GPRS.o [1]
  .rodata             const    0x00014fa8      0x8  GPRS.o [1]
  .rodata             const    0x00014fb0      0x8  GPRS.o [1]
  .rodata             const    0x00014fb8      0x8  GPRS.o [1]
  .rodata             const    0x00014fc0      0x8  GPRS.o [1]
  .rodata             const    0x00014fc8      0x8  GPRS.o [1]
  .rodata             const    0x00014fd0      0x8  GPRS.o [1]
  .rodata             const    0x00014fd8      0x8  GPRS.o [1]
  .rodata             const    0x00014fe0      0x8  GPRS.o [1]
  .rodata             const    0x00014fe8      0x8  GPRS.o [1]
  .rodata             const    0x00014ff0      0x8  GPRS.o [1]
  .rodata             const    0x00014ff8      0x8  gps.o [1]
  .rodata             const    0x00015000      0x8  gps.o [1]
  .rodata             const    0x00015008      0x8  gps.o [1]
  .rodata             const    0x00015010      0x8  gps.o [1]
  .rodata             const    0x00015018      0x8  gps.o [1]
  .rodata             const    0x00015020      0x8  gps.o [1]
  .rodata             const    0x00015028      0x8  gps.o [1]
  .rodata             const    0x00015030      0x8  gps.o [1]
  .rodata             const    0x00015038      0x8  spi_flash_freertos.o [1]
  .rodata             const    0x00015040      0x8  tasks.o [1]
  .rodata             const    0x00015048      0x8  timers.o [1]
  .rodata             const    0x00015050      0x8  timers.o [1]
  .text               ro code  0x00015058      0x8  startup_MKS22F12.o [1]
  .text               ro code  0x00015060      0x8  startup_MKS22F12.o [1]
  .text               ro code  0x00015068      0x8  startup_MKS22F12.o [1]
  .text               ro code  0x00015070      0x8  startup_MKS22F12.o [1]
  .text               ro code  0x00015078      0x8  startup_MKS22F12.o [1]
  .text               ro code  0x00015080      0x8  startup_MKS22F12.o [1]
  .text               ro code  0x00015088      0x8  startup_MKS22F12.o [1]
  .text               ro code  0x00015090      0x8  startup_MKS22F12.o [1]
  .text               ro code  0x00015098      0x8  startup_MKS22F12.o [1]
  .text               ro code  0x000150a0      0x8  startup_MKS22F12.o [1]
  .text               ro code  0x000150a8      0x8  startup_MKS22F12.o [1]
  .text               ro code  0x000150b0      0x8  startup_MKS22F12.o [1]
  .text               ro code  0x000150b8      0x8  startup_MKS22F12.o [1]
  .text               ro code  0x000150c0      0x8  startup_MKS22F12.o [1]
  .text               ro code  0x000150c8      0x8  startup_MKS22F12.o [1]
  .text               ro code  0x000150d0      0x8  startup_MKS22F12.o [1]
  .text               ro code  0x000150d8      0x8  startup_MKS22F12.o [1]
  .text               ro code  0x000150e0      0x8  startup_MKS22F12.o [1]
  .text               ro code  0x000150e8      0x8  startup_MKS22F12.o [1]
  .text               ro code  0x000150f0      0x8  startup_MKS22F12.o [1]
  .text               ro code  0x000150f8      0x8  startup_MKS22F12.o [1]
  .text               ro code  0x00015100      0x8  startup_MKS22F12.o [1]
  .text               ro code  0x00015108      0x8  startup_MKS22F12.o [1]
  .text               ro code  0x00015110      0x8  startup_MKS22F12.o [1]
  .text               ro code  0x00015118      0x8  startup_MKS22F12.o [1]
  .text               ro code  0x00015120      0x8  startup_MKS22F12.o [1]
  .text               ro code  0x00015128      0x8  startup_MKS22F12.o [1]
  .text               ro code  0x00015130      0x8  startup_MKS22F12.o [1]
  .text               ro code  0x00015138      0x8  startup_MKS22F12.o [1]
  .text               ro code  0x00015140      0x8  startup_MKS22F12.o [1]
  .text               ro code  0x00015148      0x8  startup_MKS22F12.o [1]
  .text               ro code  0x00015150      0x8  startup_MKS22F12.o [1]
  .text               ro code  0x00015158      0x8  startup_MKS22F12.o [1]
  .text               ro code  0x00015160      0x8  startup_MKS22F12.o [1]
  .text               ro code  0x00015168      0x8  startup_MKS22F12.o [1]
  .text               ro code  0x00015170      0x8  startup_MKS22F12.o [1]
  .text               ro code  0x00015178      0x8  startup_MKS22F12.o [1]
  .text               ro code  0x00015180      0x8  startup_MKS22F12.o [1]
  .text               ro code  0x00015188      0x8  startup_MKS22F12.o [1]
  .text               ro code  0x00015190      0x8  startup_MKS22F12.o [1]
  .text               ro code  0x00015198      0x8  startup_MKS22F12.o [1]
  .text               ro code  0x000151a0      0x8  startup_MKS22F12.o [1]
  .text               ro code  0x000151a8      0x8  startup_MKS22F12.o [1]
  .text               ro code  0x000151b0      0x8  startup_MKS22F12.o [1]
  .text               ro code  0x000151b8      0x8  startup_MKS22F12.o [1]
  .rodata             const    0x000151c0      0x4  ACC_Detect.o [1]
  .rodata             const    0x000151c4      0x4  BMS_Detect.o [1]
  .rodata             const    0x000151c8      0x4  board.o [1]
  .rodata             const    0x000151cc      0x4  board.o [1]
  .rodata             const    0x000151d0      0x4  ExtBatt_Detect.o [1]
  .rodata             const    0x000151d4      0x4  fsl_adc16.o [1]
  .rodata             const    0x000151d8      0x4  fsl_adc16.o [1]
  .rodata             const    0x000151dc      0x4  GPRS.o [1]
  .rodata             const    0x000151e0      0x4  gps.o [1]
  .rodata             const    0x000151e4      0x4  heap_4.o [1]
  .rodata             const    0x000151e8      0x4  periodic.o [1]
  .rodata             const    0x000151ec      0x4  port.o [1]
  .rodata             const    0x000151f0      0x4  relays.o [1]
  .rodata             const    0x000151f4      0x4  rtos.o [1]
  .rodata             const    0x000151f8      0x4  spi_flash_freertos.o [1]
  .rodata             const    0x000151fc      0x4  spi_flash_freertos.o [1]
  .rodata             const    0x00015200      0x4  system.o [1]
  .text               ro code  0x00015204      0x4  startup_MKS22F12.o [1]
  .rodata             const    0x00015208      0x0  zero_init3.o [5]
  .rodata             const    0x00015208      0x0  packbits_init.o [5]
  Initializer bytes   const    0x00015208    0x1d1  <for P3 s0>
                             - 0x000153d9  0x14fc9

"P3", part 1 of 3:                           0x29f
  P3 s0                        0x20000000    0x29f  <Init block>
    .data             inited   0x20000000     0x78  GPRS.o [1]
    __DLIB_PERTHREAD  inited   0x20000078     0x74  setlocale.o [3]
    .data             inited   0x200000ec     0x5c  param.o [1]
    .data             inited   0x20000148     0x40  xfiles.o [3]
    .data             inited   0x20000188     0x30  GPRS.o [1]
    .data             inited   0x200001b8     0x30  TelmProtocol.o [1]
    .data             inited   0x200001e8     0x2c  GPRS.o [1]
    .data             inited   0x20000214     0x20  gps.o [1]
    .data             inited   0x20000234     0x14  param.o [1]
    .data             inited   0x20000248     0x14  record_task.o [1]
    .data             inited   0x2000025c      0xc  GPRS.o [1]
    .data             inited   0x20000268      0xc  powerfail.o [1]
    .data             inited   0x20000274      0x8  Can_Hw.o [1]
    .data             inited   0x2000027c      0x4  fsl_clock.o [1]
    .data             inited   0x20000280      0x4  fsl_clock.o [1]
    .data             inited   0x20000284      0x4  GPRS.o [1]
    .data             inited   0x20000288      0x4  port.o [1]
    .data             inited   0x2000028c      0x4  record_task.o [1]
    .data             inited   0x20000290      0x4  spi_flash_freertos.o [1]
    .data             inited   0x20000294      0x4  system_MKS22F12.o [1]
    __DLIB_PERTHREAD  inited   0x20000298      0x4  errno.o [3]
    .data             inited   0x2000029c      0x1  diag_task.o [1]
    .data             inited   0x2000029d      0x1  gps.o [1]
    .data             inited   0x2000029e      0x1  periodic.o [1]
                             - 0x2000029f    0x29f

"P3", part 2 of 3:                          0xa024
  .bss                zero     0x200002a0   0x4800  heap_4.o [1]
  .bss                zero     0x20004aa0   0x16dc  record_task.o [1]
  .bss                zero     0x2000617c    0x774  gps.o [1]
  .bss                zero     0x200068f0    0x44c  uart.o [1]
  .bss                zero     0x20006d3c    0x400  aes.o [1]
  .bss                zero     0x2000713c    0x400  aes.o [1]
  .bss                zero     0x2000753c    0x400  aes.o [1]
  .bss                zero     0x2000793c    0x400  aes.o [1]
  .bss                zero     0x20007d3c    0x400  aes.o [1]
  .bss                zero     0x2000813c    0x400  aes.o [1]
  .bss                zero     0x2000853c    0x400  aes.o [1]
  .bss                zero     0x2000893c    0x400  aes.o [1]
  .bss                zero     0x20008d3c    0x3e8  uart.o [1]
  .bss                zero     0x20009124    0x258  uart.o [1]
  .bss                zero     0x2000937c    0x224  vehicle.o [1]
  .bss                zero     0x200095a0    0x100  aes.o [1]
  .bss                zero     0x200096a0    0x100  aes.o [1]
  .bss                zero     0x200097a0     0xf0  uart.o [1]
  .bss                zero     0x20009890     0xa8  timer.o [1]
  .bss                zero     0x20009938     0x98  uart.o [1]
  .bss                zero     0x200099d0     0x98  uart.o [1]
  .bss                zero     0x20009a68     0x80  GPRS.o [1]
  .bss                zero     0x20009ae8     0x78  gps.o [1]
  .bss                zero     0x20009b60     0x74  gps.o [1]
  .bss                zero     0x20009bd4     0x74  gps.o [1]
  .bss                zero     0x20009c48     0x74  gps.o [1]
  .bss                zero     0x20009cbc     0x64  tasks.o [1]
  .bss                zero     0x20009d20     0x64  uart.o [1]
  .bss                zero     0x20009d84     0x60  Can_Hw.o [1]
  .bss                zero     0x20009de4     0x5c  param.o [1]
  .bss                zero     0x20009e40     0x50  queue.o [1]
  .bss                zero     0x20009e90     0x50  xfiles.o [3]
  .bss                zero     0x20009ee0     0x48  diag_task.o [1]
  .bss                zero     0x20009f28     0x48  diag_task.o [1]
  .bss                zero     0x20009f70     0x40  spi_flash_freertos.o [1]
  .bss                zero     0x20009fb0     0x28  aes.o [1]
  .bss                zero     0x20009fd8     0x24  vehicle.o [1]
  .bss                zero     0x20009ffc     0x1c  GPRS.o [1]
  .bss                zero     0x2000a018     0x1c  rtos.o [1]
  .bss                zero     0x2000a034     0x1c  rtos.o [1]
  .bss                zero     0x2000a050     0x1c  rtos.o [1]
  .bss                zero     0x2000a06c     0x18  param.o [1]
  .bss                zero     0x2000a084     0x14  tasks.o [1]
  .bss                zero     0x2000a098     0x14  tasks.o [1]
  .bss                zero     0x2000a0ac     0x14  tasks.o [1]
  .bss                zero     0x2000a0c0     0x14  tasks.o [1]
  .bss                zero     0x2000a0d4     0x14  tasks.o [1]
  .bss                zero     0x2000a0e8     0x14  timers.o [1]
  .bss                zero     0x2000a0fc     0x14  timers.o [1]
  .bss                zero     0x2000a110     0x10  Can_Hw.o [1]
  .bss                zero     0x2000a120     0x10  Can_Hw.o [1]
  .bss                zero     0x2000a130     0x10  relays.o [1]
  .bss                zero     0x2000a140      0xc  GPRS.o [1]
  .bss                zero     0x2000a14c      0xc  param.o [1]
  .bss                zero     0x2000a158      0x8  ACC_Detect.o [1]
  .bss                zero     0x2000a160      0x8  BMS_Detect.o [1]
  .bss                zero     0x2000a168      0x8  ExtBatt_Detect.o [1]
  .bss                zero     0x2000a170      0x8  fsl_dspi.o [1]
  .bss                zero     0x2000a178      0x8  fsl_flexcan.o [1]
  .bss                zero     0x2000a180      0x8  GPRS.o [1]
  .bss                zero     0x2000a188      0x8  heap_4.o [1]
  .bss                zero     0x2000a190      0x8  Psync.o [1]
  .bss                zero     0x2000a198      0x8  xxmemxmalloc.o [3]
  .bss                zero     0x2000a1a0      0x4  aes.o [1]
  .bss                zero     0x2000a1a4      0x4  diag_task.o [1]
  .bss                zero     0x2000a1a8      0x4  diag_task.o [1]
  .bss                zero     0x2000a1ac      0x4  fsl_clock.o [1]
  .bss                zero     0x2000a1b0      0x4  fsl_clock.o [1]
  .bss                zero     0x2000a1b4      0x4  fsl_dspi.o [1]
  .bss                zero     0x2000a1b8      0x4  fsl_dspi.o [1]
  .bss                zero     0x2000a1bc      0x4  fsl_lpuart.o [1]
  .bss                zero     0x2000a1c0      0x4  fsl_lpuart.o [1]
  .bss                zero     0x2000a1c4      0x4  GPRS.o [1]
  .bss                zero     0x2000a1c8      0x4  GPRS.o [1]
  .bss                zero     0x2000a1cc      0x4  GPRS.o [1]
  .bss                zero     0x2000a1d0      0x4  GPRS.o [1]
  .bss                zero     0x2000a1d4      0x4  GPRS.o [1]
  .bss                zero     0x2000a1d8      0x4  GPRS.o [1]
  .bss                zero     0x2000a1dc      0x4  GPRS.o [1]
  .bss                zero     0x2000a1e0      0x4  GPRS.o [1]
  .bss                zero     0x2000a1e4      0x4  GPRS.o [1]
  .bss                zero     0x2000a1e8      0x4  gps.o [1]
  .bss                zero     0x2000a1ec      0x4  gps.o [1]
  .bss                zero     0x2000a1f0      0x4  heap_4.o [1]
  .bss                zero     0x2000a1f4      0x4  heap_4.o [1]
  .bss                zero     0x2000a1f8      0x4  heap_4.o [1]
  .bss                zero     0x2000a1fc      0x4  heap_4.o [1]
  .bss                zero     0x2000a200      0x4  periodic.o [1]
  .bss                zero     0x2000a204      0x4  periodic.o [1]
  .bss                zero     0x2000a208      0x4  periodic.o [1]
  .bss                zero     0x2000a20c      0x4  periodic.o [1]
  .bss                zero     0x2000a210      0x4  port.o [1]
  .bss                zero     0x2000a214      0x4  powerfail.o [1]
  .bss                zero     0x2000a218      0x4  powerfail.o [1]
  .bss                zero     0x2000a21c      0x4  powerfail.o [1]
  .bss                zero     0x2000a220      0x4  record_task.o [1]
  .bss                zero     0x2000a224      0x4  record_task.o [1]
  .bss                zero     0x2000a228      0x4  record_task.o [1]
  .bss                zero     0x2000a22c      0x4  record_task.o [1]
  .bss                zero     0x2000a230      0x4  record_task.o [1]
  .bss                zero     0x2000a234      0x4  record_task.o [1]
  .bss                zero     0x2000a238      0x4  spi_flash_freertos.o [1]
  .bss                zero     0x2000a23c      0x4  spi_flash_freertos.o [1]
  .bss                zero     0x2000a240      0x4  tasks.o [1]
  .bss                zero     0x2000a244      0x4  tasks.o [1]
  .bss                zero     0x2000a248      0x4  tasks.o [1]
  .bss                zero     0x2000a24c      0x4  tasks.o [1]
  .bss                zero     0x2000a250      0x4  tasks.o [1]
  .bss                zero     0x2000a254      0x4  tasks.o [1]
  .bss                zero     0x2000a258      0x4  tasks.o [1]
  .bss                zero     0x2000a25c      0x4  tasks.o [1]
  .bss                zero     0x2000a260      0x4  tasks.o [1]
  .bss                zero     0x2000a264      0x4  tasks.o [1]
  .bss                zero     0x2000a268      0x4  tasks.o [1]
  .bss                zero     0x2000a26c      0x4  tasks.o [1]
  .bss                zero     0x2000a270      0x4  tasks.o [1]
  .bss                zero     0x2000a274      0x4  tasks.o [1]
  .bss                zero     0x2000a278      0x4  tasks.o [1]
  .bss                zero     0x2000a27c      0x4  TelmProtocol.o [1]
  .bss                zero     0x2000a280      0x4  TelmProtocol.o [1]
  .bss                zero     0x2000a284      0x4  timers.o [1]
  .bss                zero     0x2000a288      0x4  timers.o [1]
  .bss                zero     0x2000a28c      0x4  timers.o [1]
  .bss                zero     0x2000a290      0x4  timers.o [1]
  .bss                zero     0x2000a294      0x4  timers.o [1]
  .bss                zero     0x2000a298      0x4  xgetmemchunk.o [3]
  .bss                zero     0x2000a29c      0x2  GPRS.o [1]
  .bss                zero     0x2000a29e      0x2  GPRS.o [1]
  .bss                zero     0x2000a2a0      0x2  GPRS.o [1]
  .bss                zero     0x2000a2a2      0x2  powerfail.o [1]
  .bss                zero     0x2000a2a4      0x2  powerfail.o [1]
  .bss                zero     0x2000a2a6      0x2  system.o [1]
  .bss                zero     0x2000a2a8      0x2  TelmProtocol.o [1]
  .bss                zero     0x2000a2aa      0x2  TelmProtocol.o [1]
  .bss                zero     0x2000a2ac      0x1  diag_task.o [1]
  .bss                zero     0x2000a2ad      0x1  diag_task.o [1]
  .bss                zero     0x2000a2ae      0x1  diag_task.o [1]
  .bss                zero     0x2000a2af      0x1  diag_task.o [1]
  .bss                zero     0x2000a2b0      0x1  GPRS.o [1]
  .bss                zero     0x2000a2b1      0x1  GPRS.o [1]
  .bss                zero     0x2000a2b2      0x1  gps.o [1]
  .bss                zero     0x2000a2b3      0x1  gps.o [1]
  .bss                zero     0x2000a2b4      0x1  gps.o [1]
  .bss                zero     0x2000a2b5      0x1  periodic.o [1]
  .bss                zero     0x2000a2b6      0x1  port.o [1]
  .bss                zero     0x2000a2b7      0x1  powerfail.o [1]
  .bss                zero     0x2000a2b8      0x1  Psync.o [1]
  .bss                zero     0x2000a2b9      0x1  Psync.o [1]
  .bss                zero     0x2000a2ba      0x1  record_task.o [1]
  .bss                zero     0x2000a2bb      0x1  record_task.o [1]
  .bss                zero     0x2000a2bc      0x1  relays.o [1]
  .bss                zero     0x2000a2bd      0x1  rtos.o [1]
  .bss                zero     0x2000a2be      0x1  spi_flash_freertos.o [1]
  .bss                zero     0x2000a2bf      0x1  TelmProtocol.o [1]
  .bss                zero     0x2000a2c0      0x1  vehicle.o [1]
  .bss                zero     0x2000a2c1      0x1  vehicle.o [1]
                             - 0x2000a2c2   0xa022

"P3", part 3 of 3:                          0x180c
  .noinit             uninit   0x2000a2c4      0x4  rtos.o [1]
  .noinit             uninit   0x2000a2c8      0x4  system.o [1]
  .noinit             uninit   0x2000a2cc      0x1  system.o [1]
  CSTACK                       0x2000a2d0    0x800  <Block>
    CSTACK            uninit   0x2000a2d0    0x800  <Block tail>
  HEAP                         0x2000aad0   0x1000  <Block>
    HEAP              uninit   0x2000aad0   0x1000  <Block tail>
                             - 0x2000bad0   0x180c


*******************************************************************************
*** INIT TABLE
***

          Address     Size
          -------     ----
Zero (__iar_zero_init3)
    1 destination range, total size 0xa022:
          0x200002a0  0xa022

Copy/packbits (__iar_packbits_init3)
    1 source range, total size 0x1d1 (69% of destination):
          0x00015208   0x1d1
    1 destination range, total size 0x29f:
          0x20000000   0x29f



*******************************************************************************
*** MODULE SUMMARY
***

    Module                 ro code  ro data  rw data
    ------                 -------  -------  -------
D:\workspace\TBOX-hengyi\firmware\codeV2.0\iar\Release\Obj: [1]
    ACC_Detect.o               348      100        8
    BMS_Detect.o               388      100        8
    Can_Hw.o                   444        5      136
    ExtBatt_Detect.o           348      100        8
    GPRS.o                   8 184    2 918      448
    ITHandler.o                308
    Psync.o                  1 120      372       10
    TelmProtocol.o           5 320      302       61
    adc.o                      208      116
    aes.o                    4 984             8 748
    board.o                    550        8
    clock_config.o             856       68
    clock_mcg.o                232
    crc_ccitt.o                 48      512
    diag_task.o              4 656      117      157
    fsl_adc16.o                456      176
    fsl_clock.o              2 792      138       16
    fsl_common.o                28       44
    fsl_dspi.o               2 528      366       16
    fsl_dspi_freertos.o        276
    fsl_flexcan.o            3 848      708        8
    fsl_gpio.o                  96       88
    fsl_llwu.o                 272
    fsl_lpuart.o                28                 8
    fsl_rnga.o                 228
    fsl_rtc.o                  486      116
    fsl_smc.o                  440
    fsl_uart.o                 588      268
    fsl_wdog.o                  46
    fsm.o                      414
    gensubs.o                  112       16
    gps.o                    4 760      151    2 420
    heap_4.o                   652        4   18 456
    list.o                     158
    lowpower.o                  80
    main.o                     112
    param.o                  2 364      462      240
    periodic.o                 984        5       18
    port.o                     604        6        9
    portasm.o                  168
    power_mode_switch.o        552      152
    powerfail.o                516       29       29
    queue.o                  2 616                80
    record_task.o            2 312      197    5 902
    relays.o                 1 500      140       17
    ring_buf.o                 124
    rtc.o                      508
    rtos.o                     896      240       89
    spi_flash_freertos.o     1 796      779       77
    startup_MKS22F12.o       1 452
    str_lib.o                  278
    system.o                   108       20        7
    system_MKS22F12.o           52        3        4
    tasks.o                  3 136        8      260
    timer.o                    350               168
    timers.o                 1 228       16       60
    uart.o                   2 624             3 344
    vehicle.o                1 180      112      586
    ------------------------------------------------
    Total:                  71 742    8 962   41 398

command line: [2]
    ------------------------------------------------
    Total:

dl7M_tlf.a: [3]
    abort.o                      6
    atoi.o                       8
    errno.o                     12        2        4
    exit.o                       4
    isxxx.o                     20
    low_level_init.o             4
    printf.o                    36
    putchar.o                   12
    setlocale.o                 36       80      116
    snprintf.o                  68
    sprintf.o                   52
    sscanf.o                    36
    tolower.o                   20
    xencoding_sb.o              96
    xfiles.o                             44      144
    xgetmemchunk.o              44                 4
    xlocale_c.o                 32
    xmbcurmax.o                 10
    xmbtowc.o                   32
    xprintfsmall.o           1 988
    xprout.o                    22
    xscanfsmall.o            1 608
    xsnprout.o                  26
    xsprout.o                   10
    xsscin.o                    30
    xstol.o                    136
    xstoul.o                   408
    xtls.o                       2
    xwctob.o                    64
    xwctomb.o                   26
    xxmemxfree.o               128
    xxmemxmalloc.o             176                 8
    ------------------------------------------------
    Total:                   5 152      126      276

m7M_tls.a: [4]
    fpinit_M.o                  34
    ------------------------------------------------
    Total:                      34

rt7M_tl.a: [5]
    ABImemclr.o                  6
    ABImemcpy_unaligned.o      118
    ABImemset.o                102
    cexit.o                     10
    cmain.o                     26
    cstartup_M.o                12
    data_init.o                 40
    memchr.o                    88
    memcmp_unaligned.o          98
    packbits_init.o            206
    strchr.o                    22
    strcmp_unaligned.o          66
    strlen.o                    54
    zero_init3.o                64
    ------------------------------------------------
    Total:                     912

shb_l.a: [6]
    exit.o                      20
    ------------------------------------------------
    Total:                      20

    Gaps                         3        6
    Linker created                       44    6 144
----------------------------------------------------
    Grand Total:            77 863    9 138   47 818


*******************************************************************************
*** ENTRY LIST
***

Entry                      Address    Size  Type      Object
-----                      -------    ----  ----      ------
.iar.init_table$$Base   0x00014230           --   Gb  - Linker created -
.iar.init_table$$Limit  0x0001425c           --   Gb  - Linker created -
?main                   0x000148e1          Code  Gb  cmain.o [5]
ACC_ACCMonitorProcess   0x00009b0b    0x42  Code  Gb  ACC_Detect.o [1]
ACC_GetCurrentSignalLevel
                        0x00009b5d    0x18  Code  Gb  ACC_Detect.o [1]
ACC_GetStatus           0x00009b4d    0x10  Code  Gb  ACC_Detect.o [1]
ACC_InitializeMonitor   0x00009abf    0x4c  Code  Gb  ACC_Detect.o [1]
ACC_Status              0x2000a158     0x8  Data  Gb  ACC_Detect.o [1]
ADC16_EnableHardwareTrigger
                        0x0000a1a7    0x1a  Code  Lc  adc.o [1]
ADC16_GetChannelConversionValue
                        0x0000a1c1    0x22  Code  Lc  adc.o [1]
ADC16_GetChannelStatusFlags
                        0x0000b195    0x2a  Code  Gb  fsl_adc16.o [1]
ADC16_GetDefaultConfig  0x0000b109    0x3c  Code  Gb  fsl_adc16.o [1]
ADC16_GetInstance       0x0000b027    0x30  Code  Lc  fsl_adc16.o [1]
ADC16_Init              0x0000b057    0xb2  Code  Gb  fsl_adc16.o [1]
ADC16_SetChannelConfig  0x0000b145    0x50  Code  Gb  fsl_adc16.o [1]
ADC_Initialize          0x0000a1e3    0x32  Code  Gb  adc.o [1]
ADC_Read                0x0000a215    0x3a  Code  Gb  adc.o [1]
ArrayToUint16           0x0000e285    0x1a  Code  Lc  param.o [1]
Assign_Bit              0x0000ad01    0x4a  Code  Gb  gensubs.o [1]
AtCmdQueue              0x2000a1c8     0x4  Data  Lc  GPRS.o [1]
BD_BDGSA_Msg_Decode     0x00009501    0x66  Code  Lc  gps.o [1]
BD_BDGSV_Msg_Decode     0x000092d9   0x1d0  Code  Lc  gps.o [1]
BMS_BMSMonitorProcess   0x00009987    0x54  Code  Gb  BMS_Detect.o [1]
BMS_GetCurrentSignalLevel
                        0x00009a03    0x18  Code  Gb  BMS_Detect.o [1]
BMS_GetStatus           0x000099db    0x10  Code  Gb  BMS_Detect.o [1]
BMS_InitializeMonitor   0x0000993b    0x4c  Code  Gb  BMS_Detect.o [1]
BMS_OffSignal           0x000099f7     0xc  Code  Gb  BMS_Detect.o [1]
BMS_OnSignal            0x000099eb     0xc  Code  Gb  BMS_Detect.o [1]
BMS_Status              0x2000a160     0x8  Data  Gb  BMS_Detect.o [1]
BOADR_IO_Init           0x000079ef   0x192  Code  Gb  board.o [1]
BOADR_Init              0x00007bbd    0x26  Code  Gb  board.o [1]
BOARD_BootClockHSRUN    0x000129d3    0xba  Code  Gb  clock_config.o [1]
BOARD_SetRtcClockSource
                        0x0000a2d3     0xe  Code  Lc  rtc.o [1]
Build_Message           0x0000695b    0x18  Code  Gb  rtos.o [1]
CAN0_DriverIRQHandler   0x0000cd09    0x26  Code  Gb  fsl_flexcan.o [1]
CAN1_DriverIRQHandler   0x0000cd35    0x26  Code  Gb  fsl_flexcan.o [1]
CAN_InitIO              0x0000af5f    0x2e  Code  Lc  Can_Hw.o [1]
CAN_Initialize          0x0000aead    0x6e  Code  Gb  Can_Hw.o [1]
CAN_ReceiveFIFOConfig   0x0000af8d    0x64  Code  Gb  Can_Hw.o [1]
CAN_RxframeBuffer       0x2000a110    0x10  Data  Lc  Can_Hw.o [1]
CAN_SendBlocking        0x0000af1b    0x44  Code  Gb  Can_Hw.o [1]
CAN_TxFrameBuffer       0x2000a120    0x10  Data  Lc  Can_Hw.o [1]
CLOCK_BootToPeeMode     0x00005c75    0x4c  Code  Gb  fsl_clock.o [1]
CLOCK_CONFIG_SetFlexioS0Clock
                        0x000129a5    0x18  Code  Lc  clock_config.o [1]
CLOCK_CONFIG_SetFllExtRefDiv
                        0x000129bd    0x16  Code  Lc  clock_config.o [1]
CLOCK_CONFIG_SetI2s0MasterClock
                        0x00012933    0x72  Code  Lc  clock_config.o [1]
CLOCK_CONFIG_SetPllFllSelDivFrac
                        0x0001290f    0x24  Code  Lc  clock_config.o [1]
CLOCK_CONFIG_SetRtcClock
                        0x000128a7    0x68  Code  Lc  clock_config.o [1]
CLOCK_DisableClock      0x000127af    0x16  Code  Lc  clock_config.o [1]
CLOCK_DisableClock      0x00005217    0x16  Code  Lc  fsl_clock.o [1]
CLOCK_DisableClock      0x00011ab7    0x16  Code  Lc  fsl_rnga.o [1]
CLOCK_EnableClock       0x00009a51    0x16  Code  Lc  ACC_Detect.o [1]
CLOCK_EnableClock       0x0000a191    0x16  Code  Lc  adc.o [1]
CLOCK_EnableClock       0x000098cd    0x16  Code  Lc  BMS_Detect.o [1]
CLOCK_EnableClock       0x000079bd    0x16  Code  Lc  board.o [1]
CLOCK_EnableClock       0x0000ae7b    0x16  Code  Lc  Can_Hw.o [1]
CLOCK_EnableClock       0x00012799    0x16  Code  Lc  clock_config.o [1]
CLOCK_EnableClock       0x00009bad    0x16  Code  Lc  ExtBatt_Detect.o [1]
CLOCK_EnableClock       0x0000b011    0x16  Code  Lc  fsl_adc16.o [1]
CLOCK_EnableClock       0x00005201    0x16  Code  Lc  fsl_clock.o [1]
CLOCK_EnableClock       0x0000b3d7    0x16  Code  Lc  fsl_dspi.o [1]
CLOCK_EnableClock       0x0000becb    0x16  Code  Lc  fsl_flexcan.o [1]
CLOCK_EnableClock       0x00011aa1    0x16  Code  Lc  fsl_rnga.o [1]
CLOCK_EnableClock       0x0000b1d9    0x16  Code  Lc  fsl_rtc.o [1]
CLOCK_EnableClock       0x00004fb5    0x16  Code  Lc  fsl_uart.o [1]
CLOCK_EnableClock       0x000075e5    0x16  Code  Lc  periodic.o [1]
CLOCK_EnableClock       0x0000a487    0x16  Code  Lc  spi_flash_freertos.o [1]
CLOCK_EnablePll0        0x00005921    0x62  Code  Gb  fsl_clock.o [1]
CLOCK_EnableUsbfs0Clock
                        0x00005611    0xda  Code  Gb  fsl_clock.o [1]
CLOCK_ExternalModeToFbeModeQuick
                        0x00005c19    0x42  Code  Gb  fsl_clock.o [1]
CLOCK_GetEr32kClkFreq   0x00005453    0x88  Code  Gb  fsl_clock.o [1]
CLOCK_GetFixedFreqClkFreq
                        0x0000579b    0x1e  Code  Gb  fsl_clock.o [1]
CLOCK_GetFllExtRefClkFreq
                        0x000052f7    0x70  Code  Lc  fsl_clock.o [1]
CLOCK_GetFllFreq        0x0000572f    0x56  Code  Gb  fsl_clock.o [1]
CLOCK_GetFllFreq::fllFactorTable
                        0x00014b40    0x10  Data  Lc  fsl_clock.o [1]
CLOCK_GetFllRefClkFreq  0x0000538d    0x20  Code  Lc  fsl_clock.o [1]
CLOCK_GetFreq           0x00005517    0xe0  Code  Gb  fsl_clock.o [1]
CLOCK_GetInternalRefClkFreq
                        0x00005785    0x16  Code  Gb  fsl_clock.o [1]
CLOCK_GetInternalRefClkSelectFreq
                        0x00005367    0x26  Code  Lc  fsl_clock.o [1]
CLOCK_GetMcgExtClkFreq  0x00005281    0x76  Code  Lc  fsl_clock.o [1]
CLOCK_GetOsc0ErClkDivFreq
                        0x00005411    0x42  Code  Gb  fsl_clock.o [1]
CLOCK_GetOsc0ErClkUndivFreq
                        0x000053db    0x36  Code  Gb  fsl_clock.o [1]
CLOCK_GetOscRangeFromFreq
                        0x000053b5    0x26  Code  Lc  fsl_clock.o [1]
CLOCK_GetOutClkFreq     0x000056eb    0x44  Code  Gb  fsl_clock.o [1]
CLOCK_GetPll0Freq       0x000057b9    0x3c  Code  Gb  fsl_clock.o [1]
CLOCK_GetPll0RefFreq    0x000053ad     0x8  Code  Lc  fsl_clock.o [1]
CLOCK_GetPllFllSelClkFreq
                        0x000054db    0x3c  Code  Gb  fsl_clock.o [1]
CLOCK_InitOsc0          0x00005983    0x4e  Code  Gb  fsl_clock.o [1]
CLOCK_SetClkOutClock    0x00012847    0x16  Code  Lc  clock_config.o [1]
CLOCK_SetEr32kClock     0x0000522d    0x1a  Code  Lc  fsl_clock.o [1]
CLOCK_SetExternalRefClkConfig
                        0x000057f5    0x6e  Code  Gb  fsl_clock.o [1]
CLOCK_SetFbeMode        0x00005aad    0xcc  Code  Gb  fsl_clock.o [1]
CLOCK_SetFbiMode        0x00005a0d    0x98  Code  Gb  fsl_clock.o [1]
CLOCK_SetFlexio0Clock   0x000127f9    0x1a  Code  Lc  clock_config.o [1]
CLOCK_SetInternalRefClkConfig
                        0x00005863    0xbe  Code  Gb  fsl_clock.o [1]
CLOCK_SetLowPowerEnable
                        0x000124f3    0x22  Code  Lc  clock_mcg.o [1]
CLOCK_SetLpi2c0Clock    0x0001282d    0x1a  Code  Lc  clock_config.o [1]
CLOCK_SetLpi2c1Clock    0x00012873    0x16  Code  Lc  clock_config.o [1]
CLOCK_SetLpuart0Clock   0x000127c5    0x1a  Code  Lc  clock_config.o [1]
CLOCK_SetPbeMode        0x00005b81    0x72  Code  Gb  fsl_clock.o [1]
CLOCK_SetPeeMode        0x00005bf3    0x22  Code  Gb  fsl_clock.o [1]
CLOCK_SetPllFllSelClock
                        0x00005247    0x1a  Code  Lc  fsl_clock.o [1]
CLOCK_SetRtcClkOutClock
                        0x0001285d    0x16  Code  Lc  clock_config.o [1]
CLOCK_SetSimConfig      0x000055f7    0x1a  Code  Gb  fsl_clock.o [1]
CLOCK_SetSimSafeDivs    0x00012889     0xa  Code  Lc  clock_config.o [1]
CLOCK_SetSimSafeDivs    0x000124e9     0xa  Code  Lc  clock_mcg.o [1]
CLOCK_SetTpmClock       0x000127df    0x1a  Code  Lc  clock_config.o [1]
CLOCK_SetTraceClock     0x00012813    0x1a  Code  Lc  clock_config.o [1]
CLOCK_SetXtal0Freq      0x00012789     0x8  Code  Lc  clock_config.o [1]
CLOCK_SetXtal32Freq     0x00012791     0x8  Code  Lc  clock_config.o [1]
CSTACK$$Base            0x2000a2d0           --   Gb  - Linker created -
CSTACK$$Limit           0x2000aad0           --   Gb  - Linker created -
DSPI_ClearStatusFlags   0x0000b419     0x4  Code  Lc  fsl_dspi.o [1]
DSPI_CommonIRQHandler   0x0000bcf5    0x28  Code  Lc  fsl_dspi.o [1]
DSPI_DisableInterrupts  0x0000b41d     0x8  Code  Lc  fsl_dspi.o [1]
DSPI_Enable             0x0000b3fb    0x1a  Code  Lc  fsl_dspi.o [1]
DSPI_EnableInterrupts   0x0000b8cd    0x20  Code  Gb  fsl_dspi.o [1]
DSPI_FlushFifo          0x0000b451    0x16  Code  Lc  fsl_dspi.o [1]
DSPI_GetInstance        0x0000b491    0x36  Code  Gb  fsl_dspi.o [1]
DSPI_GetStatusFlags     0x0000b415     0x4  Code  Lc  fsl_dspi.o [1]
DSPI_IsMaster           0x0000b435     0x8  Code  Lc  fsl_dspi.o [1]
DSPI_MasterGetDefaultConfig
                        0x0000b5c7    0x4a  Code  Gb  fsl_dspi.o [1]
DSPI_MasterGetFormattedCommand
                        0x0000b467    0x26  Code  Lc  fsl_dspi.o [1]
DSPI_MasterInit         0x0000b4c7   0x100  Code  Gb  fsl_dspi.o [1]
DSPI_MasterSetBaudRate  0x0000b639    0xf6  Code  Gb  fsl_dspi.o [1]
DSPI_MasterSetDelayScaler
                        0x0000b72f    0xaa  Code  Gb  fsl_dspi.o [1]
DSPI_MasterSetDelayTimes
                        0x0000b7d9    0xf4  Code  Gb  fsl_dspi.o [1]
DSPI_MasterTransferComplete
                        0x0000ba7d    0x40  Code  Lc  fsl_dspi.o [1]
DSPI_MasterTransferCreateHandle
                        0x0000b8ed    0x4c  Code  Gb  fsl_dspi.o [1]
DSPI_MasterTransferFillUpTxFifo
                        0x0000bac9   0x10e  Code  Lc  fsl_dspi.o [1]
DSPI_MasterTransferHandleIRQ
                        0x0000bbe9    0xe0  Code  Gb  fsl_dspi.o [1]
DSPI_MasterTransferNonBlocking
                        0x0000b9fd    0x80  Code  Gb  fsl_dspi.o [1]
DSPI_MasterTransferPrepare
                        0x0000b939    0xc4  Code  Lc  fsl_dspi.o [1]
DSPI_RTOS_Callback      0x0000bda1    0x34  Code  Lc  fsl_dspi_freertos.o [1]
DSPI_RTOS_Init          0x0000bdd5    0x7a  Code  Gb  fsl_dspi_freertos.o [1]
DSPI_RTOS_Transfer      0x0000be59    0x5c  Code  Gb  fsl_dspi_freertos.o [1]
DSPI_ReadData           0x0000b48d     0x4  Code  Lc  fsl_dspi.o [1]
DSPI_SetMasterSlaveMode
                        0x0000b425    0x10  Code  Lc  fsl_dspi.o [1]
DSPI_SetOnePcsPolarity  0x0000b611    0x28  Code  Lc  fsl_dspi.o [1]
DSPI_StartTransfer      0x0000b43d     0xa  Code  Lc  fsl_dspi.o [1]
DSPI_StopTransfer       0x0000b447     0xa  Code  Lc  fsl_dspi.o [1]
Diag_Task               0x00010887    0x48  Code  Gb  diag_task.o [1]
DisableGlobalIRQ        0x000075b5     0x8  Code  Lc  fsl_wdog.o [1]
EB_EBMonitorProcess     0x00009c67    0x54  Code  Gb  ExtBatt_Detect.o [1]
EB_InitializeMonitor    0x00009c1b    0x4c  Code  Gb  ExtBatt_Detect.o [1]
EB_OffSignal            0x00009cc7     0xc  Code  Gb  ExtBatt_Detect.o [1]
EB_OnSignal             0x00009cbb     0xc  Code  Gb  ExtBatt_Detect.o [1]
EB_Status               0x2000a168     0x8  Data  Gb  ExtBatt_Detect.o [1]
EnableGlobalIRQ         0x000075bd     0x6  Code  Lc  fsl_wdog.o [1]
EnableIRQ               0x00009a67     0xe  Code  Lc  ACC_Detect.o [1]
EnableIRQ               0x000098e3     0xe  Code  Lc  BMS_Detect.o [1]
EnableIRQ               0x00009bc3     0xe  Code  Lc  ExtBatt_Detect.o [1]
EnableIRQ               0x0000b3ed     0xe  Code  Lc  fsl_dspi.o [1]
EnableIRQ               0x0000bee1     0xe  Code  Lc  fsl_flexcan.o [1]
EnableIRQ               0x0000a275     0xe  Code  Lc  rtc.o [1]
EnableIRQ               0x00002487     0xe  Code  Lc  uart.o [1]
EventFucntion           0x200001e8    0x2c  Data  Lc  GPRS.o [1]
EventQueue              0x2000a1c4     0x4  Data  Lc  GPRS.o [1]
FLEXCAN_ClearMbStatusFlags
                        0x0000bef9     0x4  Code  Lc  fsl_flexcan.o [1]
FLEXCAN_ClearStatusFlags
                        0x0000beef     0x4  Code  Lc  fsl_flexcan.o [1]
FLEXCAN_DisableInterrupts
                        0x0000bf15    0x18  Code  Lc  fsl_flexcan.o [1]
FLEXCAN_DisableMbInterrupts
                        0x0000bf35     0x8  Code  Lc  fsl_flexcan.o [1]
FLEXCAN_Enable          0x0000bf3d    0x26  Code  Lc  fsl_flexcan.o [1]
FLEXCAN_EnableInterrupts
                        0x0000befd    0x18  Code  Lc  fsl_flexcan.o [1]
FLEXCAN_EnableMbInterrupts
                        0x0000bf2d     0x8  Code  Lc  fsl_flexcan.o [1]
FLEXCAN_EnterFrazeMode  0x0000bf99    0x10  Code  Lc  fsl_flexcan.o [1]
FLEXCAN_ExitFrazeMode   0x0000bfa9    0x10  Code  Lc  fsl_flexcan.o [1]
FLEXCAN_GetDefaultConfig
                        0x0000c21f    0x3c  Code  Gb  fsl_flexcan.o [1]
FLEXCAN_GetInstance     0x0000bf63    0x36  Code  Gb  fsl_flexcan.o [1]
FLEXCAN_GetMbStatusFlags
                        0x0000bef3     0x6  Code  Lc  fsl_flexcan.o [1]
FLEXCAN_Init            0x0000c13d    0xe2  Code  Gb  fsl_flexcan.o [1]
FLEXCAN_IsMbIntEnabled  0x0000bfed    0x2e  Code  Lc  fsl_flexcan.o [1]
FLEXCAN_IsMbOccupied    0x0000bfb9    0x34  Code  Lc  fsl_flexcan.o [1]
FLEXCAN_ReadRxMb        0x0000c74f    0xf0  Code  Gb  fsl_flexcan.o [1]
FLEXCAN_Reset           0x0000c01b    0xa0  Code  Lc  fsl_flexcan.o [1]
FLEXCAN_SetBaudRate     0x0000c0bb    0x82  Code  Lc  fsl_flexcan.o [1]
FLEXCAN_SetRxMbConfig   0x0000c353    0xd8  Code  Gb  fsl_flexcan.o [1]
FLEXCAN_SetTimingConfig
                        0x0000c25b    0x66  Code  Gb  fsl_flexcan.o [1]
FLEXCAN_SetTxMbConfig   0x0000c2c1    0x92  Code  Gb  fsl_flexcan.o [1]
FLEXCAN_TransferAbortReceive
                        0x0000cac9    0x7a  Code  Gb  fsl_flexcan.o [1]
FLEXCAN_TransferAbortSend
                        0x0000ca35    0x8c  Code  Gb  fsl_flexcan.o [1]
FLEXCAN_TransferCreateHandle
                        0x0000c8f3    0xcc  Code  Gb  fsl_flexcan.o [1]
FLEXCAN_TransferHandleIRQ
                        0x0000cb59   0x1b0  Code  Gb  fsl_flexcan.o [1]
FLEXCAN_TransferReceiveFifoNonBlocking
                        0x0000c9cd    0x5c  Code  Gb  fsl_flexcan.o [1]
FLEXCAN_WriteTxMb       0x0000c63b   0x114  Code  Gb  fsl_flexcan.o [1]
FSM_Process_CS          0x0000acdd    0x22  Code  Gb  fsm.o [1]
FSM_Process_Evt         0x0000ab61   0x17c  Code  Gb  fsm.o [1]
FSb                     0x200095a0   0x100  Data  Lc  aes.o [1]
FT0                     0x20006d3c   0x400  Data  Lc  aes.o [1]
FT1                     0x2000713c   0x400  Data  Lc  aes.o [1]
FT2                     0x2000753c   0x400  Data  Lc  aes.o [1]
FT3                     0x2000793c   0x400  Data  Lc  aes.o [1]
FlEXCAN_ReadRxFifo      0x0000c83f    0x78  Code  Gb  fsl_flexcan.o [1]
FlEXCAN_SetRxFifoConfig
                        0x0000c42b   0x210  Code  Gb  fsl_flexcan.o [1]
FlEXCAN_TransferSendBlocking
                        0x0000c8b7    0x3c  Code  Gb  fsl_flexcan.o [1]
FlashInfo               0x20000290     0x4  Data  Lc  spi_flash_freertos.o [1]
GNSS_GNRMC_Msg_Decode   0x00008a1f   0x2e4  Code  Lc  gps.o [1]
GPIO_PinInit            0x00008273    0x42  Code  Gb  fsl_gpio.o [1]
GPIO_ReadPinInput       0x00009a75     0xa  Code  Lc  ACC_Detect.o [1]
GPIO_ReadPinInput       0x000098f1     0xa  Code  Lc  BMS_Detect.o [1]
GPIO_ReadPinInput       0x00009bd1     0xa  Code  Lc  ExtBatt_Detect.o [1]
GPIO_ReadPinInput       0x00000427     0xa  Code  Lc  GPRS.o [1]
GPIO_ReadPinInput       0x00012d09     0xa  Code  Lc  ITHandler.o [1]
GPIO_WritePinOutput     0x00010871    0x16  Code  Lc  diag_task.o [1]
GPIO_WritePinOutput     0x0000825d    0x16  Code  Lc  fsl_gpio.o [1]
GPIO_WritePinOutput     0x00000411    0x16  Code  Lc  GPRS.o [1]
GPIO_WritePinOutput     0x00008621    0x16  Code  Lc  gps.o [1]
GPIO_WritePinOutput     0x000075fb    0x16  Code  Lc  periodic.o [1]
GPIO_WritePinOutput     0x00007be5    0x16  Code  Lc  Psync.o [1]
GPIO_WritePinOutput     0x00011ba7    0x16  Code  Lc  relays.o [1]
GPIO_WritePinOutput     0x0000a49d    0x16  Code  Lc  spi_flash_freertos.o [1]
GPIO_WritePinOutput     0x00009cf5    0x16  Code  Lc  vehicle.o [1]
GPS_COM_Initialize      0x00008729    0x36  Code  Lc  gps.o [1]
GPS_Task                0x00008637    0x84  Code  Gb  gps.o [1]
GPS_Validate_Rx_Frame_Data
                        0x00008881    0xb8  Code  Lc  gps.o [1]
GPS_update_last         0x000086f1    0x38  Code  Lc  gps.o [1]
Get_Activation_Status   0x0000e431     0x8  Code  Gb  param.o [1]
Get_Cold_Start          0x000067a9    0x14  Code  Gb  rtos.o [1]
Get_Config              0x0000e4d1    0x48  Code  Gb  param.o [1]
Get_Filed_Data_Pointer  0x00004e3b    0x30  Code  Gb  str_lib.o [1]
Get_Iccid               0x0000d24f    0x3e  Code  Lc  TelmProtocol.o [1]
Get_Manufacture_Setting
                        0x0000e2cd    0xc6  Code  Gb  param.o [1]
Get_Next_Data_Len_Before_Comma
                        0x00004e1b    0x20  Code  Gb  str_lib.o [1]
Get_Time                0x0000d243     0xc  Code  Lc  TelmProtocol.o [1]
Get_backupl_Info        0x0000e621    0xfa  Code  Lc  param.o [1]
Get_config_data         0x0000e5b5    0x16  Code  Gb  param.o [1]
Get_config_secretKey    0x0000e5e5    0x1a  Code  Gb  param.o [1]
Get_default_config      0x0000e487    0x4a  Code  Lc  param.o [1]
Get_vhcl_Data_Total_Number
                        0x0000e71b     0x8  Code  Gb  param.o [1]
Gps_Rx_Data_Byte        0x0000875f   0x122  Code  Lc  gps.o [1]
Gps_Rx_Data_Byte::first_sync_ch_received
                        0x2000a2b4     0x1  Data  Lc  gps.o [1]
Gps_Rx_Data_Byte::gps_rx_buffer
                        0x20009ae8    0x78  Data  Lc  gps.o [1]
Gps_Rx_Data_Byte::gps_rx_state
                        0x2000a2b2     0x1  Data  Lc  gps.o [1]
Gps_Rx_Data_Byte::rx_count
                        0x2000a2b3     0x1  Data  Lc  gps.o [1]
Gps_any_received_frames
                        0x000089dd    0x16  Code  Lc  gps.o [1]
Gps_check_receive       0x00008955    0x88  Code  Lc  gps.o [1]
Gps_received_frame      0x000089f3    0x2a  Code  Lc  gps.o [1]
HEAP$$Base              0x2000aad0           --   Gb  - Linker created -
HEAP$$Limit             0x2000bad0           --   Gb  - Linker created -
HexToStr                0x00004e6b    0x2e  Code  Gb  str_lib.o [1]
HextoChar               0x00004d83    0x3a  Code  Gb  str_lib.o [1]
IOT_GetCsq              0x000022cf     0xc  Code  Gb  GPRS.o [1]
IOT_GetIccid            0x000022b1    0x1e  Code  Gb  GPRS.o [1]
IOT_GetImei             0x00002269    0x1e  Code  Gb  GPRS.o [1]
IOT_GetImsi             0x0000228d    0x1e  Code  Gb  GPRS.o [1]
IOT_GetSessionState     0x00002241    0x1e  Code  Gb  GPRS.o [1]
IOT_IpClose             0x00002209    0x2c  Code  Gb  GPRS.o [1]
IOT_IpNetSend           0x00002021    0xb0  Code  Gb  GPRS.o [1]
IOT_IpOpenUnblock       0x000021c1    0x40  Code  Gb  GPRS.o [1]
IOT_IsIpTransOk         0x000022db     0xa  Code  Gb  GPRS.o [1]
IOT_IsSimReady          0x000022e5     0xc  Code  Gb  GPRS.o [1]
IOT_PowerDown           0x00002179    0x44  Code  Gb  GPRS.o [1]
IOT_Task                0x00001fbd    0x60  Code  Gb  GPRS.o [1]
IOT_ipConnectStateChangeNotifierRegester
                        0x00002301     0x6  Code  Gb  GPRS.o [1]
IOT_receiveDatahanlerRegester
                        0x000022f1     0x6  Code  Gb  GPRS.o [1]
Idle_Task               0x00006861    0x1c  Code  Lc  rtos.o [1]
InStream_StepRegion     0x00012e15    0x14  Code  Lc  packbits_init.o [5]
Init_Config             0x0000e439    0x4e  Code  Lc  param.o [1]
Init_Manufacture_Setting
                        0x0000e2b7    0x16  Code  Lc  param.o [1]
Init_Param_In_Flash     0x0000ea39    0x10  Code  Lc  param.o [1]
Init_vhcl_Info          0x0000e5ff    0x22  Code  Gb  param.o [1]
LED_Get_Toggle_Period   0x00008095     0x8  Code  Gb  system.o [1]
LED_Set_Toggle_Period   0x0000808d     0x8  Code  Gb  system.o [1]
LLWU_ClearExternalWakeupPinFlag
                        0x0001249f    0x4a  Code  Gb  fsl_llwu.o [1]
LLWU_GetExternalWakeupPinFlag
                        0x0001244f    0x50  Code  Gb  fsl_llwu.o [1]
LLWU_IRQHandler         0x00012d81    0x76  Code  Gb  ITHandler.o [1]
LLWU_SetExternalWakeupPinMode
                        0x000123d9    0x76  Code  Gb  fsl_llwu.o [1]
LPTMR0_IRQHandler       0x00012df7     0x2  Code  Gb  ITHandler.o [1]
LPUART0_DriverIRQHandler
                        0x000148c5    0x10  Code  Gb  fsl_lpuart.o [1]
Led_Period              0x2000a2a6     0x2  Data  Lc  system.o [1]
LoadInt                 0x00006415    0x4c  Code  Lc  xprintfsmall.o [3]
Load_Param              0x0000ea89    0x44  Code  Gb  param.o [1]
MCG_SetClockHsrun       0x00012515    0x1a  Code  Gb  clock_mcg.o [1]
MCG_SetClockRunFromHsrun
                        0x0001252f    0x1a  Code  Gb  clock_mcg.o [1]
MCG_SetClockRunFromVlpr
                        0x00012549    0x32  Code  Gb  clock_mcg.o [1]
[...]
prvSwitchTimerLists     0x00003c6b    0x90  Code  Lc  timers.o [1]
prvTaskExitError        0x00005d11    0x2a  Code  Lc  port.o [1]
prvTelmProt_Aes_Decrypt
                        0x0000d1a1    0x78  Code  Lc  TelmProtocol.o [1]
prvTelmProt_Aes_Encrypt
                        0x0000d0ab    0xf6  Code  Lc  TelmProtocol.o [1]
prvTelmProt_ChangeKey   0x0000cdbd    0x50  Code  Lc  TelmProtocol.o [1]
prvTelmProt_Encode_AbsVal
                        0x0000d409    0x42  Code  Lc  TelmProtocol.o [1]
prvTelmProt_Encode_Alarm
                        0x0000d44b    0x42  Code  Lc  TelmProtocol.o [1]
prvTelmProt_Encode_Batt_Temp
                        0x0000d4df    0x42  Code  Lc  TelmProtocol.o [1]
prvTelmProt_Encode_Batt_Volt
                        0x0000d49d    0x42  Code  Lc  TelmProtocol.o [1]
prvTelmProt_Encode_Chk  0x0000d219    0x2a  Code  Lc  TelmProtocol.o [1]
prvTelmProt_Encode_EcEngine
                        0x0000d379    0x42  Code  Lc  TelmProtocol.o [1]
prvTelmProt_Encode_Engine
                        0x0000d3c1     0x6  Code  Lc  TelmProtocol.o [1]
prvTelmProt_Encode_Extended
                        0x0000d527    0x42  Code  Lc  TelmProtocol.o [1]
prvTelmProt_Encode_FuelBatt
                        0x0000d3bb     0x6  Code  Lc  TelmProtocol.o [1]
prvTelmProt_Encode_GPS  0x0000d3c7    0x42  Code  Lc  TelmProtocol.o [1]
prvTelmProt_Encode_Header
                        0x0000e1a9    0x32  Code  Lc  TelmProtocol.o [1]
prvTelmProt_Encode_HeartBeat
                        0x0000d521     0x6  Code  Lc  TelmProtocol.o [1]
prvTelmProt_Encode_Login
                        0x0000d28d    0x52  Code  Lc  TelmProtocol.o [1]
prvTelmProt_Encode_Logout
                        0x0000d2df    0x60  Code  Lc  TelmProtocol.o [1]
prvTelmProt_Encode_Resp
                        0x0000d48d    0x10  Code  Lc  TelmProtocol.o [1]
prvTelmProt_Encode_Vehicle
                        0x0000d33f    0x3a  Code  Lc  TelmProtocol.o [1]
prvTelmProt_ParseControlCmd
                        0x0000ce0d    0xa4  Code  Lc  TelmProtocol.o [1]
prvTelmProt_ParseLocatCmd
                        0x0000ceb1     0x6  Code  Lc  TelmProtocol.o [1]
prvTimerTask            0x00003a59    0x1e  Code  Lc  timers.o [1]
prvUnlockQueue          0x00003727    0x6e  Code  Lc  queue.o [1]
ps_check_can_sleep      0x00007ee5     0x6  Code  Lc  Psync.o [1]
ps_check_dev_active     0x00007edf     0x6  Code  Lc  Psync.o [1]
ps_check_dev_active_user_on
                        0x00007ed9     0x6  Code  Lc  Psync.o [1]
ps_check_user_mode_condition
                        0x00007ebd    0x1c  Code  Lc  Psync.o [1]
ps_chrateTImerHandler   0x00007e3d    0x16  Code  Lc  Psync.o [1]
ps_cs_awake             0x00007d9d    0x98  Code  Lc  Psync.o [1]
ps_cs_eng_on            0x00007e53    0x6a  Code  Lc  Psync.o [1]
ps_cs_idle              0x00007d7d    0x20  Code  Lc  Psync.o [1]
ps_cs_root              0x00007d79     0x4  Code  Lc  Psync.o [1]
ps_cs_sys_on            0x00007e35     0x4  Code  Lc  Psync.o [1]
ps_cs_user_on           0x00007e39     0x4  Code  Lc  Psync.o [1]
ps_data                 0x2000a190     0x8  Data  Lc  Psync.o [1]
ps_entry_awake          0x00007d1f    0x28  Code  Lc  Psync.o [1]
ps_entry_eng_on         0x00007d4f    0x10  Code  Lc  Psync.o [1]
ps_entry_idle           0x00007d0b    0x14  Code  Lc  Psync.o [1]
ps_entry_root           0x00007ccf    0x3c  Code  Lc  Psync.o [1]
ps_entry_sys_on         0x00007d47     0x4  Code  Lc  Psync.o [1]
ps_entry_user_on        0x00007d4b     0x4  Code  Lc  Psync.o [1]
ps_exit_awake           0x00007d5f    0x12  Code  Lc  Psync.o [1]
ps_exit_eng_on          0x00007d75     0x4  Code  Lc  Psync.o [1]
ps_exit_user_on         0x00007d71     0x4  Code  Lc  Psync.o [1]
ps_restart_stdby_tmr    0x00007f05    0x28  Code  Lc  Psync.o [1]
ps_set_force_user_off   0x00007eeb     0x4  Code  Lc  Psync.o [1]
ps_set_ign_on_to_awake  0x00007f31     0x4  Code  Lc  Psync.o [1]
ps_set_user_off_start_stdby_tmr
                        0x00007eef     0x4  Code  Lc  Psync.o [1]
ps_start_action         0x00007cb9    0x16  Code  Lc  Psync.o [1]
ps_start_stdby_tmr      0x00007ef3    0x12  Code  Lc  Psync.o [1]
ps_stop_dev_on_tmr      0x00007f2d     0x4  Code  Lc  Psync.o [1]
putchar                 0x00014a19     0xc  Code  Gb  putchar.o [3]
pvPortMalloc            0x000049b1   0x124  Code  Gb  heap_4.o [1]
pvTaskIncrementMutexHeldCount
                        0x000048ad    0x1e  Code  Gb  tasks.o [1]
pxCurrentTCB            0x2000a240     0x4  Data  Gb  tasks.o [1]
pxCurrentTimerList      0x2000a284     0x4  Data  Lc  timers.o [1]
pxDelayedTaskList       0x2000a244     0x4  Data  Lc  tasks.o [1]
pxEnd                   0x2000a1f0     0x4  Data  Lc  heap_4.o [1]
pxOverflowDelayedTaskList
                        0x2000a248     0x4  Data  Lc  tasks.o [1]
pxOverflowTimerList     0x2000a288     0x4  Data  Lc  timers.o [1]
pxPortInitialiseStack   0x00005ce9    0x28  Code  Gb  port.o [1]
pxReadyTasksLists       0x20009cbc    0x64  Data  Lc  tasks.o [1]
pxResources             0x2000a050    0x1c  Data  Lc  rtos.o [1]
pxTaskHandle            0x2000a034    0x1c  Data  Lc  rtos.o [1]
pxTaskQueue             0x2000a018    0x1c  Data  Lc  rtos.o [1]
querySendState          0x000011ab    0xc4  Code  Lc  GPRS.o [1]
realtimeSendResHandle   0x000105d5    0x38  Code  Lc  record_task.o [1]
receiveChecker          0x000012b5   0x390  Code  Lc  GPRS.o [1]
reconnectSesion         0x00001809    0x2c  Code  Lc  GPRS.o [1]
recordInteral           0x2000028c     0x4  Data  Lc  record_task.o [1]
recordRlealtimeData     0x000104df    0xf4  Code  Lc  record_task.o [1]
recordTimer             0x2000a220     0x4  Data  Lc  record_task.o [1]
record_event_handler    0x20000248    0x14  Data  Lc  record_task.o [1]
reset                   0x0000072b     0xe  Code  Lc  GPRS.o [1]
resource_init           0x00014c50    0x10  Data  Lc  rtos.o [1]
respHandler             0x2000a27c     0x4  Data  Lc  TelmProtocol.o [1]
rl_awake_to_idle        0x00011f85   0x10a  Code  Lc  relays.o [1]
rl_check                0x00011f33     0x2  Code  Lc  relays.o [1]
rl_check_wake_up        0x00012101     0x8  Code  Lc  relays.o [1]
rl_cs_awake             0x00011f4b    0x2a  Code  Lc  relays.o [1]
rl_cs_idle              0x0001208f    0x20  Code  Lc  relays.o [1]
rl_cs_play              0x00011f75    0x10  Code  Lc  relays.o [1]
rl_current_state        0x00014e20     0xc  Data  Lc  relays.o [1]
rl_data                 0x2000a2bc     0x1  Data  Lc  relays.o [1]
rl_delay_without_schedule
                        0x000120af    0x2a  Code  Gb  relays.o [1]
rl_idle_to_awake        0x00011f35     0xe  Code  Lc  relays.o [1]
rl_not_awake_IO         0x00011bd9   0x2ac  Code  Lc  relays.o [1]
rl_play_to_awake        0x00011f43     0x8  Code  Lc  relays.o [1]
rl_timer                0x2000a130    0x10  Data  Lc  relays.o [1]
rl_wait_for_tasks_to_suspend
                        0x000120d9    0x28  Code  Lc  relays.o [1]
rl_wake_up              0x00011edd     0x4  Code  Lc  relays.o [1]
rltmInfoTbl             0x20004aa0  0x16dc  Data  Lc  record_task.o [1]
rnga_ReadEntropy        0x00011af5    0x22  Code  Lc  fsl_rnga.o [1]
s_adc16Bases            0x000151d4     0x4  Data  Lc  fsl_adc16.o [1]
s_adc16Clocks           0x000151d8     0x4  Data  Gb  fsl_adc16.o [1]
s_baudratePrescaler     0x00014b70    0x10  Data  Lc  fsl_dspi.o [1]
s_baudrateScaler        0x000135d0    0x40  Data  Lc  fsl_dspi.o [1]
s_delayPrescaler        0x00014b80    0x10  Data  Lc  fsl_dspi.o [1]
s_delayScaler           0x00013610    0x40  Data  Lc  fsl_dspi.o [1]
s_dspiBases             0x00014ee8     0x8  Data  Lc  fsl_dspi.o [1]
s_dspiClock             0x00014ef0     0x8  Data  Lc  fsl_dspi.o [1]
s_dspiIRQ               0x00004f3a     0x2  Data  Lc  fsl_dspi.o [1]
s_dspiMasterIsr         0x2000a1b4     0x4  Data  Lc  fsl_dspi.o [1]
s_dspiSlaveIsr          0x2000a1b8     0x4  Data  Lc  fsl_dspi.o [1]
s_fastIrcFreq           0x20000280     0x4  Data  Lc  fsl_clock.o [1]
s_flexcanBases          0x00014f28     0x8  Data  Lc  fsl_flexcan.o [1]
s_flexcanBusOffIRQ      0x000075e2     0x2  Data  Lc  fsl_flexcan.o [1]
s_flexcanClock          0x00014f30     0x8  Data  Lc  fsl_flexcan.o [1]
s_flexcanErrorIRQ       0x00007532     0x2  Data  Lc  fsl_flexcan.o [1]
s_flexcanHandle         0x2000a178     0x8  Data  Lc  fsl_flexcan.o [1]
s_flexcanMbIRQ          0x00007be2     0x2  Data  Lc  fsl_flexcan.o [1]
s_flexcanRxWarningIRQ   0x00005fe2     0x2  Data  Lc  fsl_flexcan.o [1]
s_flexcanTxWarningIRQ   0x00007402     0x2  Data  Lc  fsl_flexcan.o [1]
s_flexcanWakeUpIRQ      0x00007466     0x2  Data  Lc  fsl_flexcan.o [1]
s_lpuartHandle          0x2000a1bc     0x4  Data  Lc  fsl_lpuart.o [1]
s_lpuartIsr             0x2000a1c0     0x4  Data  Lc  fsl_lpuart.o [1]
s_slowIrcFreq           0x2000027c     0x4  Data  Lc  fsl_clock.o [1]
s_uartBases             0x00014cac     0xc  Data  Lc  fsl_uart.o [1]
s_uartClock             0x00014cb8     0xc  Data  Lc  fsl_uart.o [1]
seed                    0x2000a1a4     0x4  Data  Lc  diag_task.o [1]
sesionState             0x2000a2aa     0x2  Data  Lc  TelmProtocol.o [1]
simConfig_BAORD_BootClockVLPR
                        0x00014e90     0x8  Data  Gb  clock_config.o [1]
simConfig_BOARD_BootClockHSRUN
                        0x00014e98     0x8  Data  Gb  clock_config.o [1]
simConfig_BOARD_BootClockRUN
                        0x00014ea8     0x8  Data  Gb  clock_config.o [1]
singleBatTmpPackge      0x0000e02f    0x7a  Code  Lc  TelmProtocol.o [1]
singleBatVolPackge      0x0000de2b    0xa6  Code  Lc  TelmProtocol.o [1]
snprintf                0x00004f3d    0x44  Code  Gb  snprintf.o [3]
spi_cs_activate         0x0000a5f9    0x10  Code  Gb  spi_flash_freertos.o [1]
spi_cs_deactivate       0x0000a609    0x10  Code  Gb  spi_flash_freertos.o [1]
spi_flash_addr2cmd      0x0000a619     0xc  Code  Gb  spi_flash_freertos.o [1]
spi_flash_chk_status    0x0000a69b    0x8c  Code  Gb  spi_flash_freertos.o [1]
spi_flash_deepPwrDown   0x0000aa07    0x36  Code  Gb  spi_flash_freertos.o [1]
spi_flash_enable_write  0x0000a727    0x2a  Code  Gb  spi_flash_freertos.o [1]
spi_flash_erase_all     0x0000a959    0x62  Code  Gb  spi_flash_freertos.o [1]
spi_flash_erase_sector  0x0000a8c1    0x98  Code  Gb  spi_flash_freertos.o [1]
spi_flash_init          0x0000a4f7   0x102  Code  Gb  spi_flash_freertos.o [1]
spi_flash_init::flashInfoOnShip
                        0x2000a23c     0x4  Data  Lc  spi_flash_freertos.o [1]
spi_flash_is_ok         0x0000aab3     0x6  Code  Gb  spi_flash_freertos.o [1]
spi_flash_read          0x0000a86d    0x54  Code  Gb  spi_flash_freertos.o [1]
spi_flash_readid        0x0000a9bb    0x4c  Code  Gb  spi_flash_freertos.o [1]
spi_flash_rw            0x0000a625    0x76  Code  Gb  spi_flash_freertos.o [1]
spi_flash_write         0x0000a7cf    0x9e  Code  Gb  spi_flash_freertos.o [1]
spi_flash_write_page    0x0000a751    0x7e  Code  Gb  spi_flash_freertos.o [1]
spi_low_level_init      0x0000aa3d    0x76  Code  Lc  spi_flash_freertos.o [1]
sprintf                 0x00004f81    0x34  Code  Gb  sprintf.o [3]
sscanf                  0x00004ea1    0x24  Code  Gb  sscanf.o [3]
strchr                  0x000073ed          Code  Gb  strchr.o [5]
strlen                  0x00004d4d          Code  Gb  strlen.o [5]
sys_sleep_request_flag  0x2000a2cc     0x1  Data  Gb  system.o [1]
sys_wakeup_src_flags    0x2000a2c8     0x4  Data  Gb  system.o [1]
telm_info_encode_table  0x00013750    0x38  Data  Lc  TelmProtocol.o [1]
test                    0x00001759    0x24  Code  Lc  GPRS.o [1]
tmr_array               0x20009890    0xa8  Data  Lc  timer.o [1]
tolower                 0x000080c5    0x14  Code  Gb  tolower.o [3]
tree_psync              0x000130b0    0x60  Data  Gb  Psync.o [1]
tryCnt                  0x2000a2ad     0x1  Data  Lc  diag_task.o [1]
txFrameMB               0x20000274     0x8  Data  Lc  Can_Hw.o [1]
u_do_tx                 0x00002975    0xce  Code  Gb  uart.o [1]
uart0_rx_buf            0x20009938    0x98  Data  Lc  uart.o [1]
uart0_tx_buf            0x200099d0    0x98  Data  Lc  uart.o [1]
uart1_rx_buf            0x20009124   0x258  Data  Lc  uart.o [1]
uart1_tx_buf            0x20009d20    0x64  Data  Lc  uart.o [1]
uart2_rx_buf            0x200068f0   0x44c  Data  Lc  uart.o [1]
uart2_tx_buf            0x20008d3c   0x3e8  Data  Lc  uart.o [1]
uart_chan               0x200097a0    0xf0  Data  Gb  uart.o [1]
ucHeap                  0x200002a0  0x4800  Data  Lc  heap_4.o [1]
ucMaxSysCallPriority    0x2000a2b6     0x1  Data  Lc  port.o [1]
udsDataTbl              0x20009fd8    0x24  Data  Lc  vehicle.o [1]
uds_rx_buffer           0x20009ee0    0x48  Data  Lc  diag_task.o [1]
uds_securityLevel       0x2000a2ac     0x1  Data  Lc  diag_task.o [1]
uds_sessionType         0x2000029c     0x1  Data  Lc  diag_task.o [1]
uds_tx_buffer           0x20009f28    0x48  Data  Lc  diag_task.o [1]
ulMaxPRIGROUPValue      0x2000a210     0x4  Data  Lc  port.o [1]
unitType                0x2000a2ae     0x1  Data  Lc  diag_task.o [1]
uploadDataTable         0x200001b8    0x30  Data  Lc  TelmProtocol.o [1]
urcDetecter             0x00000b81    0x4e  Code  Lc  GPRS.o [1]
urcTable                0x20000000    0x78  Data  Lc  GPRS.o [1]
uxCriticalNesting       0x20000288     0x4  Data  Lc  port.o [1]
uxCurrentNumberOfTasks  0x2000a250     0x4  Data  Lc  tasks.o [1]
uxDeletedTasksWaitingCleanUp
                        0x2000a24c     0x4  Data  Lc  tasks.o [1]
uxListRemove            0x00005fbb    0x28  Code  Gb  list.o [1]
uxPendedTicks           0x2000a260     0x4  Data  Lc  tasks.o [1]
uxQueueMessagesWaiting  0x00003609    0x28  Code  Gb  queue.o [1]
uxSchedulerSuspended    0x2000a278     0x4  Data  Lc  tasks.o [1]
uxTaskNumber            0x2000a26c     0x4  Data  Lc  tasks.o [1]
uxTopReadyPriority      0x2000a258     0x4  Data  Lc  tasks.o [1]
vApplicationDaemonTaskStartupHook
                        0x00006abd    0x40  Code  Gb  rtos.o [1]
vApplicationIdleHook    0x00006aa3     0x8  Code  Gb  rtos.o [1]
vApplicationMallocFailedHook
                        0x00006abb     0x2  Code  Gb  rtos.o [1]
vApplicationStackOverflowHook
                        0x00006a93    0x10  Code  Gb  rtos.o [1]
vApplicationTickHook    0x00006aab    0x10  Code  Gb  rtos.o [1]
vGps_Get_Gps_Info       0x000086c5    0x16  Code  Gb  gps.o [1]
vGps_Get_Gps_Status     0x000086bb     0xa  Code  Gb  gps.o [1]
vGps_Get_Valid_Gps_Info
                        0x000086db    0x16  Code  Gb  gps.o [1]
vListInitialise         0x00005f45    0x1e  Code  Gb  list.o [1]
vListInitialiseItem     0x00005f63     0x6  Code  Gb  list.o [1]
vListInsert             0x00005f81    0x3a  Code  Gb  list.o [1]
vListInsertEnd          0x00005f69    0x18  Code  Gb  list.o [1]
vPortEnableVFP          0x000073b1          Code  Gb  portasm.o [1]
vPortEnterCritical      0x00005e07    0x3a  Code  Gb  port.o [1]
vPortExitCritical       0x00005e41    0x32  Code  Gb  port.o [1]
vPortFree               0x00004ad5    0x7a  Code  Gb  heap_4.o [1]
vPortSetupTimerInterrupt
                        0x00005f1d    0x28  Code  Wk  port.o [1]
vPortStartFirstTask     0x00007399          Code  Gb  portasm.o [1]
vPortValidateInterruptPriority
                        0x00005e9d    0x50  Code  Gb  port.o [1]
vQueueAddToRegistry     0x000037d7    0x28  Code  Gb  queue.o [1]
vQueueDelete            0x00003631    0x28  Code  Gb  queue.o [1]
vQueueUnregisterQueue   0x000037ff    0x2e  Code  Gb  queue.o [1]
vQueueWaitForMessageRestricted
                        0x00003835    0x4c  Code  Gb  queue.o [1]
vTaskDelay              0x00003f91    0x4e  Code  Gb  tasks.o [1]
vTaskMissedYield        0x000045e3     0xa  Code  Gb  tasks.o [1]
vTaskPlaceOnEventList   0x0000440d    0x34  Code  Gb  tasks.o [1]
vTaskPlaceOnEventListRestricted
                        0x00004455    0x40  Code  Gb  tasks.o [1]
vTaskPriorityInherit    0x0000474b    0xaa  Code  Gb  tasks.o [1]
vTaskSetTimeOutState    0x00004529    0x26  Code  Gb  tasks.o [1]
vTaskStartScheduler     0x000040b7    0x72  Code  Gb  tasks.o [1]
vTaskSuspend            0x00003fdf    0xd8  Code  Gb  tasks.o [1]
vTaskSuspendAll         0x00004129    0x10  Code  Gb  tasks.o [1]
vTaskSwitchContext      0x00004379    0x94  Code  Gb  tasks.o [1]
vTelmProt_ParseIpData   0x0000ceb7   0x1f4  Code  Gb  TelmProtocol.o [1]
voltage_data            0x20000268     0xc  Data  Lc  powerfail.o [1]
voltage_limits          0x00014ab0    0x14  Data  Lc  powerfail.o [1]
waitCloseOk             0x000011a5     0x6  Code  Lc  GPRS.o [1]
xActiveTimerList1       0x2000a0e8    0x14  Data  Lc  timers.o [1]
xActiveTimerList2       0x2000a0fc    0x14  Data  Lc  timers.o [1]
xBlockAllocatedBit      0x2000a1fc     0x4  Data  Lc  heap_4.o [1]
xDelayedTaskList1       0x2000a084    0x14  Data  Lc  tasks.o [1]
xDelayedTaskList2       0x2000a098    0x14  Data  Lc  tasks.o [1]
xFreeBytesRemaining     0x2000a1f4     0x4  Data  Lc  heap_4.o [1]
xHeapStructSize         0x000151e4     0x4  Data  Lc  heap_4.o [1]
xIdleTaskHandle         0x2000a274     0x4  Data  Lc  tasks.o [1]
xMinimumEverFreeBytesRemaining
                        0x2000a1f8     0x4  Data  Lc  heap_4.o [1]
xMutex                  0x2000a238     0x4  Data  Lc  spi_flash_freertos.o [1]
xNextTaskUnblockTime    0x2000a270     0x4  Data  Lc  tasks.o [1]
xNumOfOverflows         0x2000a268     0x4  Data  Lc  tasks.o [1]
xPendingReadyList       0x2000a0ac    0x14  Data  Lc  tasks.o [1]
xPortStartScheduler     0x00005d3b    0xcc  Code  Gb  port.o [1]
xQueueCreateCountingSemaphore
                        0x00002fad    0x44  Code  Gb  queue.o [1]
xQueueCreateMutex       0x00002f8d    0x20  Code  Gb  queue.o [1]
xQueueGenericCreate     0x00002edd    0x58  Code  Gb  queue.o [1]
xQueueGenericReceive    0x00003369   0x1dc  Code  Gb  queue.o [1]
xQueueGenericReset      0x00002e49    0x94  Code  Gb  queue.o [1]
xQueueGenericSend       0x00002ff1   0x1b2  Code  Gb  queue.o [1]
xQueueGenericSendFromISR
                        0x000031a3    0xee  Code  Gb  queue.o [1]
xQueueGiveFromISR       0x00003291    0xd8  Code  Gb  queue.o [1]
xQueueReceiveFromISR    0x00003545    0xc4  Code  Gb  queue.o [1]
xQueueRegistry          0x20009e40    0x50  Data  Gb  queue.o [1]
xSchedulerRunning       0x2000a25c     0x4  Data  Lc  tasks.o [1]
xStart                  0x2000a188     0x8  Data  Lc  heap_4.o [1]
xSuspendedTaskList      0x2000a0d4    0x14  Data  Lc  tasks.o [1]
xTaskCheckForTimeOut    0x00004559    0x8a  Code  Gb  tasks.o [1]
xTaskCreate             0x00003d71    0x84  Code  Gb  tasks.o [1]
xTaskGetSchedulerState  0x00004723    0x26  Code  Gb  tasks.o [1]
xTaskGetTickCount       0x00004235     0xa  Code  Gb  tasks.o [1]
xTaskGetTickCountFromISR
                        0x0000423f    0x16  Code  Gb  tasks.o [1]
xTaskIncrementTick      0x00004255   0x124  Code  Gb  tasks.o [1]
xTaskPriorityDisinherit
                        0x000047f5    0xb8  Code  Gb  tasks.o [1]
xTaskRemoveFromEventList
                        0x00004499    0x8c  Code  Gb  tasks.o [1]
xTaskResumeAll          0x00004139    0xfc  Code  Gb  tasks.o [1]
xTasksWaitingTermination
                        0x2000a0c0    0x14  Data  Lc  tasks.o [1]
xTickCount              0x2000a254     0x4  Data  Lc  tasks.o [1]
xTimerCreate            0x000038eb    0x3a  Code  Gb  timers.o [1]
xTimerCreateTimerTask   0x000038a5    0x46  Code  Gb  timers.o [1]
xTimerGenericCommand    0x00003977    0x84  Code  Gb  timers.o [1]
xTimerQueue             0x2000a28c     0x4  Data  Lc  timers.o [1]
xTimerTaskHandle        0x2000a290     0x4  Data  Lc  timers.o [1]
xYieldPending           0x2000a264     0x4  Data  Lc  tasks.o [1]


[1] = D:\workspace\TBOX-hengyi\firmware\codeV2.0\iar\Release\Obj
[2] = command line
[3] = dl7M_tlf.a
[4] = m7M_tls.a
[5] = rt7M_tl.a
[6] = shb_l.a

  77 863 bytes of readonly  code memory
   9 138 bytes of readonly  data memory
  47 818 bytes of readwrite data memory

Errors: none
Warnings: none
